******************************************************************************
                  TI ARM Linker PC v20.2.5                     
******************************************************************************
>> Linked Fri Nov  5 14:19:16 2021

OUTPUT FILE NAME:   <blinky_MSP_EXP432E401Y_nortos_ccs.out>
ENTRY POINT SYMBOL: "_c_int00_noargs"  address: 00002b15


MEMORY CONFIGURATION

         name            origin    length      used     unused   attr    fill
----------------------  --------  ---------  --------  --------  ----  --------
  FLASH                 00000000   00100000  00002e2a  000fd1d6  R  X
  SRAM                  20000000   00040000  00001ac0  0003e540  RW X


SEGMENT ALLOCATION MAP

run origin  load origin   length   init length attrs members
----------  ----------- ---------- ----------- ----- -------
00000000    00000000    00002e30   00002e30    r-x
  00000000    00000000    00000208   00000208    r-- .intvecs
  00000208    00000208    00001840   00001840    r-- .const
  00001a48    00001a48    00001232   00001232    r-x .text
  00002c80    00002c80    000001b0   000001b0    r-- .cinit
20000000    20000000    00001ac0   00000000    rw-
  20000000    20000000    0000143c   00000000    rw- .data
  2000143c    2000143c    00000484   00000000    rw- .bss
  200018c0    200018c0    00000200   00000000    rw- .stack


SECTION ALLOCATION MAP

 output                                  attributes/
section   page    origin      length       input sections
--------  ----  ----------  ----------   ----------------
.intvecs   0    00000000    00000208     
                  00000000    00000208     startup_msp432e401y_ccs.obj (.intvecs:retain)

.const     0    00000208    00001840     
                  00000208    00000d5c     oled.obj (.const:asc2_2412)
                  00000f64    000005f0     oled.obj (.const:asc2_1608)
                  00001554    00000474     oled.obj (.const:asc2_1206)
                  000019c8    00000080     blinky.obj (.const:.string:DISPLAY)

.text      0    00001a48    00001232     
                  00001a48    0000023a     msp432e4_driverlib.a : gpio.o (.text:GPIOPadConfigSet)
                  00001c82    00000002     startup_msp432e401y_ccs.obj (.text:Default_Handler)
                  00001c84    000001ac     oled.obj (.text:OLED_ShowChinese)
                  00001e30    000001a6     oled.obj (.text:OLED_Showdecimal)
                  00001fd6    00000002     --HOLE-- [fill = 0]
                  00001fd8    00000164     oled.obj (.text:OLED_ShowChar)
                  0000213c    00000150     oled.obj (.text:Amplitude_Display)
                  0000228c    00000134     oled.obj (.text:OLED_Init)
                  000023c0    0000009c     oled.obj (.text:OLED_ClearPoint)
                  0000245c    0000009c     rtsv7M4_T_le_v4SPD16_eabi.lib : memcpy_t2.asm.obj (.text)
                  000024f8    00000080     oled.obj (.text:Thd_Display)
                  00002578    0000007c     oled.obj (.text:OLED_Refresh)
                  000025f4    0000007a     rtsv7M4_T_le_v4SPD16_eabi.lib : memset_t2.asm.obj (.text)
                  0000266e    00000002     --HOLE-- [fill = 0]
                  00002670    00000078     oled.obj (.text:Send_Byte)
                  000026e8    00000072     oled.obj (.text:OLED_ShowString)
                  0000275a    00000002     --HOLE-- [fill = 0]
                  0000275c    00000068     oled.obj (.text:Wave_Display)
                  000027c4    00000068     rtsv7M4_T_le_v4SPD16_eabi.lib : copy_decompress_lzss.c.obj (.text:decompress:lzss:__TI_decompress_lzss)
                  0000282c    00000060     oled.obj (.text:OLED_Clear)
                  0000288c    0000005c     msp432e4_driverlib.a : gpio.o (.text:GPIODirModeSet)
                  000028e8    0000005c     oled.obj (.text:OLED_DrawPoint)
                  00002944    00000058     blinky.obj (.text:main)
                  0000299c    00000044     msp432e4_driverlib.a : sysctl.o (.text:SysCtlPeripheralReady)
                  000029e0    00000044     rtsv7M4_T_le_v4SPD16_eabi.lib : autoinit.c.obj (.text:__TI_auto_init_nobinit_nopinit:__TI_auto_init_nobinit_nopinit)
                  00002a24    00000042     oled.obj (.text:OLED_WR_Byte)
                  00002a66    00000002     --HOLE-- [fill = 0]
                  00002a68    00000040     msp432e4_driverlib.a : sysctl.o (.text:SysCtlPeripheralEnable)
                  00002aa8    00000036     oled.obj (.text:OLED_DisplayTurn)
                  00002ade    00000002     --HOLE-- [fill = 0]
                  00002ae0    00000034     oled.obj (.text:I2C_Start)
                  00002b14    00000034     rtsv7M4_T_le_v4SPD16_eabi.lib : boot_cortex_m.c.obj (.text:_c_int00_noargs:_c_int00_noargs)
                  00002b48    00000030     oled.obj (.text:OLED_Pow)
                  00002b78    0000002c     oled.obj (.text:I2C_Stop)
                  00002ba4    00000026     oled.obj (.text:OLED_ColorTurn)
                  00002bca    00000024     msp432e4_driverlib.a : gpio.o (.text:GPIOPinTypeGPIOOutput)
                  00002bee    00000020                          : gpio.o (.text:GPIOPinWrite)
                  00002c0e    00000002     --HOLE-- [fill = 0]
                  00002c10    00000020     system_msp432e401y.obj (.text:SystemInit)
                  00002c30    0000001c     oled.obj (.text:I2C_WaitAck)
                  00002c4c    0000000e     rtsv7M4_T_le_v4SPD16_eabi.lib : copy_decompress_none.c.obj (.text:decompress:none:__TI_decompress_none)
                  00002c5a    0000000c     startup_msp432e401y_ccs.obj (.text:Reset_Handler)
                  00002c66    0000000c     rtsv7M4_T_le_v4SPD16_eabi.lib : copy_zero_init.c.obj (.text:decompress:ZI:__TI_zero_init)
                  00002c72    00000004                                   : pre_init.c.obj (.text:_system_pre_init)
                  00002c76    00000004                                   : exit.c.obj (.text:abort:abort)

.cinit     0    00002c80    000001b0     
                  00002c80    0000018b     (.cinit..data.load) [load image, compression = lzss]
                  00002e0b    00000001     --HOLE-- [fill = 0]
                  00002e0c    0000000c     (__TI_handler_table)
                  00002e18    00000008     (.cinit..bss.load) [load image, compression = zero_init]
                  00002e20    00000010     (__TI_cinit_table)

.init_array 
*          0    00000000    00000000     UNINITIALIZED

.data      0    20000000    0000143c     UNINITIALIZED
                  20000000    00001000     oled.obj (.data:Hzk4)
                  20001000    00000200     oled.obj (.data:Hzk3)
                  20001200    00000160     oled.obj (.data:Hzk1)
                  20001360    000000d8     oled.obj (.data:Hzk2)
                  20001438    00000004     system_msp432e401y.obj (.data)

.bss       0    2000143c    00000484     UNINITIALIZED
                  2000143c    00000480     (.common:OLED_GRAM)
                  200018bc    00000004     (.common:i)

.stack     0    200018c0    00000200     UNINITIALIZED
                  200018c0    00000004     rtsv7M4_T_le_v4SPD16_eabi.lib : boot_cortex_m.c.obj (.stack)
                  200018c4    000001fc     --HOLE--

__llvm_prf_cnts 
*          0    20000000    00000000     UNINITIALIZED

MODULE SUMMARY

       Module                        code   ro data   rw data
       ------                        ----   -------   -------
    .\
       oled.obj                      3114   6080      6332   
       blinky.obj                    88     128       0      
       system_msp432e401y.obj        32     0         4      
    +--+-----------------------------+------+---------+---------+
       Total:                        3234   6208      6336   
                                                             
    .\ccs\
       startup_msp432e401y_ccs.obj   14     520       0      
    +--+-----------------------------+------+---------+---------+
       Total:                        14     520       0      
                                                             
    F:/simplelink_msp432e4_sdk_4_20_00_12/source/ti/devices/msp432e4/driverlib/lib/ccs/m4f/msp432e4_driverlib.a
       gpio.o                        730    0         0      
       sysctl.o                      132    0         0      
    +--+-----------------------------+------+---------+---------+
       Total:                        862    0         0      
                                                             
    F:\ccs\tools\compiler\ti-cgt-arm_20.2.5.LTS\lib\rtsv7M4_T_le_v4SPD16_eabi.lib
       memcpy_t2.asm.obj             156    0         0      
       memset_t2.asm.obj             122    0         0      
       copy_decompress_lzss.c.obj    104    0         0      
       autoinit.c.obj                68     0         0      
       boot_cortex_m.c.obj           52     0         0      
       copy_decompress_none.c.obj    14     0         0      
       copy_zero_init.c.obj          12     0         0      
       exit.c.obj                    4      0         0      
       pre_init.c.obj                4      0         0      
    +--+-----------------------------+------+---------+---------+
       Total:                        536    0         0      
                                                             
       Stack:                        0      0         512    
       Linker Generated:             0      431       0      
    +--+-----------------------------+------+---------+---------+
       Grand Total:                  4646   7159      6848   


LINKER GENERATED COPY TABLES

__TI_cinit_table @ 00002e20 records: 2, size/record: 8, table size: 16
	.data: load addr=00002c80, load size=0000018b bytes, run addr=20000000, run size=0000143c bytes, compression=lzss
	.bss: load addr=00002e18, load size=00000008 bytes, run addr=2000143c, run size=00000484 bytes, compression=zero_init


LINKER GENERATED HANDLER TABLE

__TI_handler_table @ 00002e0c records: 3, size/record: 4, table size: 12
	index: 0, handler: __TI_decompress_lzss
	index: 1, handler: __TI_decompress_none
	index: 2, handler: __TI_zero_init


GLOBAL SYMBOLS: SORTED ALPHABETICALLY BY Name 

address   name                          
-------   ----                          
00001c83  ADC0SS0_IRQHandler            
00001c83  ADC0SS1_IRQHandler            
00001c83  ADC0SS2_IRQHandler            
00001c83  ADC0SS3_IRQHandler            
00001c83  ADC1SS0_IRQHandler            
00001c83  ADC1SS1_IRQHandler            
00001c83  ADC1SS2_IRQHandler            
00001c83  ADC1SS3_IRQHandler            
00001c83  AES0_IRQHandler               
0000213d  Amplitude_Display             
00001c83  BusFault_Handler              
00002c77  C$$EXIT                       
00001c83  CAN0_IRQHandler               
00001c83  CAN1_IRQHandler               
00001c83  COMP0_IRQHandler              
00001c83  COMP1_IRQHandler              
00001c83  COMP2_IRQHandler              
00001c83  DES0_IRQHandler               
000019c8  DISPLAY                       
00001c83  DebugMon_Handler              
00001c83  Default_Handler               
00001c83  EMAC0_IRQHandler              
00001c83  EPI0_IRQHandler               
00001c83  FLASH_IRQHandler              
00001c83  GPIOA_IRQHandler              
00001c83  GPIOB_IRQHandler              
00001c83  GPIOC_IRQHandler              
00001c83  GPIOD_IRQHandler              
0000288d  GPIODirModeSet                
00001c83  GPIOE_IRQHandler              
00001c83  GPIOF_IRQHandler              
00001c83  GPIOG_IRQHandler              
00001c83  GPIOH_IRQHandler              
00001c83  GPIOJ_IRQHandler              
00001c83  GPIOK_IRQHandler              
00001c83  GPIOL_IRQHandler              
00001c83  GPIOM_IRQHandler              
00001c83  GPION_IRQHandler              
00001c83  GPIOP0_IRQHandler             
00001c83  GPIOP1_IRQHandler             
00001c83  GPIOP2_IRQHandler             
00001c83  GPIOP3_IRQHandler             
00001c83  GPIOP4_IRQHandler             
00001c83  GPIOP5_IRQHandler             
00001c83  GPIOP6_IRQHandler             
00001c83  GPIOP7_IRQHandler             
00001a49  GPIOPadConfigSet              
00002bcb  GPIOPinTypeGPIOOutput         
00002bef  GPIOPinWrite                  
00001c83  GPIOQ0_IRQHandler             
00001c83  GPIOQ1_IRQHandler             
00001c83  GPIOQ2_IRQHandler             
00001c83  GPIOQ3_IRQHandler             
00001c83  GPIOQ4_IRQHandler             
00001c83  GPIOQ5_IRQHandler             
00001c83  GPIOQ6_IRQHandler             
00001c83  GPIOQ7_IRQHandler             
00001c83  HIBERNATE_IRQHandler          
00001c83  HardFault_Handler             
20001200  Hzk1                          
20001360  Hzk2                          
20001000  Hzk3                          
20000000  Hzk4                          
00001c83  I2C0_IRQHandler               
00001c83  I2C1_IRQHandler               
00001c83  I2C2_IRQHandler               
00001c83  I2C3_IRQHandler               
00001c83  I2C4_IRQHandler               
00001c83  I2C5_IRQHandler               
00001c83  I2C6_IRQHandler               
00001c83  I2C7_IRQHandler               
00001c83  I2C8_IRQHandler               
00001c83  I2C9_IRQHandler               
00002ae1  I2C_Start                     
00002b79  I2C_Stop                      
00002c31  I2C_WaitAck                   
00001c83  MemManage_Handler             
00001c83  NMI_Handler                   
0000282d  OLED_Clear                    
000023c1  OLED_ClearPoint               
00002ba5  OLED_ColorTurn                
00002aa9  OLED_DisplayTurn              
000028e9  OLED_DrawPoint                
2000143c  OLED_GRAM                     
0000228d  OLED_Init                     
00002b49  OLED_Pow                      
00002579  OLED_Refresh                  
00001fd9  OLED_ShowChar                 
00001c85  OLED_ShowChinese              
000026e9  OLED_ShowString               
00001e31  OLED_Showdecimal              
00002a25  OLED_WR_Byte                  
00001c83  PWM0_0_IRQHandler             
00001c83  PWM0_1_IRQHandler             
00001c83  PWM0_2_IRQHandler             
00001c83  PWM0_3_IRQHandler             
00001c83  PWM0_FAULT_IRQHandler         
00001c83  PendSV_Handler                
00001c83  QEI0_IRQHandler               
00002c5b  Reset_Handler                 
00001c83  SHA0_IRQHandler               
00001c83  SSI0_IRQHandler               
00001c83  SSI1_IRQHandler               
00001c83  SSI2_IRQHandler               
00001c83  SSI3_IRQHandler               
00001c83  SVC_Handler                   
00001c83  SYSCTL_IRQHandler             
00001c83  SYSEXC_IRQHandler             
00002671  Send_Byte                     
00002a69  SysCtlPeripheralEnable        
0000299d  SysCtlPeripheralReady         
00001c83  SysTick_Handler               
20001438  SystemCoreClock               
00002c11  SystemInit                    
00001c83  TAMPER0_IRQHandler            
00001c83  TIMER0A_IRQHandler            
00001c83  TIMER0B_IRQHandler            
00001c83  TIMER1A_IRQHandler            
00001c83  TIMER1B_IRQHandler            
00001c83  TIMER2A_IRQHandler            
00001c83  TIMER2B_IRQHandler            
00001c83  TIMER3A_IRQHandler            
00001c83  TIMER3B_IRQHandler            
00001c83  TIMER4A_IRQHandler            
00001c83  TIMER4B_IRQHandler            
00001c83  TIMER5A_IRQHandler            
00001c83  TIMER5B_IRQHandler            
00001c83  TIMER6A_IRQHandler            
00001c83  TIMER6B_IRQHandler            
00001c83  TIMER7A_IRQHandler            
00001c83  TIMER7B_IRQHandler            
000024f9  Thd_Display                   
00001c83  UART0_IRQHandler              
00001c83  UART1_IRQHandler              
00001c83  UART2_IRQHandler              
00001c83  UART3_IRQHandler              
00001c83  UART4_IRQHandler              
00001c83  UART5_IRQHandler              
00001c83  UART6_IRQHandler              
00001c83  UART7_IRQHandler              
00001c83  UDMAERR_IRQHandler            
00001c83  UDMA_IRQHandler               
00001c83  USB0_IRQHandler               
00001c83  UsageFault_Handler            
00001c83  WATCHDOG_IRQHandler           
0000275d  Wave_Display                  
20001ac0  __STACK_END                   
00000200  __STACK_SIZE                  
20001ac0  __STACK_TOP                   
00002e20  __TI_CINIT_Base               
00002e30  __TI_CINIT_Limit              
00002e0c  __TI_Handler_Table_Base       
00002e18  __TI_Handler_Table_Limit      
000029e1  __TI_auto_init_nobinit_nopinit
000027c5  __TI_decompress_lzss          
00002c4d  __TI_decompress_none          
ffffffff  __TI_pprof_out_hndl           
ffffffff  __TI_prof_data_size           
ffffffff  __TI_prof_data_start          
00000000  __TI_static_base__            
00002c67  __TI_zero_init                
000025f5  __aeabi_memclr                
000025f5  __aeabi_memclr4               
000025f5  __aeabi_memclr8               
0000245d  __aeabi_memcpy                
0000245d  __aeabi_memcpy4               
0000245d  __aeabi_memcpy8               
000025f7  __aeabi_memset                
000025f7  __aeabi_memset4               
000025f7  __aeabi_memset8               
ffffffff  __binit__                     
ffffffff  __c_args__                    
UNDEFED   __mpu_init                    
200018c0  __stack                       
20000000  __start___llvm_prf_cnts       
20000000  __stop___llvm_prf_cnts        
00002b15  _c_int00_noargs               
UNDEFED   _system_post_cinit            
00002c73  _system_pre_init              
00002c77  abort                         
00001554  asc2_1206                     
00000f64  asc2_1608                     
00000208  asc2_2412                     
ffffffff  binit                         
200018bc  i                             
00000000  interruptVectors              
00002945  main                          
0000245d  memcpy                        
000025fd  memset                        


GLOBAL SYMBOLS: SORTED BY Symbol Address 

address   name                          
-------   ----                          
00000000  __TI_static_base__            
00000000  interruptVectors              
00000200  __STACK_SIZE                  
00000208  asc2_2412                     
00000f64  asc2_1608                     
00001554  asc2_1206                     
000019c8  DISPLAY                       
00001a49  GPIOPadConfigSet              
00001c83  ADC0SS0_IRQHandler            
00001c83  ADC0SS1_IRQHandler            
00001c83  ADC0SS2_IRQHandler            
00001c83  ADC0SS3_IRQHandler            
00001c83  ADC1SS0_IRQHandler            
00001c83  ADC1SS1_IRQHandler            
00001c83  ADC1SS2_IRQHandler            
00001c83  ADC1SS3_IRQHandler            
00001c83  AES0_IRQHandler               
00001c83  BusFault_Handler              
00001c83  CAN0_IRQHandler               
00001c83  CAN1_IRQHandler               
00001c83  COMP0_IRQHandler              
00001c83  COMP1_IRQHandler              
00001c83  COMP2_IRQHandler              
00001c83  DES0_IRQHandler               
00001c83  DebugMon_Handler              
00001c83  Default_Handler               
00001c83  EMAC0_IRQHandler              
00001c83  EPI0_IRQHandler               
00001c83  FLASH_IRQHandler              
00001c83  GPIOA_IRQHandler              
00001c83  GPIOB_IRQHandler              
00001c83  GPIOC_IRQHandler              
00001c83  GPIOD_IRQHandler              
00001c83  GPIOE_IRQHandler              
00001c83  GPIOF_IRQHandler              
00001c83  GPIOG_IRQHandler              
00001c83  GPIOH_IRQHandler              
00001c83  GPIOJ_IRQHandler              
00001c83  GPIOK_IRQHandler              
00001c83  GPIOL_IRQHandler              
00001c83  GPIOM_IRQHandler              
00001c83  GPION_IRQHandler              
00001c83  GPIOP0_IRQHandler             
00001c83  GPIOP1_IRQHandler             
00001c83  GPIOP2_IRQHandler             
00001c83  GPIOP3_IRQHandler             
00001c83  GPIOP4_IRQHandler             
00001c83  GPIOP5_IRQHandler             
00001c83  GPIOP6_IRQHandler             
00001c83  GPIOP7_IRQHandler             
00001c83  GPIOQ0_IRQHandler             
00001c83  GPIOQ1_IRQHandler             
00001c83  GPIOQ2_IRQHandler             
00001c83  GPIOQ3_IRQHandler             
00001c83  GPIOQ4_IRQHandler             
00001c83  GPIOQ5_IRQHandler             
00001c83  GPIOQ6_IRQHandler             
00001c83  GPIOQ7_IRQHandler             
00001c83  HIBERNATE_IRQHandler          
00001c83  HardFault_Handler             
00001c83  I2C0_IRQHandler               
00001c83  I2C1_IRQHandler               
00001c83  I2C2_IRQHandler               
00001c83  I2C3_IRQHandler               
00001c83  I2C4_IRQHandler               
00001c83  I2C5_IRQHandler               
00001c83  I2C6_IRQHandler               
00001c83  I2C7_IRQHandler               
00001c83  I2C8_IRQHandler               
00001c83  I2C9_IRQHandler               
00001c83  MemManage_Handler             
00001c83  NMI_Handler                   
00001c83  PWM0_0_IRQHandler             
00001c83  PWM0_1_IRQHandler             
00001c83  PWM0_2_IRQHandler             
00001c83  PWM0_3_IRQHandler             
00001c83  PWM0_FAULT_IRQHandler         
00001c83  PendSV_Handler                
00001c83  QEI0_IRQHandler               
00001c83  SHA0_IRQHandler               
00001c83  SSI0_IRQHandler               
00001c83  SSI1_IRQHandler               
00001c83  SSI2_IRQHandler               
00001c83  SSI3_IRQHandler               
00001c83  SVC_Handler                   
00001c83  SYSCTL_IRQHandler             
00001c83  SYSEXC_IRQHandler             
00001c83  SysTick_Handler               
00001c83  TAMPER0_IRQHandler            
00001c83  TIMER0A_IRQHandler            
00001c83  TIMER0B_IRQHandler            
00001c83  TIMER1A_IRQHandler            
00001c83  TIMER1B_IRQHandler            
00001c83  TIMER2A_IRQHandler            
00001c83  TIMER2B_IRQHandler            
00001c83  TIMER3A_IRQHandler            
00001c83  TIMER3B_IRQHandler            
00001c83  TIMER4A_IRQHandler            
00001c83  TIMER4B_IRQHandler            
00001c83  TIMER5A_IRQHandler            
00001c83  TIMER5B_IRQHandler            
00001c83  TIMER6A_IRQHandler            
00001c83  TIMER6B_IRQHandler            
00001c83  TIMER7A_IRQHandler            
00001c83  TIMER7B_IRQHandler            
00001c83  UART0_IRQHandler              
00001c83  UART1_IRQHandler              
00001c83  UART2_IRQHandler              
00001c83  UART3_IRQHandler              
00001c83  UART4_IRQHandler              
00001c83  UART5_IRQHandler              
00001c83  UART6_IRQHandler              
00001c83  UART7_IRQHandler              
00001c83  UDMAERR_IRQHandler            
00001c83  UDMA_IRQHandler               
00001c83  USB0_IRQHandler               
00001c83  UsageFault_Handler            
00001c83  WATCHDOG_IRQHandler           
00001c85  OLED_ShowChinese              
00001e31  OLED_Showdecimal              
00001fd9  OLED_ShowChar                 
0000213d  Amplitude_Display             
0000228d  OLED_Init                     
000023c1  OLED_ClearPoint               
0000245d  __aeabi_memcpy                
0000245d  __aeabi_memcpy4               
0000245d  __aeabi_memcpy8               
0000245d  memcpy                        
000024f9  Thd_Display                   
00002579  OLED_Refresh                  
000025f5  __aeabi_memclr                
000025f5  __aeabi_memclr4               
000025f5  __aeabi_memclr8               
000025f7  __aeabi_memset                
000025f7  __aeabi_memset4               
000025f7  __aeabi_memset8               
000025fd  memset                        
00002671  Send_Byte                     
000026e9  OLED_ShowString               
0000275d  Wave_Display                  
000027c5  __TI_decompress_lzss          
0000282d  OLED_Clear                    
0000288d  GPIODirModeSet                
000028e9  OLED_DrawPoint                
00002945  main                          
0000299d  SysCtlPeripheralReady         
000029e1  __TI_auto_init_nobinit_nopinit
00002a25  OLED_WR_Byte                  
00002a69  SysCtlPeripheralEnable        
00002aa9  OLED_DisplayTurn              
00002ae1  I2C_Start                     
00002b15  _c_int00_noargs               
00002b49  OLED_Pow                      
00002b79  I2C_Stop                      
00002ba5  OLED_ColorTurn                
00002bcb  GPIOPinTypeGPIOOutput         
00002bef  GPIOPinWrite                  
00002c11  SystemInit                    
00002c31  I2C_WaitAck                   
00002c4d  __TI_decompress_none          
00002c5b  Reset_Handler                 
00002c67  __TI_zero_init                
00002c73  _system_pre_init              
00002c77  C$$EXIT                       
00002c77  abort                         
00002e0c  __TI_Handler_Table_Base       
00002e18  __TI_Handler_Table_Limit      
00002e20  __TI_CINIT_Base               
00002e30  __TI_CINIT_Limit              
20000000  Hzk4                          
20000000  __start___llvm_prf_cnts       
20000000  __stop___llvm_prf_cnts        
20001000  Hzk3                          
20001200  Hzk1                          
20001360  Hzk2                          
20001438  SystemCoreClock               
2000143c  OLED_GRAM                     
200018bc  i                             
200018c0  __stack                       
20001ac0  __STACK_END                   
20001ac0  __STACK_TOP                   
ffffffff  __TI_pprof_out_hndl           
ffffffff  __TI_prof_data_size           
ffffffff  __TI_prof_data_start          
ffffffff  __binit__                     
ffffffff  __c_args__                    
ffffffff  binit                         
UNDEFED   __mpu_init                    
UNDEFED   _system_post_cinit            

[189 symbols]
