******************************************************************************
                  TI ARM Linker PC v20.2.5                     
******************************************************************************
>> Linked Sat Nov 13 03:07:41 2021

OUTPUT FILE NAME:   <ADCxDMAxDSP_L.out>
ENTRY POINT SYMBOL: "_c_int00_noargs"  address: 00011ded


MEMORY CONFIGURATION

         name            origin    length      used     unused   attr    fill
----------------------  --------  ---------  --------  --------  ----  --------
  FLASH                 00000000   00100000  000120e4  000edf1c  R  X
  SRAM                  20000000   00040000  00007e70  00038190  RW X


SEGMENT ALLOCATION MAP

run origin  load origin   length   init length attrs members
----------  ----------- ---------- ----------- ----- -------
00000000    00000000    000120e8   000120e8    r-x
  00000000    00000000    00000208   00000208    r-- .intvecs
  00000208    00000208    0000a4ac   0000a4ac    r-- .const
  0000a6b4    0000a6b4    000079f0   000079f0    r-x .text
  000120a8    000120a8    00000040   00000040    r-- .cinit
20000000    20000000    00007e70   00000000    rw-
  20000000    20000000    00007c20   00000000    rw- .bss
  20007c20    20007c20    00000200   00000000    rw- .stack
  20007e20    20007e20    00000050   00000000    rw- .data


SECTION ALLOCATION MAP

 output                                  attributes/
section   page    origin      length       input sections
--------  ----  ----------  ----------   ----------------
.intvecs   0    00000000    00000208     
                  00000000    00000208     startup_msp432e401y_ccs.obj (.intvecs:retain)

.const     0    00000208    0000a4ac     
                  00000208    00008000     arm_cortexM4lf_math.a : arm_common_tables.o (.const:twiddleCoef_4096)
                  00008208    00000d5c     oled.obj (.const:asc2_2412)
                  00008f64    00000800     arm_cortexM4lf_math.a : arm_common_tables.o (.const:armBitRevTable)
                  00009764    000005f0     oled.obj (.const:asc2_1608)
                  00009d54    00000474     oled.obj (.const:asc2_1206)
                  0000a1c8    000001b0     msp432e4_driverlib.a : sysctl.o (.const:g_pppui32XTALtoVCO)
                  0000a378    00000158     rtsv7M4_T_le_v4SPD16_eabi.lib : k_rem_pio2.c.obj (.const:$O1$$)
                  0000a4d0    00000101                                   : ctype.c.obj (.const:.string:_ctypes_)
                  0000a5d1    00000003     --HOLE-- [fill = 0]
                  0000a5d4    00000004     uartstdio.obj (.const)
                  0000a5d8    00000030     rtsv7M4_T_le_v4SPD16_eabi.lib : e_pow.c.obj (.const:$O1$$)
                  0000a608    00000030     msp432e4_driverlib.a : sysctl.o (.const:g_sXTALtoMEMTIM)
                  0000a638    00000028                          : sysctl.o (.const:g_pui32Xtals)
                  0000a660    00000020     cmsis_msp432e4_dsp_example.obj (.const:$P$T1$1)
                  0000a680    00000012     uartstdio.obj (.const:.string)
                  0000a692    00000002     --HOLE-- [fill = 0]
                  0000a694    0000000c     uartstdio.obj (.const:g_ui32UARTBase)
                  0000a6a0    0000000c     uartstdio.obj (.const:g_ui32UARTPeriph)
                  0000a6ac    00000008     msp432e4_driverlib.a : sysctl.o (.const:g_pui32VCOFrequencies)

.text      0    0000a6b4    000079f0     
                  0000a6b4    00000f38     cmsis_msp432e4_dsp_example.obj (.text:main)
                  0000b5ec    00000a4e     rtsv7M4_T_le_v4SPD16_eabi.lib : _printfi.c.obj (.text:__TI_printfi)
                  0000c03a    00000002     startup_msp432e401y_ccs.obj (.text:Default_Handler)
                  0000c03c    000009d0     rtsv7M4_T_le_v4SPD16_eabi.lib : e_pow.c.obj (.text:pow)
                  0000ca0c    00000738                                   : k_rem_pio2.c.obj (.text:__kernel_rem_pio2)
                  0000d144    00000638     arm_cortexM4lf_math.a : arm_cfft_radix4_f32.o (.text:arm_radix4_butterfly_inverse_f32)
                  0000d77c    000005e0     rtsv7M4_T_le_v4SPD16_eabi.lib : s_sin.c.obj (.text:sin)
                  0000dd5c    000005dc                                   : s_cos.c.obj (.text:cos)
                  0000e338    00000394     arm_cortexM4lf_math.a : arm_cfft_radix4_f32.o (.text:arm_radix4_butterfly_f32)
                  0000e6cc    0000030c     uartstdio.obj (.text:UARTvprintf)
                  0000e9d8    000002e0     msp432e4_driverlib.a : sysctl.o (.text:SysCtlClockFreqSet)
                  0000ecb8    00000270     rtsv7M4_T_le_v4SPD16_eabi.lib : _printfi.c.obj (.text:_pconv_a)
                  0000ef28    0000023a     msp432e4_driverlib.a : gpio.o (.text:GPIOPadConfigSet)
                  0000f162    000001fa     arm_cortexM4lf_math.a : arm_bitreversal.o (.text:arm_bitreversal_f32)
                  0000f35c    000001d0     rtsv7M4_T_le_v4SPD16_eabi.lib : _printfi.c.obj (.text:_pconv_g)
                  0000f52c    000001b6                                   : fd_add_t2.asm.obj (.text)
                  0000f6e2    000001a6     oled.obj (.text:OLED_Showdecimal)
                  0000f888    00000180     cmsis_msp432e4_dsp_example.obj (.text:UART_LY)
                  0000fa08    00000174     rtsv7M4_T_le_v4SPD16_eabi.lib : k_sin.c.obj (.text:__kernel_sin)
                  0000fb7c    00000170                                   : k_cos.c.obj (.text:__kernel_cos)
                  0000fcec    00000164     oled.obj (.text:OLED_ShowChar)
                  0000fe50    00000158     rtsv7M4_T_le_v4SPD16_eabi.lib : e_sqrt.c.obj (.text:sqrt)
                  0000ffa8    0000013c                                   : _printfi.c.obj (.text:_pconv_e)
                  000100e4    00000136                                   : fd_div_t2.asm.obj (.text)
                  0001021a    00000002                                   : div0.asm.obj (.text)
                  0001021c    00000134     oled.obj (.text:OLED_Init)
                  00010350    00000124     rtsv7M4_T_le_v4SPD16_eabi.lib : _printfi.c.obj (.text:fcvt)
                  00010474    0000011c     arm_cortexM4lf_math.a : arm_cfft_radix4_init_f32.o (.text:arm_cfft_radix4_init_f32)
                  00010590    00000110     rtsv7M4_T_le_v4SPD16_eabi.lib : s_scalbn.c.obj (.text:scalbn)
                  000106a0    000000fc                                   : fd_mul_t2.asm.obj (.text)
                  0001079c    000000f8                                   : s_floor.c.obj (.text:floor)
                  00010894    000000f4     cmsis_msp432e4_dsp_example.obj (.text:ADC0SS2_IRQHandler)
                  00010988    000000ee     msp432e4_driverlib.a : adc.o (.text:ADCSequenceStepConfigure)
                  00010a76    00000002     --HOLE-- [fill = 0]
                  00010a78    000000ca     oled.obj (.text:Amplitude_Display)
                  00010b42    00000002     --HOLE-- [fill = 0]
                  00010b44    000000b8     cmsis_msp432e4_dsp_example.obj (.text:f_char_printf)
                  00010bfc    000000b1     rtsv7M4_T_le_v4SPD16_eabi.lib : _printfi.c.obj (.text:_ltostr)
                  00010cad    00000003     --HOLE-- [fill = 0]
                  00010cb0    0000009c     oled.obj (.text:OLED_ClearPoint)
                  00010d4c    0000009c     cmsis_msp432e4_dsp_example.obj (.text:haning_num)
                  00010de8    0000009c     rtsv7M4_T_le_v4SPD16_eabi.lib : memcpy_t2.asm.obj (.text)
                  00010e84    00000096                                   : ull_div_t2.asm.obj (.text)
                  00010f1a    00000002     --HOLE-- [fill = 0]
                  00010f1c    00000090     msp432e4_driverlib.a : sysctl.o (.text:_SysCtlFrequencyGet)
                  00010fac    00000086     rtsv7M4_T_le_v4SPD16_eabi.lib : fd_cmp_t2.asm.obj (.text:__aeabi_cdcmple)
                  00011032    00000086                                   : fd_cmp_t2.asm.obj (.text:__aeabi_cdrcmple)
                  000110b8    0000007c     oled.obj (.text:OLED_Refresh)
                  00011134    0000007c     oled.obj (.text:Wave_Display)
                  000111b0    0000007a     rtsv7M4_T_le_v4SPD16_eabi.lib : memset_t2.asm.obj (.text)
                  0001122a    00000002     --HOLE-- [fill = 0]
                  0001122c    00000078     oled.obj (.text:Send_Byte)
                  000112a4    00000074     uartstdio.obj (.text:UARTStdioConfig)
                  00011318    00000074     cmsis_msp432e4_dsp_example.obj (.text:uart_output)
                  0001138c    00000072     oled.obj (.text:OLED_ShowString)
                  000113fe    0000006e     rtsv7M4_T_le_v4SPD16_eabi.lib : _printfi.c.obj (.text:_mcpy)
                  0001146c    0000006e                                   : fd_tos_t2.asm.obj (.text)
                  000114da    00000002     --HOLE-- [fill = 0]
                  000114dc    00000068     cmsis_msp432e4_dsp_example.obj (.text:ConfigureUART)
                  00011544    00000068     rtsv7M4_T_le_v4SPD16_eabi.lib : copy_decompress_lzss.c.obj (.text:decompress:lzss:__TI_decompress_lzss)
                  000115ac    00000068     UART.obj (.text:printf)
                  00011614    00000066     arm_cortexM4lf_math.a : arm_cmplx_mag_f32.o (.text:arm_cmplx_mag_f32)
                  0001167a    00000002     --HOLE-- [fill = 0]
                  0001167c    00000064     rtsv7M4_T_le_v4SPD16_eabi.lib : s_frexp.c.obj (.text:frexp)
                  000116e0    00000060     oled.obj (.text:OLED_Clear)
                  00011740    00000060     msp432e4_driverlib.a : timer.o (.text:TimerControlTrigger)
                  000117a0    0000005c                          : gpio.o (.text:GPIODirModeSet)
                  000117fc    0000005c     oled.obj (.text:OLED_DrawPoint)
                  00011858    0000005c     UART.obj (.text:UART7_IRQHandler)
                  000118b4    0000005c     uartstdio.obj (.text:UARTwrite)
                  00011910    00000056     rtsv7M4_T_le_v4SPD16_eabi.lib : _printfi.c.obj (.text:_pconv_f)
                  00011966    00000056     arm_cortexM4lf_math.a : arm_cfft_radix4_f32.o (.text:arm_cfft_radix4_f32)
                  000119bc    00000054     rtsv7M4_T_le_v4SPD16_eabi.lib : _ltoa.c.obj (.text:__TI_ltoa)
                  00011a10    00000052                                   : _printfi.c.obj (.text:_ecpy)
                  00011a62    00000002     --HOLE-- [fill = 0]
                  00011a64    0000004c                                   : atoi.c.obj (.text:atoi)
                  00011ab0    00000048     msp432e4_driverlib.a : uart.o (.text:UART9BitAddrSend)
                  00011af8    00000048     rtsv7M4_T_le_v4SPD16_eabi.lib : fd_toi_t2.asm.obj (.text)
                  00011b40    00000044     msp432e4_driverlib.a : sysctl.o (.text:SysCtlPeripheralReady)
                  00011b84    00000044                          : sysctl.o (.text:_SysCtlMemTimingGet)
                  00011bc8    00000044     rtsv7M4_T_le_v4SPD16_eabi.lib : autoinit.c.obj (.text:__TI_auto_init_nobinit_nopinit:__TI_auto_init_nobinit_nopinit)
                  00011c0c    00000042     oled.obj (.text:OLED_WR_Byte)
                  00011c4e    00000002     --HOLE-- [fill = 0]
                  00011c50    00000040     msp432e4_driverlib.a : sysctl.o (.text:SysCtlPeripheralEnable)
                  00011c90    00000040     rtsv7M4_T_le_v4SPD16_eabi.lib : u_divt2.asm.obj (.text)
                  00011cd0    0000003e                                   : _printfi.c.obj (.text:_fcpy)
                  00011d0e    00000002     --HOLE-- [fill = 0]
                  00011d10    00000038     arm_cortexM4lf_math.a : arm_cmplx_mag_f32.o (.text:arm_sqrt_f32)
                  00011d48    00000038     rtsv7M4_T_le_v4SPD16_eabi.lib : fs_tod_t2.asm.obj (.text)
                  00011d80    00000036     oled.obj (.text:OLED_DisplayTurn)
                  00011db6    00000002     --HOLE-- [fill = 0]
                  00011db8    00000034     oled.obj (.text:I2C_Start)
                  00011dec    00000034     rtsv7M4_T_le_v4SPD16_eabi.lib : boot_cortex_m.c.obj (.text:_c_int00_noargs:_c_int00_noargs)
                  00011e20    00000030     oled.obj (.text:OLED_Pow)
                  00011e50    0000002e     rtsv7M4_T_le_v4SPD16_eabi.lib : i_tofd_t2.asm.obj (.text)
                  00011e7e    00000002     --HOLE-- [fill = 0]
                  00011e80    0000002c     oled.obj (.text:I2C_Stop)
                  00011eac    00000028     rtsv7M4_T_le_v4SPD16_eabi.lib : e_sqrtf.c.obj (.text:sqrtf)
                  00011ed4    00000028                                   : vsprintf.c.obj (.text:vsprintf)
                  00011efc    00000026     oled.obj (.text:OLED_ColorTurn)
                  00011f22    00000024     msp432e4_driverlib.a : gpio.o (.text:GPIOPinTypeGPIOOutput)
                  00011f46    00000024     uartstdio.obj (.text:UARTprintf)
                  00011f6a    00000020     msp432e4_driverlib.a : gpio.o (.text:GPIOPinWrite)
                  00011f8a    00000002     --HOLE-- [fill = 0]
                  00011f8c    00000020     system_msp432e401y.obj (.text:SystemInit)
                  00011fac    0000001c     oled.obj (.text:I2C_WaitAck)
                  00011fc8    0000001c     rtsv7M4_T_le_v4SPD16_eabi.lib : memccpy.c.obj (.text:memccpy)
                  00011fe4    0000001a                                   : s_copysign.c.obj (.text:copysign)
                  00011ffe    00000018                                   : vsprintf.c.obj (.text:_outs)
                  00012016    00000016                                   : strchr.c.obj (.text:strchr)
                  0001202c    00000014                                   : strlen.c.obj (.text:strlen)
                  00012040    00000012     msp432e4_driverlib.a : adc.o (.text:ADCIntClearEx)
                  00012052    00000012     rtsv7M4_T_le_v4SPD16_eabi.lib : wcslen.c.obj (.text:wcslen)
                  00012064    0000000e                                   : copy_decompress_none.c.obj (.text:decompress:none:__TI_decompress_none)
                  00012072    0000000c     startup_msp432e401y_ccs.obj (.text:Reset_Handler)
                  0001207e    0000000c     rtsv7M4_T_le_v4SPD16_eabi.lib : copy_zero_init.c.obj (.text:decompress:ZI:__TI_zero_init)
                  0001208a    0000000a                                   : vsprintf.c.obj (.text:_outc)
                  00012094    00000008                                   : errno.c.obj (.text:__aeabi_errno_addr)
                  0001209c    00000004                                   : pre_init.c.obj (.text:_system_pre_init)
                  000120a0    00000004                                   : exit.c.obj (.text:abort:abort)

.cinit     0    000120a8    00000040     
                  000120a8    00000015     (.cinit..data.load) [load image, compression = lzss]
                  000120bd    00000003     --HOLE-- [fill = 0]
                  000120c0    0000000c     (__TI_handler_table)
                  000120cc    00000004     --HOLE-- [fill = 0]
                  000120d0    00000008     (.cinit..bss.load) [load image, compression = zero_init]
                  000120d8    00000010     (__TI_cinit_table)

.init_array 
*          0    00000000    00000000     UNINITIALIZED

.bss       0    20000000    00007c20     UNINITIALIZED
                  20000000    00002000     (.common:FFT_INPUT)
                  20002000    00002000     (.common:fftOutput)
                  20004000    00001000     cmsis_msp432e4_dsp_example.obj (.bss:dstBufferA)
                  20005000    00001000     (.common:INPUT)
                  20006000    00001000     (.common:haning)
                  20007000    00000480     (.common:OLED_GRAM)
                  20007480    00000258     (.common:USART3_TX_BUF)
                  200076d8    000000f0     (.common:Re_Appear)
                  200077c8    00000014     (.common:scfft)
                  200077dc    00000004     (.common:dcBuff)
                  200077e0    00000004     (.common:delta)
                  200077e4    00000004     (.common:dis_freq)
                  200077e8    00000004     (.common:emo)
                  200077ec    00000004     (.common:heng)
                  200077f0    00000004     (.common:heng_Fre)
                  200077f4    00000004     (.common:i)
                  200077f8    00000004     (.common:maxxxx)
                  200077fc    00000004     (.common:minnnn)
                  20007800    00000400     (.common:pui8ControlTable)
                  20007c00    00000004     (.common:num1)
                  20007c04    00000004     (.common:num2)
                  20007c08    00000004     (.common:num3)
                  20007c0c    00000004     (.common:num4)
                  20007c10    00000004     (.common:qwe)
                  20007c14    00000004     (.common:rms)
                  20007c18    00000004     (.common:rmsBuff)
                  20007c1c    00000004     (.common:sum)

.data      0    20007e20    00000050     UNINITIALIZED
                  20007e20    0000002b     cmsis_msp432e4_dsp_example.obj (.data)
                  20007e4b    00000001     --HOLE--
                  20007e4c    00000014     cmsis_msp432e4_dsp_example.obj (.data:Amp)
                  20007e60    00000005     uartstdio.obj (.data)
                  20007e65    00000003     --HOLE--
                  20007e68    00000004     rtsv7M4_T_le_v4SPD16_eabi.lib : errno.c.obj (.data)
                  20007e6c    00000004     system_msp432e401y.obj (.data)

.stack     0    20007c20    00000200     UNINITIALIZED
                  20007c20    00000004     rtsv7M4_T_le_v4SPD16_eabi.lib : boot_cortex_m.c.obj (.stack)
                  20007c24    000001fc     --HOLE--

__llvm_prf_cnts 
*          0    20000000    00000000     UNINITIALIZED

MODULE SUMMARY

       Module                           code    ro data   rw data
       ------                           ----    -------   -------
    .\
       cmsis_msp432e4_dsp_example.obj   5084    32        29059  
       oled.obj                         2444    6080      1156   
       UART.obj                         196     0         1624   
       uartstdio.obj                    1024    46        5      
       system_msp432e401y.obj           32      0         4      
    +--+--------------------------------+-------+---------+---------+
       Total:                           8780    6158      31848  
                                                                 
    .\ccs\
       startup_msp432e401y_ccs.obj      14      520       0      
    +--+--------------------------------+-------+---------+---------+
       Total:                           14      520       0      
                                                                 
    F:/simplelink_msp432e4_sdk_4_20_00_12/source/third_party/CMSIS/DSP_Lib/lib/ccs/m4f/arm_cortexM4lf_math.a
       arm_common_tables.o              0       34816     0      
       arm_cfft_radix4_f32.o            2594    0         0      
       arm_bitreversal.o                506     0         0      
       arm_cfft_radix4_init_f32.o       284     0         0      
       arm_cmplx_mag_f32.o              158     0         0      
    +--+--------------------------------+-------+---------+---------+
       Total:                           3542    34816     0      
                                                                 
    F:/simplelink_msp432e4_sdk_4_20_00_12/source/ti/devices/msp432e4/driverlib/lib/ccs/m4f/msp432e4_driverlib.a
       sysctl.o                         1080    528       0      
       gpio.o                           730     0         0      
       adc.o                            256     0         0      
       timer.o                          96      0         0      
       uart.o                           72      0         0      
    +--+--------------------------------+-------+---------+---------+
       Total:                           2234    528       0      
                                                                 
    F:\ccs\tools\compiler\ti-cgt-arm_20.2.5.LTS\lib\rtsv7M4_T_le_v4SPD16_eabi.lib
       _printfi.c.obj                   4851    0         0      
       e_pow.c.obj                      2512    48        0      
       k_rem_pio2.c.obj                 1848    344       0      
       s_sin.c.obj                      1504    0         0      
       s_cos.c.obj                      1500    0         0      
       fd_add_t2.asm.obj                438     0         0      
       k_sin.c.obj                      372     0         0      
       k_cos.c.obj                      368     0         0      
       e_sqrt.c.obj                     344     0         0      
       fd_div_t2.asm.obj                310     0         0      
       s_scalbn.c.obj                   272     0         0      
       fd_cmp_t2.asm.obj                268     0         0      
       ctype.c.obj                      0       257       0      
       fd_mul_t2.asm.obj                252     0         0      
       s_floor.c.obj                    248     0         0      
       memcpy_t2.asm.obj                156     0         0      
       ull_div_t2.asm.obj               150     0         0      
       memset_t2.asm.obj                122     0         0      
       fd_tos_t2.asm.obj                110     0         0      
       copy_decompress_lzss.c.obj       104     0         0      
       s_frexp.c.obj                    100     0         0      
       _ltoa.c.obj                      84      0         0      
       atoi.c.obj                       76      0         0      
       vsprintf.c.obj                   74      0         0      
       fd_toi_t2.asm.obj                72      0         0      
       autoinit.c.obj                   68      0         0      
       u_divt2.asm.obj                  64      0         0      
       fs_tod_t2.asm.obj                56      0         0      
       boot_cortex_m.c.obj              52      0         0      
       i_tofd_t2.asm.obj                46      0         0      
       e_sqrtf.c.obj                    40      0         0      
       memccpy.c.obj                    28      0         0      
       s_copysign.c.obj                 26      0         0      
       strchr.c.obj                     22      0         0      
       strlen.c.obj                     20      0         0      
       wcslen.c.obj                     18      0         0      
       copy_decompress_none.c.obj       14      0         0      
       copy_zero_init.c.obj             12      0         0      
       errno.c.obj                      8       0         4      
       exit.c.obj                       4       0         0      
       pre_init.c.obj                   4       0         0      
       div0.asm.obj                     2       0         0      
    +--+--------------------------------+-------+---------+---------+
       Total:                           16619   649       4      
                                                                 
       Stack:                           0       0         512    
       Linker Generated:                0       57        0      
    +--+--------------------------------+-------+---------+---------+
       Grand Total:                     31189   42728     32364  


LINKER GENERATED COPY TABLES

__TI_cinit_table @ 000120d8 records: 2, size/record: 8, table size: 16
	.data: load addr=000120a8, load size=00000015 bytes, run addr=20007e20, run size=00000050 bytes, compression=lzss
	.bss: load addr=000120d0, load size=00000008 bytes, run addr=20000000, run size=00007c20 bytes, compression=zero_init


LINKER GENERATED HANDLER TABLE

__TI_handler_table @ 000120c0 records: 3, size/record: 4, table size: 12
	index: 0, handler: __TI_decompress_lzss
	index: 1, handler: __TI_decompress_none
	index: 2, handler: __TI_zero_init


GLOBAL SYMBOLS: SORTED ALPHABETICALLY BY Name 

address   name                            
-------   ----                            
0000c03b  ADC0SS0_IRQHandler              
0000c03b  ADC0SS1_IRQHandler              
00010895  ADC0SS2_IRQHandler              
00010895  ADC0SS2_IRQHandler              
0000c03b  ADC0SS3_IRQHandler              
0000c03b  ADC1SS0_IRQHandler              
0000c03b  ADC1SS1_IRQHandler              
0000c03b  ADC1SS2_IRQHandler              
0000c03b  ADC1SS3_IRQHandler              
00012041  ADCIntClearEx                   
00010989  ADCSequenceStepConfigure        
0000c03b  AES0_IRQHandler                 
20007e4c  Amp                             
00010a79  Amplitude_Display               
0000c03b  BusFault_Handler                
000120a1  C$$EXIT                         
0000c03b  CAN0_IRQHandler                 
0000c03b  CAN1_IRQHandler                 
0000c03b  COMP0_IRQHandler                
0000c03b  COMP1_IRQHandler                
0000c03b  COMP2_IRQHandler                
000114dd  ConfigureUART                   
0000c03b  DES0_IRQHandler                 
0000c03b  DebugMon_Handler                
0000c03b  Default_Handler                 
0000c03b  EMAC0_IRQHandler                
0000c03b  EPI0_IRQHandler                 
20000000  FFT_INPUT                       
0000c03b  FLASH_IRQHandler                
20007e46  Flag_A                          
20007e47  Fre_Flag                        
0000c03b  GPIOA_IRQHandler                
0000c03b  GPIOB_IRQHandler                
0000c03b  GPIOC_IRQHandler                
0000c03b  GPIOD_IRQHandler                
000117a1  GPIODirModeSet                  
0000c03b  GPIOE_IRQHandler                
0000c03b  GPIOF_IRQHandler                
0000c03b  GPIOG_IRQHandler                
0000c03b  GPIOH_IRQHandler                
0000c03b  GPIOJ_IRQHandler                
0000c03b  GPIOK_IRQHandler                
0000c03b  GPIOL_IRQHandler                
0000c03b  GPIOM_IRQHandler                
0000c03b  GPION_IRQHandler                
0000c03b  GPIOP0_IRQHandler               
0000c03b  GPIOP1_IRQHandler               
0000c03b  GPIOP2_IRQHandler               
0000c03b  GPIOP3_IRQHandler               
0000c03b  GPIOP4_IRQHandler               
0000c03b  GPIOP5_IRQHandler               
0000c03b  GPIOP6_IRQHandler               
0000c03b  GPIOP7_IRQHandler               
0000ef29  GPIOPadConfigSet                
00011f23  GPIOPinTypeGPIOOutput           
00011f6b  GPIOPinWrite                    
0000c03b  GPIOQ0_IRQHandler               
0000c03b  GPIOQ1_IRQHandler               
0000c03b  GPIOQ2_IRQHandler               
0000c03b  GPIOQ3_IRQHandler               
0000c03b  GPIOQ4_IRQHandler               
0000c03b  GPIOQ5_IRQHandler               
0000c03b  GPIOQ6_IRQHandler               
0000c03b  GPIOQ7_IRQHandler               
0000c03b  HIBERNATE_IRQHandler            
0000c03b  HardFault_Handler               
0000c03b  I2C0_IRQHandler                 
0000c03b  I2C1_IRQHandler                 
0000c03b  I2C2_IRQHandler                 
0000c03b  I2C3_IRQHandler                 
0000c03b  I2C4_IRQHandler                 
0000c03b  I2C5_IRQHandler                 
0000c03b  I2C6_IRQHandler                 
0000c03b  I2C7_IRQHandler                 
0000c03b  I2C8_IRQHandler                 
0000c03b  I2C9_IRQHandler                 
00011db9  I2C_Start                       
00011e81  I2C_Stop                        
00011fad  I2C_WaitAck                     
20005000  INPUT                           
20007e2c  MAX                             
20007e30  MAX1                            
20007e34  MAX2                            
20007e38  MAX3                            
20007e3c  MAX4                            
20007e40  MAX_Fre                         
0000c03b  MemManage_Handler               
0000c03b  NMI_Handler                     
000116e1  OLED_Clear                      
00010cb1  OLED_ClearPoint                 
00011efd  OLED_ColorTurn                  
00011d81  OLED_DisplayTurn                
000117fd  OLED_DrawPoint                  
20007000  OLED_GRAM                       
0001021d  OLED_Init                       
00011e21  OLED_Pow                        
000110b9  OLED_Refresh                    
0000fced  OLED_ShowChar                   
0001138d  OLED_ShowString                 
0000f6e3  OLED_Showdecimal                
00011c0d  OLED_WR_Byte                    
0000c03b  PWM0_0_IRQHandler               
0000c03b  PWM0_1_IRQHandler               
0000c03b  PWM0_2_IRQHandler               
0000c03b  PWM0_3_IRQHandler               
0000c03b  PWM0_FAULT_IRQHandler           
0000c03b  PendSV_Handler                  
0000c03b  QEI0_IRQHandler                 
200076d8  Re_Appear                       
00012073  Reset_Handler                   
20007e20  SAMP_FREQ                       
0000c03b  SHA0_IRQHandler                 
0000c03b  SSI0_IRQHandler                 
0000c03b  SSI1_IRQHandler                 
0000c03b  SSI2_IRQHandler                 
0000c03b  SSI3_IRQHandler                 
0000c03b  SVC_Handler                     
0000c03b  SYSCTL_IRQHandler               
0000c03b  SYSEXC_IRQHandler               
20007e48  S_Flag                          
0001122d  Send_Byte                       
0000e9d9  SysCtlClockFreqSet              
00011c51  SysCtlPeripheralEnable          
00011b41  SysCtlPeripheralReady           
0000c03b  SysTick_Handler                 
20007e6c  SystemCoreClock                 
00011f8d  SystemInit                      
0000c03b  TAMPER0_IRQHandler              
20007e28  THDx                            
0000c03b  TIMER0A_IRQHandler              
0000c03b  TIMER0B_IRQHandler              
0000c03b  TIMER1A_IRQHandler              
0000c03b  TIMER1B_IRQHandler              
0000c03b  TIMER2A_IRQHandler              
0000c03b  TIMER2B_IRQHandler              
0000c03b  TIMER3A_IRQHandler              
0000c03b  TIMER3B_IRQHandler              
0000c03b  TIMER4A_IRQHandler              
0000c03b  TIMER4B_IRQHandler              
0000c03b  TIMER5A_IRQHandler              
0000c03b  TIMER5B_IRQHandler              
0000c03b  TIMER6A_IRQHandler              
0000c03b  TIMER6B_IRQHandler              
0000c03b  TIMER7A_IRQHandler              
0000c03b  TIMER7B_IRQHandler              
00011741  TimerControlTrigger             
0000c03b  UART0_IRQHandler                
0000c03b  UART1_IRQHandler                
0000c03b  UART2_IRQHandler                
0000c03b  UART3_IRQHandler                
0000c03b  UART4_IRQHandler                
0000c03b  UART5_IRQHandler                
0000c03b  UART6_IRQHandler                
00011859  UART7_IRQHandler                
00011859  UART7_IRQHandler                
00011ab1  UART9BitAddrSend                
000112a5  UARTStdioConfig                 
0000f889  UART_LY                         
00011f47  UARTprintf                      
0000e6cd  UARTvprintf                     
000118b5  UARTwrite                       
0000c03b  UDMAERR_IRQHandler              
0000c03b  UDMA_IRQHandler                 
20007480  USART3_TX_BUF                   
0000c03b  USB0_IRQHandler                 
0000c03b  UsageFault_Handler              
0000c03b  WATCHDOG_IRQHandler             
00011135  Wave_Display                    
20007e20  __STACK_END                     
00000200  __STACK_SIZE                    
20007e20  __STACK_TOP                     
000120d8  __TI_CINIT_Base                 
000120e8  __TI_CINIT_Limit                
000120c0  __TI_Handler_Table_Base         
000120cc  __TI_Handler_Table_Limit        
00011bc9  __TI_auto_init_nobinit_nopinit  
00011545  __TI_decompress_lzss            
00012065  __TI_decompress_none            
000119bd  __TI_ltoa                       
ffffffff  __TI_pprof_out_hndl             
0000b5ed  __TI_printfi                    
ffffffff  __TI_prof_data_size             
ffffffff  __TI_prof_data_start            
00000000  __TI_static_base__              
0001207f  __TI_zero_init                  
00010fad  __aeabi_cdcmpeq                 
00010fad  __aeabi_cdcmple                 
00011033  __aeabi_cdrcmple                
0001146d  __aeabi_d2f                     
00011af9  __aeabi_d2iz                    
0000f537  __aeabi_dadd                    
000100e5  __aeabi_ddiv                    
000106a1  __aeabi_dmul                    
0000f52d  __aeabi_dsub                    
00012095  __aeabi_errno_addr              
00011d49  __aeabi_f2d                     
00011e51  __aeabi_i2d                     
0001021b  __aeabi_idiv0                   
0001021b  __aeabi_ldiv0                   
000111b1  __aeabi_memclr                  
000111b1  __aeabi_memclr4                 
000111b1  __aeabi_memclr8                 
00010de9  __aeabi_memcpy                  
00010de9  __aeabi_memcpy4                 
00010de9  __aeabi_memcpy8                 
000111b3  __aeabi_memset                  
000111b3  __aeabi_memset4                 
000111b3  __aeabi_memset8                 
00011c91  __aeabi_uidiv                   
00011c91  __aeabi_uidivmod                
00010e85  __aeabi_uldivmod                
ffffffff  __binit__                       
ffffffff  __c_args__                      
0000fb7d  __kernel_cos                    
0000ca0d  __kernel_rem_pio2               
0000fa09  __kernel_sin                    
UNDEFED   __mpu_init                      
20007c20  __stack                         
20000000  __start___llvm_prf_cnts         
20000000  __stop___llvm_prf_cnts          
00011ded  _c_int00_noargs                 
0000a4d0  _ctypes_                        
UNDEFED   _system_post_cinit              
0001209d  _system_pre_init                
000120a1  abort                           
00008f64  armBitRevTable                  
0000f163  arm_bitreversal_f32             
00011967  arm_cfft_radix4_f32             
00010475  arm_cfft_radix4_init_f32        
00011615  arm_cmplx_mag_f32               
0000e339  arm_radix4_butterfly_f32        
0000d145  arm_radix4_butterfly_inverse_f32
00009d54  asc2_1206                       
00009764  asc2_1608                       
00008208  asc2_2412                       
00011a65  atoi                            
ffffffff  binit                           
00011fe5  copysign                        
00011fe5  copysignl                       
0000dd5d  cos                             
0000dd5d  cosl                            
200077dc  dcBuff                          
200077e0  delta                           
200077e4  dis_freq                        
200077e8  emo                             
20007e45  emp                             
20007e68  errno                           
00010b45  f_char_printf                   
20002000  fftOutput                       
0001079d  floor                           
0001079d  floorl                          
0001167d  frexp                           
0001167d  frexpl                          
20006000  haning                          
00010d4d  haning_num                      
200077ec  heng                            
200077f0  heng_Fre                        
200077f4  i                               
00000000  interruptVectors                
00010591  ldexp                           
00010591  ldexpl                          
0000a6b5  main                            
200077f8  maxxxx                          
20007e24  mean                            
00011fc9  memccpy                         
00010de9  memcpy                          
000111b9  memset                          
200077fc  minnnn                          
20007c00  num1                            
20007c04  num2                            
20007c08  num3                            
20007c0c  num4                            
0000c03d  pow                             
0000c03d  powl                            
000115ad  printf                          
20007800  pui8ControlTable                
20007c10  qwe                             
20007c14  rms                             
20007c18  rmsBuff                         
00010591  scalbn                          
00010591  scalbnl                         
200077c8  scfft                           
20007e49  setBufAReady                    
20007e4a  setBufBReady                    
0000d77d  sin                             
0000d77d  sinl                            
0000fe51  sqrt                            
00011ead  sqrtf                           
0000fe51  sqrtl                           
00012017  strchr                          
0001202d  strlen                          
20007c1c  sum                             
20007e44  turn                            
00000208  twiddleCoef_4096                
00011319  uart_output                     
00011ed5  vsprintf                        
00012053  wcslen                          


GLOBAL SYMBOLS: SORTED BY Symbol Address 

address   name                            
-------   ----                            
00000000  __TI_static_base__              
00000000  interruptVectors                
00000200  __STACK_SIZE                    
00000208  twiddleCoef_4096                
00008208  asc2_2412                       
00008f64  armBitRevTable                  
00009764  asc2_1608                       
00009d54  asc2_1206                       
0000a4d0  _ctypes_                        
0000a6b5  main                            
0000b5ed  __TI_printfi                    
0000c03b  ADC0SS0_IRQHandler              
0000c03b  ADC0SS1_IRQHandler              
0000c03b  ADC0SS3_IRQHandler              
0000c03b  ADC1SS0_IRQHandler              
0000c03b  ADC1SS1_IRQHandler              
0000c03b  ADC1SS2_IRQHandler              
0000c03b  ADC1SS3_IRQHandler              
0000c03b  AES0_IRQHandler                 
0000c03b  BusFault_Handler                
0000c03b  CAN0_IRQHandler                 
0000c03b  CAN1_IRQHandler                 
0000c03b  COMP0_IRQHandler                
0000c03b  COMP1_IRQHandler                
0000c03b  COMP2_IRQHandler                
0000c03b  DES0_IRQHandler                 
0000c03b  DebugMon_Handler                
0000c03b  Default_Handler                 
0000c03b  EMAC0_IRQHandler                
0000c03b  EPI0_IRQHandler                 
0000c03b  FLASH_IRQHandler                
0000c03b  GPIOA_IRQHandler                
0000c03b  GPIOB_IRQHandler                
0000c03b  GPIOC_IRQHandler                
0000c03b  GPIOD_IRQHandler                
0000c03b  GPIOE_IRQHandler                
0000c03b  GPIOF_IRQHandler                
0000c03b  GPIOG_IRQHandler                
0000c03b  GPIOH_IRQHandler                
0000c03b  GPIOJ_IRQHandler                
0000c03b  GPIOK_IRQHandler                
0000c03b  GPIOL_IRQHandler                
0000c03b  GPIOM_IRQHandler                
0000c03b  GPION_IRQHandler                
0000c03b  GPIOP0_IRQHandler               
0000c03b  GPIOP1_IRQHandler               
0000c03b  GPIOP2_IRQHandler               
0000c03b  GPIOP3_IRQHandler               
0000c03b  GPIOP4_IRQHandler               
0000c03b  GPIOP5_IRQHandler               
0000c03b  GPIOP6_IRQHandler               
0000c03b  GPIOP7_IRQHandler               
0000c03b  GPIOQ0_IRQHandler               
0000c03b  GPIOQ1_IRQHandler               
0000c03b  GPIOQ2_IRQHandler               
0000c03b  GPIOQ3_IRQHandler               
0000c03b  GPIOQ4_IRQHandler               
0000c03b  GPIOQ5_IRQHandler               
0000c03b  GPIOQ6_IRQHandler               
0000c03b  GPIOQ7_IRQHandler               
0000c03b  HIBERNATE_IRQHandler            
0000c03b  HardFault_Handler               
0000c03b  I2C0_IRQHandler                 
0000c03b  I2C1_IRQHandler                 
0000c03b  I2C2_IRQHandler                 
0000c03b  I2C3_IRQHandler                 
0000c03b  I2C4_IRQHandler                 
0000c03b  I2C5_IRQHandler                 
0000c03b  I2C6_IRQHandler                 
0000c03b  I2C7_IRQHandler                 
0000c03b  I2C8_IRQHandler                 
0000c03b  I2C9_IRQHandler                 
0000c03b  MemManage_Handler               
0000c03b  NMI_Handler                     
0000c03b  PWM0_0_IRQHandler               
0000c03b  PWM0_1_IRQHandler               
0000c03b  PWM0_2_IRQHandler               
0000c03b  PWM0_3_IRQHandler               
0000c03b  PWM0_FAULT_IRQHandler           
0000c03b  PendSV_Handler                  
0000c03b  QEI0_IRQHandler                 
0000c03b  SHA0_IRQHandler                 
0000c03b  SSI0_IRQHandler                 
0000c03b  SSI1_IRQHandler                 
0000c03b  SSI2_IRQHandler                 
0000c03b  SSI3_IRQHandler                 
0000c03b  SVC_Handler                     
0000c03b  SYSCTL_IRQHandler               
0000c03b  SYSEXC_IRQHandler               
0000c03b  SysTick_Handler                 
0000c03b  TAMPER0_IRQHandler              
0000c03b  TIMER0A_IRQHandler              
0000c03b  TIMER0B_IRQHandler              
0000c03b  TIMER1A_IRQHandler              
0000c03b  TIMER1B_IRQHandler              
0000c03b  TIMER2A_IRQHandler              
0000c03b  TIMER2B_IRQHandler              
0000c03b  TIMER3A_IRQHandler              
0000c03b  TIMER3B_IRQHandler              
0000c03b  TIMER4A_IRQHandler              
0000c03b  TIMER4B_IRQHandler              
0000c03b  TIMER5A_IRQHandler              
0000c03b  TIMER5B_IRQHandler              
0000c03b  TIMER6A_IRQHandler              
0000c03b  TIMER6B_IRQHandler              
0000c03b  TIMER7A_IRQHandler              
0000c03b  TIMER7B_IRQHandler              
0000c03b  UART0_IRQHandler                
0000c03b  UART1_IRQHandler                
0000c03b  UART2_IRQHandler                
0000c03b  UART3_IRQHandler                
0000c03b  UART4_IRQHandler                
0000c03b  UART5_IRQHandler                
0000c03b  UART6_IRQHandler                
0000c03b  UDMAERR_IRQHandler              
0000c03b  UDMA_IRQHandler                 
0000c03b  USB0_IRQHandler                 
0000c03b  UsageFault_Handler              
0000c03b  WATCHDOG_IRQHandler             
0000c03d  pow                             
0000c03d  powl                            
0000ca0d  __kernel_rem_pio2               
0000d145  arm_radix4_butterfly_inverse_f32
0000d77d  sin                             
0000d77d  sinl                            
0000dd5d  cos                             
0000dd5d  cosl                            
0000e339  arm_radix4_butterfly_f32        
0000e6cd  UARTvprintf                     
0000e9d9  SysCtlClockFreqSet              
0000ef29  GPIOPadConfigSet                
0000f163  arm_bitreversal_f32             
0000f52d  __aeabi_dsub                    
0000f537  __aeabi_dadd                    
0000f6e3  OLED_Showdecimal                
0000f889  UART_LY                         
0000fa09  __kernel_sin                    
0000fb7d  __kernel_cos                    
0000fced  OLED_ShowChar                   
0000fe51  sqrt                            
0000fe51  sqrtl                           
000100e5  __aeabi_ddiv                    
0001021b  __aeabi_idiv0                   
0001021b  __aeabi_ldiv0                   
0001021d  OLED_Init                       
00010475  arm_cfft_radix4_init_f32        
00010591  ldexp                           
00010591  ldexpl                          
00010591  scalbn                          
00010591  scalbnl                         
000106a1  __aeabi_dmul                    
0001079d  floor                           
0001079d  floorl                          
00010895  ADC0SS2_IRQHandler              
00010895  ADC0SS2_IRQHandler              
00010989  ADCSequenceStepConfigure        
00010a79  Amplitude_Display               
00010b45  f_char_printf                   
00010cb1  OLED_ClearPoint                 
00010d4d  haning_num                      
00010de9  __aeabi_memcpy                  
00010de9  __aeabi_memcpy4                 
00010de9  __aeabi_memcpy8                 
00010de9  memcpy                          
00010e85  __aeabi_uldivmod                
00010fad  __aeabi_cdcmpeq                 
00010fad  __aeabi_cdcmple                 
00011033  __aeabi_cdrcmple                
000110b9  OLED_Refresh                    
00011135  Wave_Display                    
000111b1  __aeabi_memclr                  
000111b1  __aeabi_memclr4                 
000111b1  __aeabi_memclr8                 
000111b3  __aeabi_memset                  
000111b3  __aeabi_memset4                 
000111b3  __aeabi_memset8                 
000111b9  memset                          
0001122d  Send_Byte                       
000112a5  UARTStdioConfig                 
00011319  uart_output                     
0001138d  OLED_ShowString                 
0001146d  __aeabi_d2f                     
000114dd  ConfigureUART                   
00011545  __TI_decompress_lzss            
000115ad  printf                          
00011615  arm_cmplx_mag_f32               
0001167d  frexp                           
0001167d  frexpl                          
000116e1  OLED_Clear                      
00011741  TimerControlTrigger             
000117a1  GPIODirModeSet                  
000117fd  OLED_DrawPoint                  
00011859  UART7_IRQHandler                
00011859  UART7_IRQHandler                
000118b5  UARTwrite                       
00011967  arm_cfft_radix4_f32             
000119bd  __TI_ltoa                       
00011a65  atoi                            
00011ab1  UART9BitAddrSend                
00011af9  __aeabi_d2iz                    
00011b41  SysCtlPeripheralReady           
00011bc9  __TI_auto_init_nobinit_nopinit  
00011c0d  OLED_WR_Byte                    
00011c51  SysCtlPeripheralEnable          
00011c91  __aeabi_uidiv                   
00011c91  __aeabi_uidivmod                
00011d49  __aeabi_f2d                     
00011d81  OLED_DisplayTurn                
00011db9  I2C_Start                       
00011ded  _c_int00_noargs                 
00011e21  OLED_Pow                        
00011e51  __aeabi_i2d                     
00011e81  I2C_Stop                        
00011ead  sqrtf                           
00011ed5  vsprintf                        
00011efd  OLED_ColorTurn                  
00011f23  GPIOPinTypeGPIOOutput           
00011f47  UARTprintf                      
00011f6b  GPIOPinWrite                    
00011f8d  SystemInit                      
00011fad  I2C_WaitAck                     
00011fc9  memccpy                         
00011fe5  copysign                        
00011fe5  copysignl                       
00012017  strchr                          
0001202d  strlen                          
00012041  ADCIntClearEx                   
00012053  wcslen                          
00012065  __TI_decompress_none            
00012073  Reset_Handler                   
0001207f  __TI_zero_init                  
00012095  __aeabi_errno_addr              
0001209d  _system_pre_init                
000120a1  C$$EXIT                         
000120a1  abort                           
000120c0  __TI_Handler_Table_Base         
000120cc  __TI_Handler_Table_Limit        
000120d8  __TI_CINIT_Base                 
000120e8  __TI_CINIT_Limit                
20000000  FFT_INPUT                       
20000000  __start___llvm_prf_cnts         
20000000  __stop___llvm_prf_cnts          
20002000  fftOutput                       
20005000  INPUT                           
20006000  haning                          
20007000  OLED_GRAM                       
20007480  USART3_TX_BUF                   
200076d8  Re_Appear                       
200077c8  scfft                           
200077dc  dcBuff                          
200077e0  delta                           
200077e4  dis_freq                        
200077e8  emo                             
200077ec  heng                            
200077f0  heng_Fre                        
200077f4  i                               
200077f8  maxxxx                          
200077fc  minnnn                          
20007800  pui8ControlTable                
20007c00  num1                            
20007c04  num2                            
20007c08  num3                            
20007c0c  num4                            
20007c10  qwe                             
20007c14  rms                             
20007c18  rmsBuff                         
20007c1c  sum                             
20007c20  __stack                         
20007e20  SAMP_FREQ                       
20007e20  __STACK_END                     
20007e20  __STACK_TOP                     
20007e24  mean                            
20007e28  THDx                            
20007e2c  MAX                             
20007e30  MAX1                            
20007e34  MAX2                            
20007e38  MAX3                            
20007e3c  MAX4                            
20007e40  MAX_Fre                         
20007e44  turn                            
20007e45  emp                             
20007e46  Flag_A                          
20007e47  Fre_Flag                        
20007e48  S_Flag                          
20007e49  setBufAReady                    
20007e4a  setBufBReady                    
20007e4c  Amp                             
20007e68  errno                           
20007e6c  SystemCoreClock                 
ffffffff  __TI_pprof_out_hndl             
ffffffff  __TI_prof_data_size             
ffffffff  __TI_prof_data_start            
ffffffff  __binit__                       
ffffffff  __c_args__                      
ffffffff  binit                           
UNDEFED   __mpu_init                      
UNDEFED   _system_post_cinit              

[297 symbols]
