<?xml version="1.0" encoding="ISO-8859-1" ?>
<link_info>
   <banner>TI ARM Linker PC v20.2.5.LTS</banner>
   <copyright>Copyright (c) 1996-2018 Texas Instruments Incorporated</copyright>
   <link_time>0x618ebb7d</link_time>
   <link_errors>0x0</link_errors>
   <output_file>ADCxDMAxDSP_L.out</output_file>
   <entry_point>
      <name>_c_int00_noargs</name>
      <address>0x11ded</address>
   </entry_point>
   <input_file_list>
      <input_file id="fl-2">
         <path>.\</path>
         <kind>object</kind>
         <file>UART.obj</file>
         <name>UART.obj</name>
      </input_file>
      <input_file id="fl-3">
         <path>.\</path>
         <kind>object</kind>
         <file>cmsis_msp432e4_dsp_example.obj</file>
         <name>cmsis_msp432e4_dsp_example.obj</name>
      </input_file>
      <input_file id="fl-4">
         <path>.\</path>
         <kind>object</kind>
         <file>oled.obj</file>
         <name>oled.obj</name>
      </input_file>
      <input_file id="fl-5">
         <path>.\</path>
         <kind>object</kind>
         <file>system_msp432e401y.obj</file>
         <name>system_msp432e401y.obj</name>
      </input_file>
      <input_file id="fl-6">
         <path>.\</path>
         <kind>object</kind>
         <file>uartstdio.obj</file>
         <name>uartstdio.obj</name>
      </input_file>
      <input_file id="fl-7">
         <path>.\ccs\</path>
         <kind>object</kind>
         <file>startup_msp432e401y_ccs.obj</file>
         <name>startup_msp432e401y_ccs.obj</name>
      </input_file>
      <input_file id="fl-12">
         <kind>object</kind>
         <file>&lt;internal&gt;</file>
         <name>&lt;internal&gt;</name>
      </input_file>
      <input_file id="fl-13">
         <path>F:\simplelink_msp432e4_sdk_4_20_00_12\source\third_party\CMSIS\DSP_Lib\lib\ccs\m4f\</path>
         <kind>archive</kind>
         <file>arm_cortexM4lf_math.a</file>
         <name>arm_cmplx_mag_f32.o</name>
      </input_file>
      <input_file id="fl-14">
         <path>F:\simplelink_msp432e4_sdk_4_20_00_12\source\third_party\CMSIS\DSP_Lib\lib\ccs\m4f\</path>
         <kind>archive</kind>
         <file>arm_cortexM4lf_math.a</file>
         <name>arm_cfft_radix4_f32.o</name>
      </input_file>
      <input_file id="fl-15">
         <path>F:\simplelink_msp432e4_sdk_4_20_00_12\source\third_party\CMSIS\DSP_Lib\lib\ccs\m4f\</path>
         <kind>archive</kind>
         <file>arm_cortexM4lf_math.a</file>
         <name>arm_cfft_radix4_init_f32.o</name>
      </input_file>
      <input_file id="fl-16">
         <path>F:\simplelink_msp432e4_sdk_4_20_00_12\source\third_party\CMSIS\DSP_Lib\lib\ccs\m4f\</path>
         <kind>archive</kind>
         <file>arm_cortexM4lf_math.a</file>
         <name>arm_common_tables.o</name>
      </input_file>
      <input_file id="fl-17">
         <path>F:\simplelink_msp432e4_sdk_4_20_00_12\source\third_party\CMSIS\DSP_Lib\lib\ccs\m4f\</path>
         <kind>archive</kind>
         <file>arm_cortexM4lf_math.a</file>
         <name>arm_bitreversal.o</name>
      </input_file>
      <input_file id="fl-18">
         <path>F:\simplelink_msp432e4_sdk_4_20_00_12\source\ti\devices\msp432e4\driverlib\lib\ccs\m4f\</path>
         <kind>archive</kind>
         <file>msp432e4_driverlib.a</file>
         <name>adc.o</name>
      </input_file>
      <input_file id="fl-19">
         <path>F:\simplelink_msp432e4_sdk_4_20_00_12\source\ti\devices\msp432e4\driverlib\lib\ccs\m4f\</path>
         <kind>archive</kind>
         <file>msp432e4_driverlib.a</file>
         <name>gpio.o</name>
      </input_file>
      <input_file id="fl-1a">
         <path>F:\simplelink_msp432e4_sdk_4_20_00_12\source\ti\devices\msp432e4\driverlib\lib\ccs\m4f\</path>
         <kind>archive</kind>
         <file>msp432e4_driverlib.a</file>
         <name>interrupt.o</name>
      </input_file>
      <input_file id="fl-1b">
         <path>F:\simplelink_msp432e4_sdk_4_20_00_12\source\ti\devices\msp432e4\driverlib\lib\ccs\m4f\</path>
         <kind>archive</kind>
         <file>msp432e4_driverlib.a</file>
         <name>sysctl.o</name>
      </input_file>
      <input_file id="fl-1c">
         <path>F:\simplelink_msp432e4_sdk_4_20_00_12\source\ti\devices\msp432e4\driverlib\lib\ccs\m4f\</path>
         <kind>archive</kind>
         <file>msp432e4_driverlib.a</file>
         <name>timer.o</name>
      </input_file>
      <input_file id="fl-1d">
         <path>F:\simplelink_msp432e4_sdk_4_20_00_12\source\ti\devices\msp432e4\driverlib\lib\ccs\m4f\</path>
         <kind>archive</kind>
         <file>msp432e4_driverlib.a</file>
         <name>uart.o</name>
      </input_file>
      <input_file id="fl-1e">
         <path>F:\simplelink_msp432e4_sdk_4_20_00_12\source\ti\devices\msp432e4\driverlib\lib\ccs\m4f\</path>
         <kind>archive</kind>
         <file>msp432e4_driverlib.a</file>
         <name>cpu.o</name>
      </input_file>
      <input_file id="fl-d4">
         <path>F:\ccs\tools\compiler\ti-cgt-arm_20.2.5.LTS\lib\</path>
         <kind>archive</kind>
         <file>rtsv7M4_T_le_v4SPD16_eabi.lib</file>
         <name>vsprintf.c.obj</name>
      </input_file>
      <input_file id="fl-d5">
         <path>F:\ccs\tools\compiler\ti-cgt-arm_20.2.5.LTS\lib\</path>
         <kind>archive</kind>
         <file>rtsv7M4_T_le_v4SPD16_eabi.lib</file>
         <name>e_pow.c.obj</name>
      </input_file>
      <input_file id="fl-d6">
         <path>F:\ccs\tools\compiler\ti-cgt-arm_20.2.5.LTS\lib\</path>
         <kind>archive</kind>
         <file>rtsv7M4_T_le_v4SPD16_eabi.lib</file>
         <name>e_sqrt.c.obj</name>
      </input_file>
      <input_file id="fl-d7">
         <path>F:\ccs\tools\compiler\ti-cgt-arm_20.2.5.LTS\lib\</path>
         <kind>archive</kind>
         <file>rtsv7M4_T_le_v4SPD16_eabi.lib</file>
         <name>s_cos.c.obj</name>
      </input_file>
      <input_file id="fl-d8">
         <path>F:\ccs\tools\compiler\ti-cgt-arm_20.2.5.LTS\lib\</path>
         <kind>archive</kind>
         <file>rtsv7M4_T_le_v4SPD16_eabi.lib</file>
         <name>s_scalbn.c.obj</name>
      </input_file>
      <input_file id="fl-d9">
         <path>F:\ccs\tools\compiler\ti-cgt-arm_20.2.5.LTS\lib\</path>
         <kind>archive</kind>
         <file>rtsv7M4_T_le_v4SPD16_eabi.lib</file>
         <name>s_sin.c.obj</name>
      </input_file>
      <input_file id="fl-da">
         <path>F:\ccs\tools\compiler\ti-cgt-arm_20.2.5.LTS\lib\</path>
         <kind>archive</kind>
         <file>rtsv7M4_T_le_v4SPD16_eabi.lib</file>
         <name>e_sqrtf.c.obj</name>
      </input_file>
      <input_file id="fl-db">
         <path>F:\ccs\tools\compiler\ti-cgt-arm_20.2.5.LTS\lib\</path>
         <kind>archive</kind>
         <file>rtsv7M4_T_le_v4SPD16_eabi.lib</file>
         <name>fd_add_t2.asm.obj</name>
      </input_file>
      <input_file id="fl-dc">
         <path>F:\ccs\tools\compiler\ti-cgt-arm_20.2.5.LTS\lib\</path>
         <kind>archive</kind>
         <file>rtsv7M4_T_le_v4SPD16_eabi.lib</file>
         <name>fd_cmp_t2.asm.obj</name>
      </input_file>
      <input_file id="fl-dd">
         <path>F:\ccs\tools\compiler\ti-cgt-arm_20.2.5.LTS\lib\</path>
         <kind>archive</kind>
         <file>rtsv7M4_T_le_v4SPD16_eabi.lib</file>
         <name>fd_div_t2.asm.obj</name>
      </input_file>
      <input_file id="fl-de">
         <path>F:\ccs\tools\compiler\ti-cgt-arm_20.2.5.LTS\lib\</path>
         <kind>archive</kind>
         <file>rtsv7M4_T_le_v4SPD16_eabi.lib</file>
         <name>fd_mul_t2.asm.obj</name>
      </input_file>
      <input_file id="fl-df">
         <path>F:\ccs\tools\compiler\ti-cgt-arm_20.2.5.LTS\lib\</path>
         <kind>archive</kind>
         <file>rtsv7M4_T_le_v4SPD16_eabi.lib</file>
         <name>fd_toi_t2.asm.obj</name>
      </input_file>
      <input_file id="fl-e0">
         <path>F:\ccs\tools\compiler\ti-cgt-arm_20.2.5.LTS\lib\</path>
         <kind>archive</kind>
         <file>rtsv7M4_T_le_v4SPD16_eabi.lib</file>
         <name>fd_tos_t2.asm.obj</name>
      </input_file>
      <input_file id="fl-e1">
         <path>F:\ccs\tools\compiler\ti-cgt-arm_20.2.5.LTS\lib\</path>
         <kind>archive</kind>
         <file>rtsv7M4_T_le_v4SPD16_eabi.lib</file>
         <name>fs_tod_t2.asm.obj</name>
      </input_file>
      <input_file id="fl-e2">
         <path>F:\ccs\tools\compiler\ti-cgt-arm_20.2.5.LTS\lib\</path>
         <kind>archive</kind>
         <file>rtsv7M4_T_le_v4SPD16_eabi.lib</file>
         <name>i_tofd_t2.asm.obj</name>
      </input_file>
      <input_file id="fl-e3">
         <path>F:\ccs\tools\compiler\ti-cgt-arm_20.2.5.LTS\lib\</path>
         <kind>archive</kind>
         <file>rtsv7M4_T_le_v4SPD16_eabi.lib</file>
         <name>memcpy_t2.asm.obj</name>
      </input_file>
      <input_file id="fl-e4">
         <path>F:\ccs\tools\compiler\ti-cgt-arm_20.2.5.LTS\lib\</path>
         <kind>archive</kind>
         <file>rtsv7M4_T_le_v4SPD16_eabi.lib</file>
         <name>u_divt2.asm.obj</name>
      </input_file>
      <input_file id="fl-e5">
         <path>F:\ccs\tools\compiler\ti-cgt-arm_20.2.5.LTS\lib\</path>
         <kind>archive</kind>
         <file>rtsv7M4_T_le_v4SPD16_eabi.lib</file>
         <name>copy_zero_init.c.obj</name>
      </input_file>
      <input_file id="fl-e6">
         <path>F:\ccs\tools\compiler\ti-cgt-arm_20.2.5.LTS\lib\</path>
         <kind>archive</kind>
         <file>rtsv7M4_T_le_v4SPD16_eabi.lib</file>
         <name>copy_decompress_none.c.obj</name>
      </input_file>
      <input_file id="fl-e7">
         <path>F:\ccs\tools\compiler\ti-cgt-arm_20.2.5.LTS\lib\</path>
         <kind>archive</kind>
         <file>rtsv7M4_T_le_v4SPD16_eabi.lib</file>
         <name>copy_decompress_lzss.c.obj</name>
      </input_file>
      <input_file id="fl-e8">
         <path>F:\ccs\tools\compiler\ti-cgt-arm_20.2.5.LTS\lib\</path>
         <kind>archive</kind>
         <file>rtsv7M4_T_le_v4SPD16_eabi.lib</file>
         <name>strlen.c.obj</name>
      </input_file>
      <input_file id="fl-e9">
         <path>F:\ccs\tools\compiler\ti-cgt-arm_20.2.5.LTS\lib\</path>
         <kind>archive</kind>
         <file>rtsv7M4_T_le_v4SPD16_eabi.lib</file>
         <name>k_rem_pio2.c.obj</name>
      </input_file>
      <input_file id="fl-ea">
         <path>F:\ccs\tools\compiler\ti-cgt-arm_20.2.5.LTS\lib\</path>
         <kind>archive</kind>
         <file>rtsv7M4_T_le_v4SPD16_eabi.lib</file>
         <name>errno.c.obj</name>
      </input_file>
      <input_file id="fl-eb">
         <path>F:\ccs\tools\compiler\ti-cgt-arm_20.2.5.LTS\lib\</path>
         <kind>archive</kind>
         <file>rtsv7M4_T_le_v4SPD16_eabi.lib</file>
         <name>boot_cortex_m.c.obj</name>
      </input_file>
      <input_file id="fl-ec">
         <path>F:\ccs\tools\compiler\ti-cgt-arm_20.2.5.LTS\lib\</path>
         <kind>archive</kind>
         <file>rtsv7M4_T_le_v4SPD16_eabi.lib</file>
         <name>_printfi.c.obj</name>
      </input_file>
      <input_file id="fl-ed">
         <path>F:\ccs\tools\compiler\ti-cgt-arm_20.2.5.LTS\lib\</path>
         <kind>archive</kind>
         <file>rtsv7M4_T_le_v4SPD16_eabi.lib</file>
         <name>s_copysign.c.obj</name>
      </input_file>
      <input_file id="fl-ee">
         <path>F:\ccs\tools\compiler\ti-cgt-arm_20.2.5.LTS\lib\</path>
         <kind>archive</kind>
         <file>rtsv7M4_T_le_v4SPD16_eabi.lib</file>
         <name>k_cos.c.obj</name>
      </input_file>
      <input_file id="fl-ef">
         <path>F:\ccs\tools\compiler\ti-cgt-arm_20.2.5.LTS\lib\</path>
         <kind>archive</kind>
         <file>rtsv7M4_T_le_v4SPD16_eabi.lib</file>
         <name>k_sin.c.obj</name>
      </input_file>
      <input_file id="fl-f0">
         <path>F:\ccs\tools\compiler\ti-cgt-arm_20.2.5.LTS\lib\</path>
         <kind>archive</kind>
         <file>rtsv7M4_T_le_v4SPD16_eabi.lib</file>
         <name>s_floor.c.obj</name>
      </input_file>
      <input_file id="fl-f1">
         <path>F:\ccs\tools\compiler\ti-cgt-arm_20.2.5.LTS\lib\</path>
         <kind>archive</kind>
         <file>rtsv7M4_T_le_v4SPD16_eabi.lib</file>
         <name>s_frexp.c.obj</name>
      </input_file>
      <input_file id="fl-f2">
         <path>F:\ccs\tools\compiler\ti-cgt-arm_20.2.5.LTS\lib\</path>
         <kind>archive</kind>
         <file>rtsv7M4_T_le_v4SPD16_eabi.lib</file>
         <name>wcslen.c.obj</name>
      </input_file>
      <input_file id="fl-f3">
         <path>F:\ccs\tools\compiler\ti-cgt-arm_20.2.5.LTS\lib\</path>
         <kind>archive</kind>
         <file>rtsv7M4_T_le_v4SPD16_eabi.lib</file>
         <name>div0.asm.obj</name>
      </input_file>
      <input_file id="fl-f4">
         <path>F:\ccs\tools\compiler\ti-cgt-arm_20.2.5.LTS\lib\</path>
         <kind>archive</kind>
         <file>rtsv7M4_T_le_v4SPD16_eabi.lib</file>
         <name>ull_div_t2.asm.obj</name>
      </input_file>
      <input_file id="fl-f5">
         <path>F:\ccs\tools\compiler\ti-cgt-arm_20.2.5.LTS\lib\</path>
         <kind>archive</kind>
         <file>rtsv7M4_T_le_v4SPD16_eabi.lib</file>
         <name>memset_t2.asm.obj</name>
      </input_file>
      <input_file id="fl-f6">
         <path>F:\ccs\tools\compiler\ti-cgt-arm_20.2.5.LTS\lib\</path>
         <kind>archive</kind>
         <file>rtsv7M4_T_le_v4SPD16_eabi.lib</file>
         <name>autoinit.c.obj</name>
      </input_file>
      <input_file id="fl-f7">
         <path>F:\ccs\tools\compiler\ti-cgt-arm_20.2.5.LTS\lib\</path>
         <kind>archive</kind>
         <file>rtsv7M4_T_le_v4SPD16_eabi.lib</file>
         <name>pre_init.c.obj</name>
      </input_file>
      <input_file id="fl-f8">
         <path>F:\ccs\tools\compiler\ti-cgt-arm_20.2.5.LTS\lib\</path>
         <kind>archive</kind>
         <file>rtsv7M4_T_le_v4SPD16_eabi.lib</file>
         <name>cpy_tbl.c.obj</name>
      </input_file>
      <input_file id="fl-f9">
         <path>F:\ccs\tools\compiler\ti-cgt-arm_20.2.5.LTS\lib\</path>
         <kind>archive</kind>
         <file>rtsv7M4_T_le_v4SPD16_eabi.lib</file>
         <name>exit.c.obj</name>
      </input_file>
      <input_file id="fl-fa">
         <path>F:\ccs\tools\compiler\ti-cgt-arm_20.2.5.LTS\lib\</path>
         <kind>archive</kind>
         <file>rtsv7M4_T_le_v4SPD16_eabi.lib</file>
         <name>_lock.c.obj</name>
      </input_file>
      <input_file id="fl-fb">
         <path>F:\ccs\tools\compiler\ti-cgt-arm_20.2.5.LTS\lib\</path>
         <kind>archive</kind>
         <file>rtsv7M4_T_le_v4SPD16_eabi.lib</file>
         <name>_ltoa.c.obj</name>
      </input_file>
      <input_file id="fl-fc">
         <path>F:\ccs\tools\compiler\ti-cgt-arm_20.2.5.LTS\lib\</path>
         <kind>archive</kind>
         <file>rtsv7M4_T_le_v4SPD16_eabi.lib</file>
         <name>args_main.c.obj</name>
      </input_file>
      <input_file id="fl-fd">
         <path>F:\ccs\tools\compiler\ti-cgt-arm_20.2.5.LTS\lib\</path>
         <kind>archive</kind>
         <file>rtsv7M4_T_le_v4SPD16_eabi.lib</file>
         <name>atoi.c.obj</name>
      </input_file>
      <input_file id="fl-fe">
         <path>F:\ccs\tools\compiler\ti-cgt-arm_20.2.5.LTS\lib\</path>
         <kind>archive</kind>
         <file>rtsv7M4_T_le_v4SPD16_eabi.lib</file>
         <name>ctype.c.obj</name>
      </input_file>
      <input_file id="fl-ff">
         <path>F:\ccs\tools\compiler\ti-cgt-arm_20.2.5.LTS\lib\</path>
         <kind>archive</kind>
         <file>rtsv7M4_T_le_v4SPD16_eabi.lib</file>
         <name>memccpy.c.obj</name>
      </input_file>
      <input_file id="fl-100">
         <path>F:\ccs\tools\compiler\ti-cgt-arm_20.2.5.LTS\lib\</path>
         <kind>archive</kind>
         <file>rtsv7M4_T_le_v4SPD16_eabi.lib</file>
         <name>strchr.c.obj</name>
      </input_file>
   </input_file_list>
   <object_component_list>
      <object_component id="oc-13">
         <name>.intvecs:retain</name>
         <load_address>0x0</load_address>
         <run_address>0x0</run_address>
         <size>0x208</size>
         <input_file_ref idref="fl-7"/>
      </object_component>
      <object_component id="oc-d0">
         <name>.text:main</name>
         <load_address>0xa6b4</load_address>
         <run_address>0xa6b4</run_address>
         <size>0xf38</size>
         <input_file_ref idref="fl-3"/>
      </object_component>
      <object_component id="oc-467">
         <name>.text:__TI_printfi</name>
         <load_address>0xb5ec</load_address>
         <run_address>0xb5ec</run_address>
         <size>0xa4e</size>
         <input_file_ref idref="fl-ec"/>
      </object_component>
      <object_component id="oc-2e">
         <name>.text:Default_Handler</name>
         <load_address>0xc03a</load_address>
         <run_address>0xc03a</run_address>
         <size>0x2</size>
         <input_file_ref idref="fl-7"/>
      </object_component>
      <object_component id="oc-18d">
         <name>.text:pow</name>
         <load_address>0xc03c</load_address>
         <run_address>0xc03c</run_address>
         <size>0x9d0</size>
         <input_file_ref idref="fl-d5"/>
      </object_component>
      <object_component id="oc-2d0">
         <name>.text:__kernel_rem_pio2</name>
         <load_address>0xca0c</load_address>
         <run_address>0xca0c</run_address>
         <size>0x738</size>
         <input_file_ref idref="fl-e9"/>
      </object_component>
      <object_component id="oc-280">
         <name>.text:arm_radix4_butterfly_inverse_f32</name>
         <load_address>0xd144</load_address>
         <run_address>0xd144</run_address>
         <size>0x638</size>
         <input_file_ref idref="fl-14"/>
      </object_component>
      <object_component id="oc-1ad">
         <name>.text:sin</name>
         <load_address>0xd77c</load_address>
         <run_address>0xd77c</run_address>
         <size>0x5e0</size>
         <input_file_ref idref="fl-d9"/>
      </object_component>
      <object_component id="oc-23f">
         <name>.text:cos</name>
         <load_address>0xdd5c</load_address>
         <run_address>0xdd5c</run_address>
         <size>0x5dc</size>
         <input_file_ref idref="fl-d7"/>
      </object_component>
      <object_component id="oc-286">
         <name>.text:arm_radix4_butterfly_f32</name>
         <load_address>0xe338</load_address>
         <run_address>0xe338</run_address>
         <size>0x394</size>
         <input_file_ref idref="fl-14"/>
      </object_component>
      <object_component id="oc-29d">
         <name>.text:UARTvprintf</name>
         <load_address>0xe6cc</load_address>
         <run_address>0xe6cc</run_address>
         <size>0x30c</size>
         <input_file_ref idref="fl-6"/>
      </object_component>
      <object_component id="oc-11f">
         <name>.text:SysCtlClockFreqSet</name>
         <load_address>0xe9d8</load_address>
         <run_address>0xe9d8</run_address>
         <size>0x2e0</size>
         <input_file_ref idref="fl-1b"/>
      </object_component>
      <object_component id="oc-4b8">
         <name>.text:_pconv_a</name>
         <load_address>0xecb8</load_address>
         <run_address>0xecb8</run_address>
         <size>0x270</size>
         <input_file_ref idref="fl-ec"/>
      </object_component>
      <object_component id="oc-340">
         <name>.text:GPIOPadConfigSet</name>
         <load_address>0xef28</load_address>
         <run_address>0xef28</run_address>
         <size>0x23a</size>
         <input_file_ref idref="fl-19"/>
      </object_component>
      <object_component id="oc-28c">
         <name>.text:arm_bitreversal_f32</name>
         <load_address>0xf162</load_address>
         <run_address>0xf162</run_address>
         <size>0x1fa</size>
         <input_file_ref idref="fl-17"/>
      </object_component>
      <object_component id="oc-4a6">
         <name>.text:_pconv_g</name>
         <load_address>0xf35c</load_address>
         <run_address>0xf35c</run_address>
         <size>0x1d0</size>
         <input_file_ref idref="fl-ec"/>
      </object_component>
      <object_component id="oc-1b3">
         <name>.text</name>
         <load_address>0xf52c</load_address>
         <run_address>0xf52c</run_address>
         <size>0x1b6</size>
         <input_file_ref idref="fl-db"/>
      </object_component>
      <object_component id="oc-2df">
         <name>.text:OLED_Showdecimal</name>
         <load_address>0xf6e2</load_address>
         <run_address>0xf6e2</run_address>
         <size>0x1a6</size>
         <input_file_ref idref="fl-4"/>
      </object_component>
      <object_component id="oc-149">
         <name>.text:UART_LY</name>
         <load_address>0xf888</load_address>
         <run_address>0xf888</run_address>
         <size>0x180</size>
         <input_file_ref idref="fl-3"/>
      </object_component>
      <object_component id="oc-2ca">
         <name>.text:__kernel_sin</name>
         <load_address>0xfa08</load_address>
         <run_address>0xfa08</run_address>
         <size>0x174</size>
         <input_file_ref idref="fl-ef"/>
      </object_component>
      <object_component id="oc-2d6">
         <name>.text:__kernel_cos</name>
         <load_address>0xfb7c</load_address>
         <run_address>0xfb7c</run_address>
         <size>0x170</size>
         <input_file_ref idref="fl-ee"/>
      </object_component>
      <object_component id="oc-3c8">
         <name>.text:OLED_ShowChar</name>
         <load_address>0xfcec</load_address>
         <run_address>0xfcec</run_address>
         <size>0x164</size>
         <input_file_ref idref="fl-4"/>
      </object_component>
      <object_component id="oc-1a0">
         <name>.text:sqrt</name>
         <load_address>0xfe50</load_address>
         <run_address>0xfe50</run_address>
         <size>0x158</size>
         <input_file_ref idref="fl-d6"/>
      </object_component>
      <object_component id="oc-4b2">
         <name>.text:_pconv_e</name>
         <load_address>0xffa8</load_address>
         <run_address>0xffa8</run_address>
         <size>0x13c</size>
         <input_file_ref idref="fl-ec"/>
      </object_component>
      <object_component id="oc-1a6">
         <name>.text</name>
         <load_address>0x100e4</load_address>
         <run_address>0x100e4</run_address>
         <size>0x136</size>
         <input_file_ref idref="fl-dd"/>
      </object_component>
      <object_component id="oc-437">
         <name>.text</name>
         <load_address>0x1021a</load_address>
         <run_address>0x1021a</run_address>
         <size>0x2</size>
         <input_file_ref idref="fl-f3"/>
      </object_component>
      <object_component id="oc-13d">
         <name>.text:OLED_Init</name>
         <load_address>0x1021c</load_address>
         <run_address>0x1021c</run_address>
         <size>0x134</size>
         <input_file_ref idref="fl-4"/>
      </object_component>
      <object_component id="oc-4fa">
         <name>.text:fcvt</name>
         <load_address>0x10350</load_address>
         <run_address>0x10350</run_address>
         <size>0x124</size>
         <input_file_ref idref="fl-ec"/>
      </object_component>
      <object_component id="oc-150">
         <name>.text:arm_cfft_radix4_init_f32</name>
         <load_address>0x10474</load_address>
         <run_address>0x10474</run_address>
         <size>0x11c</size>
         <input_file_ref idref="fl-15"/>
      </object_component>
      <object_component id="oc-2b7">
         <name>.text:scalbn</name>
         <load_address>0x10590</load_address>
         <run_address>0x10590</run_address>
         <size>0x110</size>
         <input_file_ref idref="fl-d8"/>
      </object_component>
      <object_component id="oc-183">
         <name>.text</name>
         <load_address>0x106a0</load_address>
         <run_address>0x106a0</run_address>
         <size>0xfc</size>
         <input_file_ref idref="fl-de"/>
      </object_component>
      <object_component id="oc-3b2">
         <name>.text:floor</name>
         <load_address>0x1079c</load_address>
         <run_address>0x1079c</run_address>
         <size>0xf8</size>
         <input_file_ref idref="fl-f0"/>
      </object_component>
      <object_component id="oc-34">
         <name>.text:ADC0SS2_IRQHandler</name>
         <load_address>0x10894</load_address>
         <run_address>0x10894</run_address>
         <size>0xf4</size>
         <input_file_ref idref="fl-3"/>
      </object_component>
      <object_component id="oc-131">
         <name>.text:ADCSequenceStepConfigure</name>
         <load_address>0x10988</load_address>
         <run_address>0x10988</run_address>
         <size>0xee</size>
         <input_file_ref idref="fl-18"/>
      </object_component>
      <object_component id="oc-1b8">
         <name>.text:Amplitude_Display</name>
         <load_address>0x10a78</load_address>
         <run_address>0x10a78</run_address>
         <size>0xca</size>
         <input_file_ref idref="fl-4"/>
      </object_component>
      <object_component id="oc-167">
         <name>.text:f_char_printf</name>
         <load_address>0x10b44</load_address>
         <run_address>0x10b44</run_address>
         <size>0xb8</size>
         <input_file_ref idref="fl-3"/>
      </object_component>
      <object_component id="oc-4a0">
         <name>.text:_ltostr</name>
         <load_address>0x10bfc</load_address>
         <run_address>0x10bfc</run_address>
         <size>0xb1</size>
         <input_file_ref idref="fl-ec"/>
      </object_component>
      <object_component id="oc-457">
         <name>.text:OLED_ClearPoint</name>
         <load_address>0x10cb0</load_address>
         <run_address>0x10cb0</run_address>
         <size>0x9c</size>
         <input_file_ref idref="fl-4"/>
      </object_component>
      <object_component id="oc-12b">
         <name>.text:haning_num</name>
         <load_address>0x10d4c</load_address>
         <run_address>0x10d4c</run_address>
         <size>0x9c</size>
         <input_file_ref idref="fl-3"/>
      </object_component>
      <object_component id="oc-4e">
         <name>.text</name>
         <load_address>0x10de8</load_address>
         <run_address>0x10de8</run_address>
         <size>0x9c</size>
         <input_file_ref idref="fl-e3"/>
      </object_component>
      <object_component id="oc-4e1">
         <name>.text</name>
         <load_address>0x10e84</load_address>
         <run_address>0x10e84</run_address>
         <size>0x96</size>
         <input_file_ref idref="fl-f4"/>
      </object_component>
      <object_component id="oc-228">
         <name>.text:_SysCtlFrequencyGet</name>
         <load_address>0x10f1c</load_address>
         <run_address>0x10f1c</run_address>
         <size>0x90</size>
         <input_file_ref idref="fl-1b"/>
      </object_component>
      <object_component id="oc-17e">
         <name>.text:__aeabi_cdcmple</name>
         <load_address>0x10fac</load_address>
         <run_address>0x10fac</run_address>
         <size>0x86</size>
         <input_file_ref idref="fl-dc"/>
      </object_component>
      <object_component id="oc-2b2">
         <name>.text:__aeabi_cdrcmple</name>
         <load_address>0x11032</load_address>
         <run_address>0x11032</run_address>
         <size>0x86</size>
         <input_file_ref idref="fl-dc"/>
      </object_component>
      <object_component id="oc-143">
         <name>.text:OLED_Refresh</name>
         <load_address>0x110b8</load_address>
         <run_address>0x110b8</run_address>
         <size>0x7c</size>
         <input_file_ref idref="fl-4"/>
      </object_component>
      <object_component id="oc-1c1">
         <name>.text:Wave_Display</name>
         <load_address>0x11134</load_address>
         <run_address>0x11134</run_address>
         <size>0x7c</size>
         <input_file_ref idref="fl-4"/>
      </object_component>
      <object_component id="oc-c4">
         <name>.text</name>
         <load_address>0x111b0</load_address>
         <run_address>0x111b0</run_address>
         <size>0x7a</size>
         <input_file_ref idref="fl-f5"/>
      </object_component>
      <object_component id="oc-355">
         <name>.text:Send_Byte</name>
         <load_address>0x1122c</load_address>
         <run_address>0x1122c</run_address>
         <size>0x78</size>
         <input_file_ref idref="fl-4"/>
      </object_component>
      <object_component id="oc-238">
         <name>.text:UARTStdioConfig</name>
         <load_address>0x112a4</load_address>
         <run_address>0x112a4</run_address>
         <size>0x74</size>
         <input_file_ref idref="fl-6"/>
      </object_component>
      <object_component id="oc-1c7">
         <name>.text:uart_output</name>
         <load_address>0x11318</load_address>
         <run_address>0x11318</run_address>
         <size>0x74</size>
         <input_file_ref idref="fl-3"/>
      </object_component>
      <object_component id="oc-2e5">
         <name>.text:OLED_ShowString</name>
         <load_address>0x1138c</load_address>
         <run_address>0x1138c</run_address>
         <size>0x72</size>
         <input_file_ref idref="fl-4"/>
      </object_component>
      <object_component id="oc-4f3">
         <name>.text:_mcpy</name>
         <load_address>0x113fe</load_address>
         <run_address>0x113fe</run_address>
         <size>0x6e</size>
         <input_file_ref idref="fl-ec"/>
      </object_component>
      <object_component id="oc-193">
         <name>.text</name>
         <load_address>0x1146c</load_address>
         <run_address>0x1146c</run_address>
         <size>0x6e</size>
         <input_file_ref idref="fl-e0"/>
      </object_component>
      <object_component id="oc-125">
         <name>.text:ConfigureUART</name>
         <load_address>0x114dc</load_address>
         <run_address>0x114dc</run_address>
         <size>0x68</size>
         <input_file_ref idref="fl-3"/>
      </object_component>
      <object_component id="oc-16">
         <name>.text:decompress:lzss:__TI_decompress_lzss</name>
         <load_address>0x11544</load_address>
         <run_address>0x11544</run_address>
         <size>0x68</size>
         <input_file_ref idref="fl-e7"/>
      </object_component>
      <object_component id="oc-2f6">
         <name>.text:printf</name>
         <load_address>0x115ac</load_address>
         <run_address>0x115ac</run_address>
         <size>0x68</size>
         <input_file_ref idref="fl-2"/>
      </object_component>
      <object_component id="oc-15c">
         <name>.text:arm_cmplx_mag_f32</name>
         <load_address>0x11614</load_address>
         <run_address>0x11614</run_address>
         <size>0x66</size>
         <input_file_ref idref="fl-13"/>
      </object_component>
      <object_component id="oc-508">
         <name>.text:frexp</name>
         <load_address>0x1167c</load_address>
         <run_address>0x1167c</run_address>
         <size>0x64</size>
         <input_file_ref idref="fl-f1"/>
      </object_component>
      <object_component id="oc-26c">
         <name>.text:OLED_Clear</name>
         <load_address>0x116e0</load_address>
         <run_address>0x116e0</run_address>
         <size>0x60</size>
         <input_file_ref idref="fl-4"/>
      </object_component>
      <object_component id="oc-137">
         <name>.text:TimerControlTrigger</name>
         <load_address>0x11740</load_address>
         <run_address>0x11740</run_address>
         <size>0x60</size>
         <input_file_ref idref="fl-1c"/>
      </object_component>
      <object_component id="oc-346">
         <name>.text:GPIODirModeSet</name>
         <load_address>0x117a0</load_address>
         <run_address>0x117a0</run_address>
         <size>0x5c</size>
         <input_file_ref idref="fl-19"/>
      </object_component>
      <object_component id="oc-2ee">
         <name>.text:OLED_DrawPoint</name>
         <load_address>0x117fc</load_address>
         <run_address>0x117fc</run_address>
         <size>0x5c</size>
         <input_file_ref idref="fl-4"/>
      </object_component>
      <object_component id="oc-3a">
         <name>.text:UART7_IRQHandler</name>
         <load_address>0x11858</load_address>
         <run_address>0x11858</run_address>
         <size>0x5c</size>
         <input_file_ref idref="fl-2"/>
      </object_component>
      <object_component id="oc-381">
         <name>.text:UARTwrite</name>
         <load_address>0x118b4</load_address>
         <run_address>0x118b4</run_address>
         <size>0x5c</size>
         <input_file_ref idref="fl-6"/>
      </object_component>
      <object_component id="oc-4ac">
         <name>.text:_pconv_f</name>
         <load_address>0x11910</load_address>
         <run_address>0x11910</run_address>
         <size>0x56</size>
         <input_file_ref idref="fl-ec"/>
      </object_component>
      <object_component id="oc-156">
         <name>.text:arm_cfft_radix4_f32</name>
         <load_address>0x11966</load_address>
         <run_address>0x11966</run_address>
         <size>0x56</size>
         <input_file_ref idref="fl-14"/>
      </object_component>
      <object_component id="oc-4e7">
         <name>.text:__TI_ltoa</name>
         <load_address>0x119bc</load_address>
         <run_address>0x119bc</run_address>
         <size>0x54</size>
         <input_file_ref idref="fl-fb"/>
      </object_component>
      <object_component id="oc-4ed">
         <name>.text:_ecpy</name>
         <load_address>0x11a10</load_address>
         <run_address>0x11a10</run_address>
         <size>0x52</size>
         <input_file_ref idref="fl-ec"/>
      </object_component>
      <object_component id="oc-49a">
         <name>.text:atoi</name>
         <load_address>0x11a64</load_address>
         <run_address>0x11a64</run_address>
         <size>0x4c</size>
         <input_file_ref idref="fl-fd"/>
      </object_component>
      <object_component id="oc-3dd">
         <name>.text:UART9BitAddrSend</name>
         <load_address>0x11ab0</load_address>
         <run_address>0x11ab0</run_address>
         <size>0x48</size>
         <input_file_ref idref="fl-1d"/>
      </object_component>
      <object_component id="oc-188">
         <name>.text</name>
         <load_address>0x11af8</load_address>
         <run_address>0x11af8</run_address>
         <size>0x48</size>
         <input_file_ref idref="fl-df"/>
      </object_component>
      <object_component id="oc-24e">
         <name>.text:SysCtlPeripheralReady</name>
         <load_address>0x11b40</load_address>
         <run_address>0x11b40</run_address>
         <size>0x44</size>
         <input_file_ref idref="fl-1b"/>
      </object_component>
      <object_component id="oc-222">
         <name>.text:_SysCtlMemTimingGet</name>
         <load_address>0x11b84</load_address>
         <run_address>0x11b84</run_address>
         <size>0x44</size>
         <input_file_ref idref="fl-1b"/>
      </object_component>
      <object_component id="oc-1dd">
         <name>.text:__TI_auto_init_nobinit_nopinit:__TI_auto_init_nobinit_nopinit</name>
         <load_address>0x11bc8</load_address>
         <run_address>0x11bc8</run_address>
         <size>0x44</size>
         <input_file_ref idref="fl-f6"/>
      </object_component>
      <object_component id="oc-266">
         <name>.text:OLED_WR_Byte</name>
         <load_address>0x11c0c</load_address>
         <run_address>0x11c0c</run_address>
         <size>0x42</size>
         <input_file_ref idref="fl-4"/>
      </object_component>
      <object_component id="oc-248">
         <name>.text:SysCtlPeripheralEnable</name>
         <load_address>0x11c50</load_address>
         <run_address>0x11c50</run_address>
         <size>0x40</size>
         <input_file_ref idref="fl-1b"/>
      </object_component>
      <object_component id="oc-387">
         <name>.text</name>
         <load_address>0x11c90</load_address>
         <run_address>0x11c90</run_address>
         <size>0x40</size>
         <input_file_ref idref="fl-e4"/>
      </object_component>
      <object_component id="oc-500">
         <name>.text:_fcpy</name>
         <load_address>0x11cd0</load_address>
         <run_address>0x11cd0</run_address>
         <size>0x3e</size>
         <input_file_ref idref="fl-ec"/>
      </object_component>
      <object_component id="oc-294">
         <name>.text:arm_sqrt_f32</name>
         <load_address>0x11d10</load_address>
         <run_address>0x11d10</run_address>
         <size>0x38</size>
         <input_file_ref idref="fl-13"/>
      </object_component>
      <object_component id="oc-19b">
         <name>.text</name>
         <load_address>0x11d48</load_address>
         <run_address>0x11d48</run_address>
         <size>0x38</size>
         <input_file_ref idref="fl-e1"/>
      </object_component>
      <object_component id="oc-260">
         <name>.text:OLED_DisplayTurn</name>
         <load_address>0x11d80</load_address>
         <run_address>0x11d80</run_address>
         <size>0x36</size>
         <input_file_ref idref="fl-4"/>
      </object_component>
      <object_component id="oc-34f">
         <name>.text:I2C_Start</name>
         <load_address>0x11db8</load_address>
         <run_address>0x11db8</run_address>
         <size>0x34</size>
         <input_file_ref idref="fl-4"/>
      </object_component>
      <object_component id="oc-6c">
         <name>.text:_c_int00_noargs:_c_int00_noargs</name>
         <load_address>0x11dec</load_address>
         <run_address>0x11dec</run_address>
         <size>0x34</size>
         <input_file_ref idref="fl-eb"/>
      </object_component>
      <object_component id="oc-3c2">
         <name>.text:OLED_Pow</name>
         <load_address>0x11e20</load_address>
         <run_address>0x11e20</run_address>
         <size>0x30</size>
         <input_file_ref idref="fl-4"/>
      </object_component>
      <object_component id="oc-179">
         <name>.text</name>
         <load_address>0x11e50</load_address>
         <run_address>0x11e50</run_address>
         <size>0x2e</size>
         <input_file_ref idref="fl-e2"/>
      </object_component>
      <object_component id="oc-361">
         <name>.text:I2C_Stop</name>
         <load_address>0x11e80</load_address>
         <run_address>0x11e80</run_address>
         <size>0x2c</size>
         <input_file_ref idref="fl-4"/>
      </object_component>
      <object_component id="oc-378">
         <name>.text:sqrtf</name>
         <load_address>0x11eac</load_address>
         <run_address>0x11eac</run_address>
         <size>0x28</size>
         <input_file_ref idref="fl-da"/>
      </object_component>
      <object_component id="oc-3d1">
         <name>.text:vsprintf</name>
         <load_address>0x11ed4</load_address>
         <run_address>0x11ed4</run_address>
         <size>0x28</size>
         <input_file_ref idref="fl-d4"/>
      </object_component>
      <object_component id="oc-25a">
         <name>.text:OLED_ColorTurn</name>
         <load_address>0x11efc</load_address>
         <run_address>0x11efc</run_address>
         <size>0x26</size>
         <input_file_ref idref="fl-4"/>
      </object_component>
      <object_component id="oc-254">
         <name>.text:GPIOPinTypeGPIOOutput</name>
         <load_address>0x11f22</load_address>
         <run_address>0x11f22</run_address>
         <size>0x24</size>
         <input_file_ref idref="fl-19"/>
      </object_component>
      <object_component id="oc-16d">
         <name>.text:UARTprintf</name>
         <load_address>0x11f46</load_address>
         <run_address>0x11f46</run_address>
         <size>0x24</size>
         <input_file_ref idref="fl-6"/>
      </object_component>
      <object_component id="oc-426">
         <name>.text:GPIOPinWrite</name>
         <load_address>0x11f6a</load_address>
         <run_address>0x11f6a</run_address>
         <size>0x20</size>
         <input_file_ref idref="fl-19"/>
      </object_component>
      <object_component id="oc-80">
         <name>.text:SystemInit</name>
         <load_address>0x11f8c</load_address>
         <run_address>0x11f8c</run_address>
         <size>0x20</size>
         <input_file_ref idref="fl-5"/>
      </object_component>
      <object_component id="oc-35b">
         <name>.text:I2C_WaitAck</name>
         <load_address>0x11fac</load_address>
         <run_address>0x11fac</run_address>
         <size>0x1c</size>
         <input_file_ref idref="fl-4"/>
      </object_component>
      <object_component id="oc-4be">
         <name>.text:memccpy</name>
         <load_address>0x11fc8</load_address>
         <run_address>0x11fc8</run_address>
         <size>0x1c</size>
         <input_file_ref idref="fl-ff"/>
      </object_component>
      <object_component id="oc-39a">
         <name>.text:copysign</name>
         <load_address>0x11fe4</load_address>
         <run_address>0x11fe4</run_address>
         <size>0x1a</size>
         <input_file_ref idref="fl-ed"/>
      </object_component>
      <object_component id="oc-46d">
         <name>.text:_outs</name>
         <load_address>0x11ffe</load_address>
         <run_address>0x11ffe</run_address>
         <size>0x18</size>
         <input_file_ref idref="fl-d4"/>
      </object_component>
      <object_component id="oc-50e">
         <name>.text:strchr</name>
         <load_address>0x12016</load_address>
         <run_address>0x12016</run_address>
         <size>0x16</size>
         <input_file_ref idref="fl-100"/>
      </object_component>
      <object_component id="oc-3d7">
         <name>.text:strlen</name>
         <load_address>0x1202c</load_address>
         <run_address>0x1202c</run_address>
         <size>0x14</size>
         <input_file_ref idref="fl-e8"/>
      </object_component>
      <object_component id="oc-88">
         <name>.text:ADCIntClearEx</name>
         <load_address>0x12040</load_address>
         <run_address>0x12040</run_address>
         <size>0x12</size>
         <input_file_ref idref="fl-18"/>
      </object_component>
      <object_component id="oc-4c4">
         <name>.text:wcslen</name>
         <load_address>0x12052</load_address>
         <run_address>0x12052</run_address>
         <size>0x12</size>
         <input_file_ref idref="fl-f2"/>
      </object_component>
      <object_component id="oc-1c">
         <name>.text:decompress:none:__TI_decompress_none</name>
         <load_address>0x12064</load_address>
         <run_address>0x12064</run_address>
         <size>0xe</size>
         <input_file_ref idref="fl-e6"/>
      </object_component>
      <object_component id="oc-28">
         <name>.text:Reset_Handler</name>
         <load_address>0x12072</load_address>
         <run_address>0x12072</run_address>
         <size>0xc</size>
         <input_file_ref idref="fl-7"/>
      </object_component>
      <object_component id="oc-60">
         <name>.text:decompress:ZI:__TI_zero_init</name>
         <load_address>0x1207e</load_address>
         <run_address>0x1207e</run_address>
         <size>0xc</size>
         <input_file_ref idref="fl-e5"/>
      </object_component>
      <object_component id="oc-473">
         <name>.text:_outc</name>
         <load_address>0x1208a</load_address>
         <run_address>0x1208a</run_address>
         <size>0xa</size>
         <input_file_ref idref="fl-d4"/>
      </object_component>
      <object_component id="oc-2a9">
         <name>.text:__aeabi_errno_addr</name>
         <load_address>0x12094</load_address>
         <run_address>0x12094</run_address>
         <size>0x8</size>
         <input_file_ref idref="fl-ea"/>
      </object_component>
      <object_component id="oc-ca">
         <name>.text:_system_pre_init</name>
         <load_address>0x1209c</load_address>
         <run_address>0x1209c</run_address>
         <size>0x4</size>
         <input_file_ref idref="fl-f7"/>
      </object_component>
      <object_component id="oc-1d1">
         <name>.text:abort:abort</name>
         <load_address>0x120a0</load_address>
         <run_address>0x120a0</run_address>
         <size>0x4</size>
         <input_file_ref idref="fl-f9"/>
      </object_component>
      <object_component id="oc-278">
         <name>.const:twiddleCoef_4096</name>
         <load_address>0x208</load_address>
         <run_address>0x208</run_address>
         <size>0x8000</size>
         <input_file_ref idref="fl-16"/>
      </object_component>
      <object_component id="oc-463">
         <name>.const:asc2_2412</name>
         <load_address>0x8208</load_address>
         <run_address>0x8208</run_address>
         <size>0xd5c</size>
         <input_file_ref idref="fl-4"/>
      </object_component>
      <object_component id="oc-27b">
         <name>.const:armBitRevTable</name>
         <load_address>0x8f64</load_address>
         <run_address>0x8f64</run_address>
         <size>0x800</size>
         <input_file_ref idref="fl-16"/>
      </object_component>
      <object_component id="oc-460">
         <name>.const:asc2_1608</name>
         <load_address>0x9764</load_address>
         <run_address>0x9764</run_address>
         <size>0x5f0</size>
         <input_file_ref idref="fl-4"/>
      </object_component>
      <object_component id="oc-45d">
         <name>.const:asc2_1206</name>
         <load_address>0x9d54</load_address>
         <run_address>0x9d54</run_address>
         <size>0x474</size>
         <input_file_ref idref="fl-4"/>
      </object_component>
      <object_component id="oc-234">
         <name>.const:g_pppui32XTALtoVCO</name>
         <load_address>0xa1c8</load_address>
         <run_address>0xa1c8</run_address>
         <size>0x1b0</size>
         <input_file_ref idref="fl-1b"/>
      </object_component>
      <object_component id="oc-3b8">
         <name>.const:$O1$$</name>
         <load_address>0xa378</load_address>
         <run_address>0xa378</run_address>
         <size>0x158</size>
         <input_file_ref idref="fl-e9"/>
      </object_component>
      <object_component id="oc-4dc">
         <name>.const:.string:_ctypes_</name>
         <load_address>0xa4d0</load_address>
         <run_address>0xa4d0</run_address>
         <size>0x101</size>
         <input_file_ref idref="fl-fe"/>
      </object_component>
      <object_component id="oc-38c">
         <name>.const</name>
         <load_address>0xa5d4</load_address>
         <run_address>0xa5d4</run_address>
         <size>0x4</size>
         <input_file_ref idref="fl-6"/>
      </object_component>
      <object_component id="oc-2af">
         <name>.const:$O1$$</name>
         <load_address>0xa5d8</load_address>
         <run_address>0xa5d8</run_address>
         <size>0x30</size>
         <input_file_ref idref="fl-d5"/>
      </object_component>
      <object_component id="oc-31e">
         <name>.const:g_sXTALtoMEMTIM</name>
         <load_address>0xa608</load_address>
         <run_address>0xa608</run_address>
         <size>0x30</size>
         <input_file_ref idref="fl-1b"/>
      </object_component>
      <object_component id="oc-22e">
         <name>.const:g_pui32Xtals</name>
         <load_address>0xa638</load_address>
         <run_address>0xa638</run_address>
         <size>0x28</size>
         <input_file_ref idref="fl-1b"/>
      </object_component>
      <object_component id="oc-91">
         <name>.const:$P$T1$1</name>
         <load_address>0xa660</load_address>
         <run_address>0xa660</run_address>
         <size>0x20</size>
         <input_file_ref idref="fl-3"/>
      </object_component>
      <object_component id="oc-43d">
         <name>.const:.string</name>
         <load_address>0xa680</load_address>
         <run_address>0xa680</run_address>
         <size>0x12</size>
         <input_file_ref idref="fl-6"/>
      </object_component>
      <object_component id="oc-338">
         <name>.const:g_ui32UARTBase</name>
         <load_address>0xa694</load_address>
         <run_address>0xa694</run_address>
         <size>0xc</size>
         <input_file_ref idref="fl-6"/>
      </object_component>
      <object_component id="oc-32f">
         <name>.const:g_ui32UARTPeriph</name>
         <load_address>0xa6a0</load_address>
         <run_address>0xa6a0</run_address>
         <size>0xc</size>
         <input_file_ref idref="fl-6"/>
      </object_component>
      <object_component id="oc-231">
         <name>.const:g_pui32VCOFrequencies</name>
         <load_address>0xa6ac</load_address>
         <run_address>0xa6ac</run_address>
         <size>0x8</size>
         <input_file_ref idref="fl-1b"/>
      </object_component>
      <object_component id="oc-581">
         <name>.cinit..data.load</name>
         <load_address>0x120a8</load_address>
         <run_address>0x120a8</run_address>
         <size>0x15</size>
      </object_component>
      <object_component id="oc-57f">
         <name>__TI_handler_table</name>
         <load_address>0x120c0</load_address>
         <run_address>0x120c0</run_address>
         <size>0xc</size>
      </object_component>
      <object_component id="oc-582">
         <name>.cinit..bss.load</name>
         <load_address>0x120d0</load_address>
         <run_address>0x120d0</run_address>
         <size>0x8</size>
      </object_component>
      <object_component id="oc-580">
         <name>__TI_cinit_table</name>
         <load_address>0x120d8</load_address>
         <run_address>0x120d8</run_address>
         <size>0x10</size>
      </object_component>
      <object_component id="oc-97">
         <name>.data</name>
         <load_address>0x20007e20</load_address>
         <run_address>0x20007e20</run_address>
         <size>0x2b</size>
         <input_file_ref idref="fl-3"/>
      </object_component>
      <object_component id="oc-1be">
         <name>.data:Amp</name>
         <load_address>0x20007e4c</load_address>
         <run_address>0x20007e4c</run_address>
         <size>0x14</size>
         <input_file_ref idref="fl-3"/>
      </object_component>
      <object_component id="oc-e2">
         <name>.data</name>
         <load_address>0x20007e6c</load_address>
         <run_address>0x20007e6c</run_address>
         <size>0x4</size>
         <input_file_ref idref="fl-5"/>
      </object_component>
      <object_component id="oc-332">
         <name>.data</name>
         <load_address>0x20007e60</load_address>
         <run_address>0x20007e60</run_address>
         <size>0x5</size>
         <input_file_ref idref="fl-6"/>
      </object_component>
      <object_component id="oc-392">
         <name>.data</name>
         <load_address>0x20007e68</load_address>
         <run_address>0x20007e68</run_address>
         <size>0x4</size>
         <input_file_ref idref="fl-ea"/>
      </object_component>
      <object_component id="oc-94">
         <name>.bss:dstBufferA</name>
         <uninitialized>true</uninitialized>
         <run_address>0x20004000</run_address>
         <size>0x1000</size>
         <input_file_ref idref="fl-3"/>
      </object_component>
      <object_component id="oc-14f">
         <name>.common:pui8ControlTable</name>
         <uninitialized>true</uninitialized>
         <run_address>0x20007800</run_address>
         <size>0x400</size>
      </object_component>
      <object_component id="oc-3e3">
         <name>.common:USART3_TX_BUF</name>
         <uninitialized>true</uninitialized>
         <run_address>0x20007480</run_address>
         <size>0x258</size>
      </object_component>
      <object_component id="oc-173">
         <name>.common:scfft</name>
         <uninitialized>true</uninitialized>
         <run_address>0x200077c8</run_address>
         <size>0x14</size>
      </object_component>
      <object_component id="oc-177">
         <name>.common:dis_freq</name>
         <uninitialized>true</uninitialized>
         <run_address>0x200077e4</run_address>
         <size>0x4</size>
      </object_component>
      <object_component id="oc-1ce">
         <name>.common:sum</name>
         <uninitialized>true</uninitialized>
         <run_address>0x20007c1c</run_address>
         <size>0x4</size>
      </object_component>
      <object_component id="oc-165">
         <name>.common:INPUT</name>
         <uninitialized>true</uninitialized>
         <run_address>0x20005000</run_address>
         <size>0x1000</size>
      </object_component>
      <object_component id="oc-166">
         <name>.common:FFT_INPUT</name>
         <uninitialized>true</uninitialized>
         <run_address>0x20000000</run_address>
         <size>0x2000</size>
      </object_component>
      <object_component id="oc-176">
         <name>.common:emo</name>
         <uninitialized>true</uninitialized>
         <run_address>0x200077e8</run_address>
         <size>0x4</size>
      </object_component>
      <object_component id="oc-199">
         <name>.common:num1</name>
         <uninitialized>true</uninitialized>
         <run_address>0x20007c00</run_address>
         <size>0x4</size>
      </object_component>
      <object_component id="oc-19a">
         <name>.common:num2</name>
         <uninitialized>true</uninitialized>
         <run_address>0x20007c04</run_address>
         <size>0x4</size>
      </object_component>
      <object_component id="oc-1ab">
         <name>.common:num3</name>
         <uninitialized>true</uninitialized>
         <run_address>0x20007c08</run_address>
         <size>0x4</size>
      </object_component>
      <object_component id="oc-1ac">
         <name>.common:num4</name>
         <uninitialized>true</uninitialized>
         <run_address>0x20007c0c</run_address>
         <size>0x4</size>
      </object_component>
      <object_component id="oc-198">
         <name>.common:heng</name>
         <uninitialized>true</uninitialized>
         <run_address>0x200077ec</run_address>
         <size>0x4</size>
      </object_component>
      <object_component id="oc-175">
         <name>.common:heng_Fre</name>
         <uninitialized>true</uninitialized>
         <run_address>0x200077f0</run_address>
         <size>0x4</size>
      </object_component>
      <object_component id="oc-1cf">
         <name>.common:rms</name>
         <uninitialized>true</uninitialized>
         <run_address>0x20007c14</run_address>
         <size>0x4</size>
      </object_component>
      <object_component id="oc-162">
         <name>.common:maxxxx</name>
         <uninitialized>true</uninitialized>
         <run_address>0x200077f8</run_address>
         <size>0x4</size>
      </object_component>
      <object_component id="oc-163">
         <name>.common:minnnn</name>
         <uninitialized>true</uninitialized>
         <run_address>0x200077fc</run_address>
         <size>0x4</size>
      </object_component>
      <object_component id="oc-164">
         <name>.common:delta</name>
         <uninitialized>true</uninitialized>
         <run_address>0x200077e0</run_address>
         <size>0x4</size>
      </object_component>
      <object_component id="oc-1cd">
         <name>.common:Re_Appear</name>
         <uninitialized>true</uninitialized>
         <run_address>0x200076d8</run_address>
         <size>0xf0</size>
      </object_component>
      <object_component id="oc-174">
         <name>.common:fftOutput</name>
         <uninitialized>true</uninitialized>
         <run_address>0x20002000</run_address>
         <size>0x2000</size>
      </object_component>
      <object_component id="oc-9b">
         <name>.common:rmsBuff</name>
         <uninitialized>true</uninitialized>
         <run_address>0x20007c18</run_address>
         <size>0x4</size>
      </object_component>
      <object_component id="oc-9a">
         <name>.common:dcBuff</name>
         <uninitialized>true</uninitialized>
         <run_address>0x200077dc</run_address>
         <size>0x4</size>
      </object_component>
      <object_component id="oc-8e">
         <name>.common:qwe</name>
         <uninitialized>true</uninitialized>
         <run_address>0x20007c10</run_address>
         <size>0x4</size>
      </object_component>
      <object_component id="oc-178">
         <name>.common:haning</name>
         <uninitialized>true</uninitialized>
         <run_address>0x20006000</run_address>
         <size>0x1000</size>
      </object_component>
      <object_component id="oc-273">
         <name>.common:OLED_GRAM</name>
         <uninitialized>true</uninitialized>
         <run_address>0x20007000</run_address>
         <size>0x480</size>
      </object_component>
      <object_component id="oc-2f4">
         <name>.common:i</name>
         <uninitialized>true</uninitialized>
         <run_address>0x200077f4</run_address>
         <size>0x4</size>
      </object_component>
      <object_component id="oc-25">
         <name>.stack</name>
         <uninitialized>true</uninitialized>
         <run_address>0x20007c20</run_address>
         <size>0x4</size>
         <input_file_ref idref="fl-eb"/>
      </object_component>
      <object_component id="oc-584">
         <name>.stack</name>
         <uninitialized>true</uninitialized>
         <run_address>0x20007c20</run_address>
         <size>0x0</size>
      </object_component>
      <object_component id="oc-10d">
         <name>.debug_info</name>
         <load_address>0x0</load_address>
         <run_address>0x0</run_address>
         <size>0x8b3</size>
         <input_file_ref idref="fl-2"/>
      </object_component>
      <object_component id="oc-3e">
         <name>.debug_info</name>
         <load_address>0x8b3</load_address>
         <run_address>0x8b3</run_address>
         <size>0x133</size>
         <input_file_ref idref="fl-2"/>
      </object_component>
      <object_component id="oc-2fa">
         <name>.debug_info</name>
         <load_address>0x9e6</load_address>
         <run_address>0x9e6</run_address>
         <size>0x14f</size>
         <input_file_ref idref="fl-2"/>
      </object_component>
      <object_component id="oc-aa">
         <name>.debug_info</name>
         <load_address>0xb35</load_address>
         <run_address>0xb35</run_address>
         <size>0x26b</size>
         <input_file_ref idref="fl-2"/>
      </object_component>
      <object_component id="oc-f3">
         <name>.debug_info</name>
         <load_address>0xda0</load_address>
         <run_address>0xda0</run_address>
         <size>0x1028</size>
         <input_file_ref idref="fl-2"/>
      </object_component>
      <object_component id="oc-fd">
         <name>.debug_info</name>
         <load_address>0x1dc8</load_address>
         <run_address>0x1dc8</run_address>
         <size>0x186</size>
         <input_file_ref idref="fl-2"/>
      </object_component>
      <object_component id="oc-21d">
         <name>.debug_info</name>
         <load_address>0x1f4e</load_address>
         <run_address>0x1f4e</run_address>
         <size>0x196</size>
         <input_file_ref idref="fl-2"/>
      </object_component>
      <object_component id="oc-a2">
         <name>.debug_info</name>
         <load_address>0x20e4</load_address>
         <run_address>0x20e4</run_address>
         <size>0x8b</size>
         <input_file_ref idref="fl-2"/>
      </object_component>
      <object_component id="oc-108">
         <name>.debug_info</name>
         <load_address>0x216f</load_address>
         <run_address>0x216f</run_address>
         <size>0x2a4</size>
         <input_file_ref idref="fl-2"/>
      </object_component>
      <object_component id="oc-9d">
         <name>.debug_info</name>
         <load_address>0x2413</load_address>
         <run_address>0x2413</run_address>
         <size>0xbb</size>
         <input_file_ref idref="fl-2"/>
      </object_component>
      <object_component id="oc-218">
         <name>.debug_info</name>
         <load_address>0x24ce</load_address>
         <run_address>0x24ce</run_address>
         <size>0x2c</size>
         <input_file_ref idref="fl-2"/>
      </object_component>
      <object_component id="oc-f8">
         <name>.debug_info</name>
         <load_address>0x24fa</load_address>
         <run_address>0x24fa</run_address>
         <size>0x35</size>
         <input_file_ref idref="fl-2"/>
      </object_component>
      <object_component id="oc-8f">
         <name>.debug_info</name>
         <load_address>0x252f</load_address>
         <run_address>0x252f</run_address>
         <size>0x1027</size>
         <input_file_ref idref="fl-3"/>
      </object_component>
      <object_component id="oc-98">
         <name>.debug_info</name>
         <load_address>0x3556</load_address>
         <run_address>0x3556</run_address>
         <size>0x27c</size>
         <input_file_ref idref="fl-3"/>
      </object_component>
      <object_component id="oc-1bf">
         <name>.debug_info</name>
         <load_address>0x37d2</load_address>
         <run_address>0x37d2</run_address>
         <size>0xc7</size>
         <input_file_ref idref="fl-3"/>
      </object_component>
      <object_component id="oc-95">
         <name>.debug_info</name>
         <load_address>0x3899</load_address>
         <run_address>0x3899</run_address>
         <size>0xd4</size>
         <input_file_ref idref="fl-3"/>
      </object_component>
      <object_component id="oc-92">
         <name>.debug_info</name>
         <load_address>0x396d</load_address>
         <run_address>0x396d</run_address>
         <size>0xcf</size>
         <input_file_ref idref="fl-3"/>
      </object_component>
      <object_component id="oc-168">
         <name>.debug_info</name>
         <load_address>0x3a3c</load_address>
         <run_address>0x3a3c</run_address>
         <size>0x191</size>
         <input_file_ref idref="fl-3"/>
      </object_component>
      <object_component id="oc-14a">
         <name>.debug_info</name>
         <load_address>0x3bcd</load_address>
         <run_address>0x3bcd</run_address>
         <size>0x1fc</size>
         <input_file_ref idref="fl-3"/>
      </object_component>
      <object_component id="oc-1c8">
         <name>.debug_info</name>
         <load_address>0x3dc9</load_address>
         <run_address>0x3dc9</run_address>
         <size>0x1ad</size>
         <input_file_ref idref="fl-3"/>
      </object_component>
      <object_component id="oc-35">
         <name>.debug_info</name>
         <load_address>0x3f76</load_address>
         <run_address>0x3f76</run_address>
         <size>0x1e6</size>
         <input_file_ref idref="fl-3"/>
      </object_component>
      <object_component id="oc-126">
         <name>.debug_info</name>
         <load_address>0x415c</load_address>
         <run_address>0x415c</run_address>
         <size>0x1ac</size>
         <input_file_ref idref="fl-3"/>
      </object_component>
      <object_component id="oc-12c">
         <name>.debug_info</name>
         <load_address>0x4308</load_address>
         <run_address>0x4308</run_address>
         <size>0x1c7</size>
         <input_file_ref idref="fl-3"/>
      </object_component>
      <object_component id="oc-d1">
         <name>.debug_info</name>
         <load_address>0x44cf</load_address>
         <run_address>0x44cf</run_address>
         <size>0x855</size>
         <input_file_ref idref="fl-3"/>
      </object_component>
      <object_component id="oc-ee">
         <name>.debug_info</name>
         <load_address>0x4d24</load_address>
         <run_address>0x4d24</run_address>
         <size>0x24d4</size>
         <input_file_ref idref="fl-3"/>
      </object_component>
      <object_component id="oc-274">
         <name>.debug_info</name>
         <load_address>0x71f8</load_address>
         <run_address>0x71f8</run_address>
         <size>0x9d8</size>
         <input_file_ref idref="fl-4"/>
      </object_component>
      <object_component id="oc-45e">
         <name>.debug_info</name>
         <load_address>0x7bd0</load_address>
         <run_address>0x7bd0</run_address>
         <size>0xbd</size>
         <input_file_ref idref="fl-4"/>
      </object_component>
      <object_component id="oc-461">
         <name>.debug_info</name>
         <load_address>0x7c8d</load_address>
         <run_address>0x7c8d</run_address>
         <size>0xbd</size>
         <input_file_ref idref="fl-4"/>
      </object_component>
      <object_component id="oc-464">
         <name>.debug_info</name>
         <load_address>0x7d4a</load_address>
         <run_address>0x7d4a</run_address>
         <size>0xbd</size>
         <input_file_ref idref="fl-4"/>
      </object_component>
      <object_component id="oc-1c2">
         <name>.debug_info</name>
         <load_address>0x7e07</load_address>
         <run_address>0x7e07</run_address>
         <size>0x18e</size>
         <input_file_ref idref="fl-4"/>
      </object_component>
      <object_component id="oc-1b9">
         <name>.debug_info</name>
         <load_address>0x7f95</load_address>
         <run_address>0x7f95</run_address>
         <size>0x28a</size>
         <input_file_ref idref="fl-4"/>
      </object_component>
      <object_component id="oc-2e0">
         <name>.debug_info</name>
         <load_address>0x821f</load_address>
         <run_address>0x821f</run_address>
         <size>0x282</size>
         <input_file_ref idref="fl-4"/>
      </object_component>
      <object_component id="oc-25b">
         <name>.debug_info</name>
         <load_address>0x84a1</load_address>
         <run_address>0x84a1</run_address>
         <size>0x12e</size>
         <input_file_ref idref="fl-4"/>
      </object_component>
      <object_component id="oc-261">
         <name>.debug_info</name>
         <load_address>0x85cf</load_address>
         <run_address>0x85cf</run_address>
         <size>0x158</size>
         <input_file_ref idref="fl-4"/>
      </object_component>
      <object_component id="oc-350">
         <name>.debug_info</name>
         <load_address>0x8727</load_address>
         <run_address>0x8727</run_address>
         <size>0x133</size>
         <input_file_ref idref="fl-4"/>
      </object_component>
      <object_component id="oc-362">
         <name>.debug_info</name>
         <load_address>0x885a</load_address>
         <run_address>0x885a</run_address>
         <size>0x11e</size>
         <input_file_ref idref="fl-4"/>
      </object_component>
      <object_component id="oc-35c">
         <name>.debug_info</name>
         <load_address>0x8978</load_address>
         <run_address>0x8978</run_address>
         <size>0x111</size>
         <input_file_ref idref="fl-4"/>
      </object_component>
      <object_component id="oc-356">
         <name>.debug_info</name>
         <load_address>0x8a89</load_address>
         <run_address>0x8a89</run_address>
         <size>0x171</size>
         <input_file_ref idref="fl-4"/>
      </object_component>
      <object_component id="oc-267">
         <name>.debug_info</name>
         <load_address>0x8bfa</load_address>
         <run_address>0x8bfa</run_address>
         <size>0x1c4</size>
         <input_file_ref idref="fl-4"/>
      </object_component>
      <object_component id="oc-144">
         <name>.debug_info</name>
         <load_address>0x8dbe</load_address>
         <run_address>0x8dbe</run_address>
         <size>0x151</size>
         <input_file_ref idref="fl-4"/>
      </object_component>
      <object_component id="oc-26d">
         <name>.debug_info</name>
         <load_address>0x8f0f</load_address>
         <run_address>0x8f0f</run_address>
         <size>0x101</size>
         <input_file_ref idref="fl-4"/>
      </object_component>
      <object_component id="oc-2ef">
         <name>.debug_info</name>
         <load_address>0x9010</load_address>
         <run_address>0x9010</run_address>
         <size>0x143</size>
         <input_file_ref idref="fl-4"/>
      </object_component>
      <object_component id="oc-458">
         <name>.debug_info</name>
         <load_address>0x9153</load_address>
         <run_address>0x9153</run_address>
         <size>0x145</size>
         <input_file_ref idref="fl-4"/>
      </object_component>
      <object_component id="oc-3c9">
         <name>.debug_info</name>
         <load_address>0x9298</load_address>
         <run_address>0x9298</run_address>
         <size>0x1ef</size>
         <input_file_ref idref="fl-4"/>
      </object_component>
      <object_component id="oc-2e6">
         <name>.debug_info</name>
         <load_address>0x9487</load_address>
         <run_address>0x9487</run_address>
         <size>0x17e</size>
         <input_file_ref idref="fl-4"/>
      </object_component>
      <object_component id="oc-3c3">
         <name>.debug_info</name>
         <load_address>0x9605</load_address>
         <run_address>0x9605</run_address>
         <size>0x130</size>
         <input_file_ref idref="fl-4"/>
      </object_component>
      <object_component id="oc-140">
         <name>.debug_info</name>
         <load_address>0x9735</load_address>
         <run_address>0x9735</run_address>
         <size>0x3e5</size>
         <input_file_ref idref="fl-4"/>
      </object_component>
      <object_component id="oc-e3">
         <name>.debug_info</name>
         <load_address>0x9b1a</load_address>
         <run_address>0x9b1a</run_address>
         <size>0xd7</size>
         <input_file_ref idref="fl-5"/>
      </object_component>
      <object_component id="oc-83">
         <name>.debug_info</name>
         <load_address>0x9bf1</load_address>
         <run_address>0x9bf1</run_address>
         <size>0x113</size>
         <input_file_ref idref="fl-5"/>
      </object_component>
      <object_component id="oc-49">
         <name>.debug_info</name>
         <load_address>0x9d04</load_address>
         <run_address>0x9d04</run_address>
         <size>0x84</size>
         <input_file_ref idref="fl-5"/>
      </object_component>
      <object_component id="oc-2a4">
         <name>.debug_info</name>
         <load_address>0x9d88</load_address>
         <run_address>0x9d88</run_address>
         <size>0x7c8</size>
         <input_file_ref idref="fl-6"/>
      </object_component>
      <object_component id="oc-333">
         <name>.debug_info</name>
         <load_address>0xa550</load_address>
         <run_address>0xa550</run_address>
         <size>0xc3</size>
         <input_file_ref idref="fl-6"/>
      </object_component>
      <object_component id="oc-38d">
         <name>.debug_info</name>
         <load_address>0xa613</load_address>
         <run_address>0xa613</run_address>
         <size>0xbd</size>
         <input_file_ref idref="fl-6"/>
      </object_component>
      <object_component id="oc-339">
         <name>.debug_info</name>
         <load_address>0xa6d0</load_address>
         <run_address>0xa6d0</run_address>
         <size>0xcb</size>
         <input_file_ref idref="fl-6"/>
      </object_component>
      <object_component id="oc-330">
         <name>.debug_info</name>
         <load_address>0xa79b</load_address>
         <run_address>0xa79b</run_address>
         <size>0xcf</size>
         <input_file_ref idref="fl-6"/>
      </object_component>
      <object_component id="oc-239">
         <name>.debug_info</name>
         <load_address>0xa86a</load_address>
         <run_address>0xa86a</run_address>
         <size>0x1d6</size>
         <input_file_ref idref="fl-6"/>
      </object_component>
      <object_component id="oc-382">
         <name>.debug_info</name>
         <load_address>0xaa40</load_address>
         <run_address>0xaa40</run_address>
         <size>0x173</size>
         <input_file_ref idref="fl-6"/>
      </object_component>
      <object_component id="oc-335">
         <name>.debug_info</name>
         <load_address>0xabb3</load_address>
         <run_address>0xabb3</run_address>
         <size>0x1d2</size>
         <input_file_ref idref="fl-6"/>
      </object_component>
      <object_component id="oc-29e">
         <name>.debug_info</name>
         <load_address>0xad85</load_address>
         <run_address>0xad85</run_address>
         <size>0x2d3</size>
         <input_file_ref idref="fl-6"/>
      </object_component>
      <object_component id="oc-16e">
         <name>.debug_info</name>
         <load_address>0xb058</load_address>
         <run_address>0xb058</run_address>
         <size>0x13e</size>
         <input_file_ref idref="fl-6"/>
      </object_component>
      <object_component id="oc-42">
         <name>.debug_info</name>
         <load_address>0xb196</load_address>
         <run_address>0xb196</run_address>
         <size>0x2b7</size>
         <input_file_ref idref="fl-7"/>
      </object_component>
      <object_component id="oc-14">
         <name>.debug_info</name>
         <load_address>0xb44d</load_address>
         <run_address>0xb44d</run_address>
         <size>0xe2</size>
         <input_file_ref idref="fl-7"/>
      </object_component>
      <object_component id="oc-2b">
         <name>.debug_info</name>
         <load_address>0xb52f</load_address>
         <run_address>0xb52f</run_address>
         <size>0x148</size>
         <input_file_ref idref="fl-7"/>
      </object_component>
      <object_component id="oc-30">
         <name>.debug_info</name>
         <load_address>0xb677</load_address>
         <run_address>0xb677</run_address>
         <size>0x130</size>
         <input_file_ref idref="fl-7"/>
      </object_component>
      <object_component id="oc-29b">
         <name>.debug_info</name>
         <load_address>0xb7a7</load_address>
         <run_address>0xb7a7</run_address>
         <size>0x3b4</size>
         <input_file_ref idref="fl-13"/>
      </object_component>
      <object_component id="oc-296">
         <name>.debug_info</name>
         <load_address>0xbb5b</load_address>
         <run_address>0xbb5b</run_address>
         <size>0x204</size>
         <input_file_ref idref="fl-13"/>
      </object_component>
      <object_component id="oc-15e">
         <name>.debug_info</name>
         <load_address>0xbd5f</load_address>
         <run_address>0xbd5f</run_address>
         <size>0x2c6</size>
         <input_file_ref idref="fl-13"/>
      </object_component>
      <object_component id="oc-116">
         <name>.debug_info</name>
         <load_address>0xc025</load_address>
         <run_address>0xc025</run_address>
         <size>0x2c</size>
         <input_file_ref idref="fl-13"/>
      </object_component>
      <object_component id="oc-293">
         <name>.debug_info</name>
         <load_address>0xc051</load_address>
         <run_address>0xc051</run_address>
         <size>0x3e5</size>
         <input_file_ref idref="fl-14"/>
      </object_component>
      <object_component id="oc-158">
         <name>.debug_info</name>
         <load_address>0xc436</load_address>
         <run_address>0xc436</run_address>
         <size>0x295</size>
         <input_file_ref idref="fl-14"/>
      </object_component>
      <object_component id="oc-288">
         <name>.debug_info</name>
         <load_address>0xc6cb</load_address>
         <run_address>0xc6cb</run_address>
         <size>0x429</size>
         <input_file_ref idref="fl-14"/>
      </object_component>
      <object_component id="oc-282">
         <name>.debug_info</name>
         <load_address>0xcaf4</load_address>
         <run_address>0xcaf4</run_address>
         <size>0x47c</size>
         <input_file_ref idref="fl-14"/>
      </object_component>
      <object_component id="oc-27f">
         <name>.debug_info</name>
         <load_address>0xcf70</load_address>
         <run_address>0xcf70</run_address>
         <size>0x40c</size>
         <input_file_ref idref="fl-15"/>
      </object_component>
      <object_component id="oc-154">
         <name>.debug_info</name>
         <load_address>0xd37c</load_address>
         <run_address>0xd37c</run_address>
         <size>0x2ee</size>
         <input_file_ref idref="fl-15"/>
      </object_component>
      <object_component id="oc-36d">
         <name>.debug_info</name>
         <load_address>0xd66a</load_address>
         <run_address>0xd66a</run_address>
         <size>0x818</size>
         <input_file_ref idref="fl-16"/>
      </object_component>
      <object_component id="oc-27c">
         <name>.debug_info</name>
         <load_address>0xde82</load_address>
         <run_address>0xde82</run_address>
         <size>0x131</size>
         <input_file_ref idref="fl-16"/>
      </object_component>
      <object_component id="oc-279">
         <name>.debug_info</name>
         <load_address>0xdfb3</load_address>
         <run_address>0xdfb3</run_address>
         <size>0x136</size>
         <input_file_ref idref="fl-16"/>
      </object_component>
      <object_component id="oc-375">
         <name>.debug_info</name>
         <load_address>0xe0e9</load_address>
         <run_address>0xe0e9</run_address>
         <size>0x38f</size>
         <input_file_ref idref="fl-17"/>
      </object_component>
      <object_component id="oc-28e">
         <name>.debug_info</name>
         <load_address>0xe478</load_address>
         <run_address>0xe478</run_address>
         <size>0x321</size>
         <input_file_ref idref="fl-17"/>
      </object_component>
      <object_component id="oc-31d">
         <name>.debug_info</name>
         <load_address>0xe799</load_address>
         <run_address>0xe799</run_address>
         <size>0x889</size>
         <input_file_ref idref="fl-18"/>
      </object_component>
      <object_component id="oc-134">
         <name>.debug_info</name>
         <load_address>0xf022</load_address>
         <run_address>0xf022</run_address>
         <size>0x2b9</size>
         <input_file_ref idref="fl-18"/>
      </object_component>
      <object_component id="oc-8a">
         <name>.debug_info</name>
         <load_address>0xf2db</load_address>
         <run_address>0xf2db</run_address>
         <size>0x20f</size>
         <input_file_ref idref="fl-18"/>
      </object_component>
      <object_component id="oc-40d">
         <name>.debug_info</name>
         <load_address>0xf4ea</load_address>
         <run_address>0xf4ea</run_address>
         <size>0x26b</size>
         <input_file_ref idref="fl-18"/>
      </object_component>
[...]
         <value>0x10de9</value>
         <object_component_ref idref="oc-4e"/>
      </symbol>
      <symbol id="sm-80e">
         <name>__aeabi_memcpy4</name>
         <value>0x10de9</value>
         <object_component_ref idref="oc-4e"/>
      </symbol>
      <symbol id="sm-81d">
         <name>__aeabi_uidivmod</name>
         <value>0x11c91</value>
         <object_component_ref idref="oc-387"/>
      </symbol>
      <symbol id="sm-81e">
         <name>__aeabi_uidiv</name>
         <value>0x11c91</value>
         <object_component_ref idref="oc-387"/>
      </symbol>
      <symbol id="sm-830">
         <name>__TI_zero_init</name>
         <value>0x1207f</value>
         <object_component_ref idref="oc-60"/>
      </symbol>
      <symbol id="sm-847">
         <name>__TI_decompress_none</name>
         <value>0x12065</value>
         <object_component_ref idref="oc-1c"/>
      </symbol>
      <symbol id="sm-86a">
         <name>__TI_decompress_lzss</name>
         <value>0x11545</value>
         <object_component_ref idref="oc-16"/>
      </symbol>
      <symbol id="sm-878">
         <name>strlen</name>
         <value>0x1202d</value>
         <object_component_ref idref="oc-3d7"/>
      </symbol>
      <symbol id="sm-8de">
         <name>__kernel_rem_pio2</name>
         <value>0xca0d</value>
         <object_component_ref idref="oc-2d0"/>
      </symbol>
      <symbol id="sm-8f4">
         <name>__aeabi_errno_addr</name>
         <value>0x12095</value>
         <object_component_ref idref="oc-2a9"/>
      </symbol>
      <symbol id="sm-8f5">
         <name>errno</name>
         <value>0x20007e68</value>
         <object_component_ref idref="oc-392"/>
      </symbol>
      <symbol id="sm-908">
         <name>__stack</name>
         <value>0x20007c20</value>
         <object_component_ref idref="oc-25"/>
      </symbol>
      <symbol id="sm-909">
         <name>_c_int00_noargs</name>
         <value>0x11ded</value>
         <object_component_ref idref="oc-6c"/>
      </symbol>
      <symbol id="sm-a6e">
         <name>__TI_printfi</name>
         <value>0xb5ed</value>
         <object_component_ref idref="oc-467"/>
      </symbol>
      <symbol id="sm-a78">
         <name>copysign</name>
         <value>0x11fe5</value>
         <object_component_ref idref="oc-39a"/>
      </symbol>
      <symbol id="sm-a79">
         <name>copysignl</name>
         <value>0x11fe5</value>
         <object_component_ref idref="oc-39a"/>
      </symbol>
      <symbol id="sm-a8f">
         <name>__kernel_cos</name>
         <value>0xfb7d</value>
         <object_component_ref idref="oc-2d6"/>
      </symbol>
      <symbol id="sm-aa6">
         <name>__kernel_sin</name>
         <value>0xfa09</value>
         <object_component_ref idref="oc-2ca"/>
      </symbol>
      <symbol id="sm-ac3">
         <name>floorl</name>
         <value>0x1079d</value>
         <object_component_ref idref="oc-3b2"/>
      </symbol>
      <symbol id="sm-ac4">
         <name>floor</name>
         <value>0x1079d</value>
         <object_component_ref idref="oc-3b2"/>
      </symbol>
      <symbol id="sm-ada">
         <name>frexpl</name>
         <value>0x1167d</value>
         <object_component_ref idref="oc-508"/>
      </symbol>
      <symbol id="sm-adb">
         <name>frexp</name>
         <value>0x1167d</value>
         <object_component_ref idref="oc-508"/>
      </symbol>
      <symbol id="sm-af4">
         <name>wcslen</name>
         <value>0x12053</value>
         <object_component_ref idref="oc-4c4"/>
      </symbol>
      <symbol id="sm-afe">
         <name>__aeabi_idiv0</name>
         <value>0x1021b</value>
         <object_component_ref idref="oc-437"/>
      </symbol>
      <symbol id="sm-aff">
         <name>__aeabi_ldiv0</name>
         <value>0x1021b</value>
         <object_component_ref idref="oc-437"/>
      </symbol>
      <symbol id="sm-b0c">
         <name>__aeabi_uldivmod</name>
         <value>0x10e85</value>
         <object_component_ref idref="oc-4e1"/>
      </symbol>
      <symbol id="sm-b1b">
         <name>__aeabi_memset</name>
         <value>0x111b3</value>
         <object_component_ref idref="oc-c4"/>
      </symbol>
      <symbol id="sm-b1c">
         <name>memset</name>
         <value>0x111b9</value>
         <object_component_ref idref="oc-c4"/>
      </symbol>
      <symbol id="sm-b1d">
         <name>__aeabi_memset8</name>
         <value>0x111b3</value>
         <object_component_ref idref="oc-c4"/>
      </symbol>
      <symbol id="sm-b1e">
         <name>__aeabi_memset4</name>
         <value>0x111b3</value>
         <object_component_ref idref="oc-c4"/>
      </symbol>
      <symbol id="sm-b1f">
         <name>__aeabi_memclr8</name>
         <value>0x111b1</value>
         <object_component_ref idref="oc-c4"/>
      </symbol>
      <symbol id="sm-b20">
         <name>__aeabi_memclr4</name>
         <value>0x111b1</value>
         <object_component_ref idref="oc-c4"/>
      </symbol>
      <symbol id="sm-b21">
         <name>__aeabi_memclr</name>
         <value>0x111b1</value>
         <object_component_ref idref="oc-c4"/>
      </symbol>
      <symbol id="sm-b49">
         <name>__TI_auto_init_nobinit_nopinit</name>
         <value>0x11bc9</value>
         <object_component_ref idref="oc-1dd"/>
      </symbol>
      <symbol id="sm-b53">
         <name>_system_pre_init</name>
         <value>0x1209d</value>
         <object_component_ref idref="oc-ca"/>
      </symbol>
      <symbol id="sm-b5f">
         <name>C$$EXIT</name>
         <value>0x120a1</value>
         <object_component_ref idref="oc-1d1"/>
      </symbol>
      <symbol id="sm-b60">
         <name>abort</name>
         <value>0x120a1</value>
         <object_component_ref idref="oc-1d1"/>
      </symbol>
      <symbol id="sm-b70">
         <name>__TI_ltoa</name>
         <value>0x119bd</value>
         <object_component_ref idref="oc-4e7"/>
      </symbol>
      <symbol id="sm-b87">
         <name>atoi</name>
         <value>0x11a65</value>
         <object_component_ref idref="oc-49a"/>
      </symbol>
      <symbol id="sm-b92">
         <name>_ctypes_</name>
         <value>0xa4d0</value>
         <object_component_ref idref="oc-4dc"/>
      </symbol>
      <symbol id="sm-ba2">
         <name>memccpy</name>
         <value>0x11fc9</value>
         <object_component_ref idref="oc-4be"/>
      </symbol>
      <symbol id="sm-bb2">
         <name>strchr</name>
         <value>0x12017</value>
         <object_component_ref idref="oc-50e"/>
      </symbol>
      <symbol id="sm-bb3">
         <name>__TI_static_base__</name>
         <value>0x0</value>
      </symbol>
      <symbol id="sm-bb6">
         <name>__mpu_init</name>
         <value>0x0</value>
      </symbol>
      <symbol id="sm-bb7">
         <name>_system_post_cinit</name>
         <value>0x0</value>
      </symbol>
      <symbol id="sm-bb8">
         <name>NMI_Handler</name>
         <value>0xc03b</value>
      </symbol>
      <symbol id="sm-bb9">
         <name>HardFault_Handler</name>
         <value>0xc03b</value>
      </symbol>
      <symbol id="sm-bba">
         <name>MemManage_Handler</name>
         <value>0xc03b</value>
      </symbol>
      <symbol id="sm-bbb">
         <name>BusFault_Handler</name>
         <value>0xc03b</value>
      </symbol>
      <symbol id="sm-bbc">
         <name>UsageFault_Handler</name>
         <value>0xc03b</value>
      </symbol>
      <symbol id="sm-bbd">
         <name>SVC_Handler</name>
         <value>0xc03b</value>
      </symbol>
      <symbol id="sm-bbe">
         <name>DebugMon_Handler</name>
         <value>0xc03b</value>
      </symbol>
      <symbol id="sm-bbf">
         <name>PendSV_Handler</name>
         <value>0xc03b</value>
      </symbol>
      <symbol id="sm-bc0">
         <name>SysTick_Handler</name>
         <value>0xc03b</value>
      </symbol>
      <symbol id="sm-bc1">
         <name>GPIOA_IRQHandler</name>
         <value>0xc03b</value>
      </symbol>
      <symbol id="sm-bc2">
         <name>GPIOB_IRQHandler</name>
         <value>0xc03b</value>
      </symbol>
      <symbol id="sm-bc3">
         <name>GPIOC_IRQHandler</name>
         <value>0xc03b</value>
      </symbol>
      <symbol id="sm-bc4">
         <name>GPIOD_IRQHandler</name>
         <value>0xc03b</value>
      </symbol>
      <symbol id="sm-bc5">
         <name>GPIOE_IRQHandler</name>
         <value>0xc03b</value>
      </symbol>
      <symbol id="sm-bc6">
         <name>UART0_IRQHandler</name>
         <value>0xc03b</value>
      </symbol>
      <symbol id="sm-bc7">
         <name>UART1_IRQHandler</name>
         <value>0xc03b</value>
      </symbol>
      <symbol id="sm-bc8">
         <name>SSI0_IRQHandler</name>
         <value>0xc03b</value>
      </symbol>
      <symbol id="sm-bc9">
         <name>I2C0_IRQHandler</name>
         <value>0xc03b</value>
      </symbol>
      <symbol id="sm-bca">
         <name>PWM0_FAULT_IRQHandler</name>
         <value>0xc03b</value>
      </symbol>
      <symbol id="sm-bcb">
         <name>PWM0_0_IRQHandler</name>
         <value>0xc03b</value>
      </symbol>
      <symbol id="sm-bcc">
         <name>PWM0_1_IRQHandler</name>
         <value>0xc03b</value>
      </symbol>
      <symbol id="sm-bcd">
         <name>PWM0_2_IRQHandler</name>
         <value>0xc03b</value>
      </symbol>
      <symbol id="sm-bce">
         <name>QEI0_IRQHandler</name>
         <value>0xc03b</value>
      </symbol>
      <symbol id="sm-bcf">
         <name>ADC0SS0_IRQHandler</name>
         <value>0xc03b</value>
      </symbol>
      <symbol id="sm-bd0">
         <name>ADC0SS1_IRQHandler</name>
         <value>0xc03b</value>
      </symbol>
      <symbol id="sm-bd1">
         <name>ADC0SS2_IRQHandler</name>
         <value>0x10895</value>
      </symbol>
      <symbol id="sm-bd2">
         <name>ADC0SS3_IRQHandler</name>
         <value>0xc03b</value>
      </symbol>
      <symbol id="sm-bd3">
         <name>WATCHDOG_IRQHandler</name>
         <value>0xc03b</value>
      </symbol>
      <symbol id="sm-bd4">
         <name>TIMER0A_IRQHandler</name>
         <value>0xc03b</value>
      </symbol>
      <symbol id="sm-bd5">
         <name>TIMER0B_IRQHandler</name>
         <value>0xc03b</value>
      </symbol>
      <symbol id="sm-bd6">
         <name>TIMER1A_IRQHandler</name>
         <value>0xc03b</value>
      </symbol>
      <symbol id="sm-bd7">
         <name>TIMER1B_IRQHandler</name>
         <value>0xc03b</value>
      </symbol>
      <symbol id="sm-bd8">
         <name>TIMER2A_IRQHandler</name>
         <value>0xc03b</value>
      </symbol>
      <symbol id="sm-bd9">
         <name>TIMER2B_IRQHandler</name>
         <value>0xc03b</value>
      </symbol>
      <symbol id="sm-bda">
         <name>COMP0_IRQHandler</name>
         <value>0xc03b</value>
      </symbol>
      <symbol id="sm-bdb">
         <name>COMP1_IRQHandler</name>
         <value>0xc03b</value>
      </symbol>
      <symbol id="sm-bdc">
         <name>COMP2_IRQHandler</name>
         <value>0xc03b</value>
      </symbol>
      <symbol id="sm-bdd">
         <name>SYSCTL_IRQHandler</name>
         <value>0xc03b</value>
      </symbol>
      <symbol id="sm-bde">
         <name>FLASH_IRQHandler</name>
         <value>0xc03b</value>
      </symbol>
      <symbol id="sm-bdf">
         <name>GPIOF_IRQHandler</name>
         <value>0xc03b</value>
      </symbol>
      <symbol id="sm-be0">
         <name>GPIOG_IRQHandler</name>
         <value>0xc03b</value>
      </symbol>
      <symbol id="sm-be1">
         <name>GPIOH_IRQHandler</name>
         <value>0xc03b</value>
      </symbol>
      <symbol id="sm-be2">
         <name>UART2_IRQHandler</name>
         <value>0xc03b</value>
      </symbol>
      <symbol id="sm-be3">
         <name>SSI1_IRQHandler</name>
         <value>0xc03b</value>
      </symbol>
      <symbol id="sm-be4">
         <name>TIMER3A_IRQHandler</name>
         <value>0xc03b</value>
      </symbol>
      <symbol id="sm-be5">
         <name>TIMER3B_IRQHandler</name>
         <value>0xc03b</value>
      </symbol>
      <symbol id="sm-be6">
         <name>I2C1_IRQHandler</name>
         <value>0xc03b</value>
      </symbol>
      <symbol id="sm-be7">
         <name>CAN0_IRQHandler</name>
         <value>0xc03b</value>
      </symbol>
      <symbol id="sm-be8">
         <name>CAN1_IRQHandler</name>
         <value>0xc03b</value>
      </symbol>
      <symbol id="sm-be9">
         <name>EMAC0_IRQHandler</name>
         <value>0xc03b</value>
      </symbol>
      <symbol id="sm-bea">
         <name>HIBERNATE_IRQHandler</name>
         <value>0xc03b</value>
      </symbol>
      <symbol id="sm-beb">
         <name>USB0_IRQHandler</name>
         <value>0xc03b</value>
      </symbol>
      <symbol id="sm-bec">
         <name>PWM0_3_IRQHandler</name>
         <value>0xc03b</value>
      </symbol>
      <symbol id="sm-bed">
         <name>UDMA_IRQHandler</name>
         <value>0xc03b</value>
      </symbol>
      <symbol id="sm-bee">
         <name>UDMAERR_IRQHandler</name>
         <value>0xc03b</value>
      </symbol>
      <symbol id="sm-bef">
         <name>ADC1SS0_IRQHandler</name>
         <value>0xc03b</value>
      </symbol>
      <symbol id="sm-bf0">
         <name>ADC1SS1_IRQHandler</name>
         <value>0xc03b</value>
      </symbol>
      <symbol id="sm-bf1">
         <name>ADC1SS2_IRQHandler</name>
         <value>0xc03b</value>
      </symbol>
      <symbol id="sm-bf2">
         <name>ADC1SS3_IRQHandler</name>
         <value>0xc03b</value>
      </symbol>
      <symbol id="sm-bf3">
         <name>EPI0_IRQHandler</name>
         <value>0xc03b</value>
      </symbol>
      <symbol id="sm-bf4">
         <name>GPIOJ_IRQHandler</name>
         <value>0xc03b</value>
      </symbol>
      <symbol id="sm-bf5">
         <name>GPIOK_IRQHandler</name>
         <value>0xc03b</value>
      </symbol>
      <symbol id="sm-bf6">
         <name>GPIOL_IRQHandler</name>
         <value>0xc03b</value>
      </symbol>
      <symbol id="sm-bf7">
         <name>SSI2_IRQHandler</name>
         <value>0xc03b</value>
      </symbol>
      <symbol id="sm-bf8">
         <name>SSI3_IRQHandler</name>
         <value>0xc03b</value>
      </symbol>
      <symbol id="sm-bf9">
         <name>UART3_IRQHandler</name>
         <value>0xc03b</value>
      </symbol>
      <symbol id="sm-bfa">
         <name>UART4_IRQHandler</name>
         <value>0xc03b</value>
      </symbol>
      <symbol id="sm-bfb">
         <name>UART5_IRQHandler</name>
         <value>0xc03b</value>
      </symbol>
      <symbol id="sm-bfc">
         <name>UART6_IRQHandler</name>
         <value>0xc03b</value>
      </symbol>
      <symbol id="sm-bfd">
         <name>UART7_IRQHandler</name>
         <value>0x11859</value>
      </symbol>
      <symbol id="sm-bfe">
         <name>I2C2_IRQHandler</name>
         <value>0xc03b</value>
      </symbol>
      <symbol id="sm-bff">
         <name>I2C3_IRQHandler</name>
         <value>0xc03b</value>
      </symbol>
      <symbol id="sm-c00">
         <name>TIMER4A_IRQHandler</name>
         <value>0xc03b</value>
      </symbol>
      <symbol id="sm-c01">
         <name>TIMER4B_IRQHandler</name>
         <value>0xc03b</value>
      </symbol>
      <symbol id="sm-c02">
         <name>TIMER5A_IRQHandler</name>
         <value>0xc03b</value>
      </symbol>
      <symbol id="sm-c03">
         <name>TIMER5B_IRQHandler</name>
         <value>0xc03b</value>
      </symbol>
      <symbol id="sm-c04">
         <name>SYSEXC_IRQHandler</name>
         <value>0xc03b</value>
      </symbol>
      <symbol id="sm-c05">
         <name>I2C4_IRQHandler</name>
         <value>0xc03b</value>
      </symbol>
      <symbol id="sm-c06">
         <name>I2C5_IRQHandler</name>
         <value>0xc03b</value>
      </symbol>
      <symbol id="sm-c07">
         <name>GPIOM_IRQHandler</name>
         <value>0xc03b</value>
      </symbol>
      <symbol id="sm-c08">
         <name>GPION_IRQHandler</name>
         <value>0xc03b</value>
      </symbol>
      <symbol id="sm-c09">
         <name>TAMPER0_IRQHandler</name>
         <value>0xc03b</value>
      </symbol>
      <symbol id="sm-c0a">
         <name>GPIOP0_IRQHandler</name>
         <value>0xc03b</value>
      </symbol>
      <symbol id="sm-c0b">
         <name>GPIOP1_IRQHandler</name>
         <value>0xc03b</value>
      </symbol>
      <symbol id="sm-c0c">
         <name>GPIOP2_IRQHandler</name>
         <value>0xc03b</value>
      </symbol>
      <symbol id="sm-c0d">
         <name>GPIOP3_IRQHandler</name>
         <value>0xc03b</value>
      </symbol>
      <symbol id="sm-c0e">
         <name>GPIOP4_IRQHandler</name>
         <value>0xc03b</value>
      </symbol>
      <symbol id="sm-c0f">
         <name>GPIOP5_IRQHandler</name>
         <value>0xc03b</value>
      </symbol>
      <symbol id="sm-c10">
         <name>GPIOP6_IRQHandler</name>
         <value>0xc03b</value>
      </symbol>
      <symbol id="sm-c11">
         <name>GPIOP7_IRQHandler</name>
         <value>0xc03b</value>
      </symbol>
      <symbol id="sm-c12">
         <name>GPIOQ0_IRQHandler</name>
         <value>0xc03b</value>
      </symbol>
      <symbol id="sm-c13">
         <name>GPIOQ1_IRQHandler</name>
         <value>0xc03b</value>
      </symbol>
      <symbol id="sm-c14">
         <name>GPIOQ2_IRQHandler</name>
         <value>0xc03b</value>
      </symbol>
      <symbol id="sm-c15">
         <name>GPIOQ3_IRQHandler</name>
         <value>0xc03b</value>
      </symbol>
      <symbol id="sm-c16">
         <name>GPIOQ4_IRQHandler</name>
         <value>0xc03b</value>
      </symbol>
      <symbol id="sm-c17">
         <name>GPIOQ5_IRQHandler</name>
         <value>0xc03b</value>
      </symbol>
      <symbol id="sm-c18">
         <name>GPIOQ6_IRQHandler</name>
         <value>0xc03b</value>
      </symbol>
      <symbol id="sm-c19">
         <name>GPIOQ7_IRQHandler</name>
         <value>0xc03b</value>
      </symbol>
      <symbol id="sm-c1a">
         <name>SHA0_IRQHandler</name>
         <value>0xc03b</value>
      </symbol>
      <symbol id="sm-c1b">
         <name>AES0_IRQHandler</name>
         <value>0xc03b</value>
      </symbol>
      <symbol id="sm-c1c">
         <name>DES0_IRQHandler</name>
         <value>0xc03b</value>
      </symbol>
      <symbol id="sm-c1d">
         <name>TIMER6A_IRQHandler</name>
         <value>0xc03b</value>
      </symbol>
      <symbol id="sm-c1e">
         <name>TIMER6B_IRQHandler</name>
         <value>0xc03b</value>
      </symbol>
      <symbol id="sm-c1f">
         <name>TIMER7A_IRQHandler</name>
         <value>0xc03b</value>
      </symbol>
      <symbol id="sm-c20">
         <name>TIMER7B_IRQHandler</name>
         <value>0xc03b</value>
      </symbol>
      <symbol id="sm-c21">
         <name>I2C6_IRQHandler</name>
         <value>0xc03b</value>
      </symbol>
      <symbol id="sm-c22">
         <name>I2C7_IRQHandler</name>
         <value>0xc03b</value>
      </symbol>
      <symbol id="sm-c23">
         <name>I2C8_IRQHandler</name>
         <value>0xc03b</value>
      </symbol>
      <symbol id="sm-c24">
         <name>I2C9_IRQHandler</name>
         <value>0xc03b</value>
      </symbol>
   </symbol_table>
   <title>Link successful</title>
</link_info>
