******************************************************************************
                  TI ARM Linker PC v20.2.5                     
******************************************************************************
>> Linked Sat Nov  6 21:41:46 2021

OUTPUT FILE NAME:   <ADCxDMAxDSP.out>
ENTRY POINT SYMBOL: "_c_int00_noargs"  address: 0000bff5


MEMORY CONFIGURATION

         name            origin    length      used     unused   attr    fill
----------------------  --------  ---------  --------  --------  ----  --------
  FLASH                 00000000   00100000  0000c158  000f3ea8  R  X
  SRAM                  20000000   00040000  0000865c  000379a4  RW X


SEGMENT ALLOCATION MAP

run origin  load origin   length   init length attrs members
----------  ----------- ---------- ----------- ----- -------
00000000    00000000    0000c158   0000c158    r-x
  00000000    00000000    00000208   00000208    r-- .intvecs
  00000208    00000208    00008a70   00008a70    r-- .const
  00008c78    00008c78    000034b0   000034b0    r-x .text
  0000c128    0000c128    00000030   00000030    r-- .cinit
20000000    20000000    00008660   00000000    rw-
  20000000    20000000    0000844c   00000000    rw- .bss
  20008450    20008450    00000200   00000000    rw- .stack
  20008650    20008650    00000010   00000000    rw- .data


SECTION ALLOCATION MAP

 output                                  attributes/
section   page    origin      length       input sections
--------  ----  ----------  ----------   ----------------
.intvecs   0    00000000    00000208     
                  00000000    00000208     startup_msp432e401y_ccs.obj (.intvecs:retain)

.const     0    00000208    00008a70     
                  00000208    00008000     arm_cortexM4lf_math.a : arm_common_tables.o (.const:twiddleCoef_4096)
                  00008208    00000800                           : arm_common_tables.o (.const:armBitRevTable)
                  00008a08    000001b0     msp432e4_driverlib.a : sysctl.o (.const:g_pppui32XTALtoVCO)
                  00008bb8    00000030     rtsv7M4_T_le_v4SPD16_eabi.lib : e_pow.c.obj (.const:$O1$$)
                  00008be8    00000030     msp432e4_driverlib.a : sysctl.o (.const:g_sXTALtoMEMTIM)
                  00008c18    00000028                          : sysctl.o (.const:g_pui32Xtals)
                  00008c40    00000012     uartstdio.obj (.const:.string)
                  00008c52    00000002     --HOLE-- [fill = 0]
                  00008c54    0000000c     uartstdio.obj (.const:g_ui32UARTBase)
                  00008c60    0000000c     uartstdio.obj (.const:g_ui32UARTPeriph)
                  00008c6c    00000008     msp432e4_driverlib.a : sysctl.o (.const:g_pui32VCOFrequencies)
                  00008c74    00000004     uartstdio.obj (.const)

.text      0    00008c78    000034b0     
                  00008c78    000009d0     rtsv7M4_T_le_v4SPD16_eabi.lib : e_pow.c.obj (.text:pow)
                  00009648    000006f0     cmsis_msp432e4_dsp_example.obj (.text:main)
                  00009d38    00000638     arm_cortexM4lf_math.a : arm_cfft_radix4_f32.o (.text:arm_radix4_butterfly_inverse_f32)
                  0000a370    00000394                           : arm_cfft_radix4_f32.o (.text:arm_radix4_butterfly_f32)
                  0000a704    0000030c     uartstdio.obj (.text:UARTvprintf)
                  0000aa10    000002e0     msp432e4_driverlib.a : sysctl.o (.text:SysCtlClockFreqSet)
                  0000acf0    000001fa     arm_cortexM4lf_math.a : arm_bitreversal.o (.text:arm_bitreversal_f32)
                  0000aeea    000001b6     rtsv7M4_T_le_v4SPD16_eabi.lib : fd_add_t2.asm.obj (.text)
                  0000b0a0    00000158                                   : e_sqrt.c.obj (.text:sqrt)
                  0000b1f8    00000136                                   : fd_div_t2.asm.obj (.text)
                  0000b32e    00000002     startup_msp432e401y_ccs.obj (.text:Default_Handler)
                  0000b330    0000011c     arm_cortexM4lf_math.a : arm_cfft_radix4_init_f32.o (.text:arm_cfft_radix4_init_f32)
                  0000b44c    00000110     rtsv7M4_T_le_v4SPD16_eabi.lib : s_scalbn.c.obj (.text:scalbn)
                  0000b55c    000000fc                                   : fd_mul_t2.asm.obj (.text)
                  0000b658    000000ee     msp432e4_driverlib.a : adc.o (.text:ADCSequenceStepConfigure)
                  0000b746    00000002     rtsv7M4_T_le_v4SPD16_eabi.lib : div0.asm.obj (.text)
                  0000b748    000000b8     cmsis_msp432e4_dsp_example.obj (.text:f_char_printf)
                  0000b800    000000a0     cmsis_msp432e4_dsp_example.obj (.text:ADC0SS2_IRQHandler)
                  0000b8a0    0000009c     rtsv7M4_T_le_v4SPD16_eabi.lib : memcpy_t2.asm.obj (.text)
                  0000b93c    00000090     msp432e4_driverlib.a : sysctl.o (.text:_SysCtlFrequencyGet)
                  0000b9cc    00000086     rtsv7M4_T_le_v4SPD16_eabi.lib : fd_cmp_t2.asm.obj (.text:__aeabi_cdcmple)
                  0000ba52    00000086                                   : fd_cmp_t2.asm.obj (.text:__aeabi_cdrcmple)
                  0000bad8    0000007a                                   : memset_t2.asm.obj (.text)
                  0000bb52    00000002     --HOLE-- [fill = 0]
                  0000bb54    00000074     uartstdio.obj (.text:UARTStdioConfig)
                  0000bbc8    0000006e     rtsv7M4_T_le_v4SPD16_eabi.lib : fd_tos_t2.asm.obj (.text)
                  0000bc36    00000002     --HOLE-- [fill = 0]
                  0000bc38    00000068     cmsis_msp432e4_dsp_example.obj (.text:ConfigureUART)
                  0000bca0    00000068     rtsv7M4_T_le_v4SPD16_eabi.lib : copy_decompress_lzss.c.obj (.text:decompress:lzss:__TI_decompress_lzss)
                  0000bd08    00000066     arm_cortexM4lf_math.a : arm_cmplx_mag_f32.o (.text:arm_cmplx_mag_f32)
                  0000bd6e    00000060     msp432e4_driverlib.a : timer.o (.text:TimerControlTrigger)
                  0000bdce    00000002     --HOLE-- [fill = 0]
                  0000bdd0    0000005c     uartstdio.obj (.text:UARTwrite)
                  0000be2c    00000056     arm_cortexM4lf_math.a : arm_cfft_radix4_f32.o (.text:arm_cfft_radix4_f32)
                  0000be82    00000002     --HOLE-- [fill = 0]
                  0000be84    00000044     msp432e4_driverlib.a : sysctl.o (.text:_SysCtlMemTimingGet)
                  0000bec8    00000044     rtsv7M4_T_le_v4SPD16_eabi.lib : autoinit.c.obj (.text:__TI_auto_init_nobinit_nopinit:__TI_auto_init_nobinit_nopinit)
                  0000bf0c    00000040                                   : u_divt2.asm.obj (.text)
                  0000bf4c    00000038     arm_cortexM4lf_math.a : arm_cmplx_mag_f32.o (.text:arm_sqrt_f32)
                  0000bf84    00000038     cmsis_msp432e4_dsp_example.obj (.text:arm_sqrt_f32)
                  0000bfbc    00000038     rtsv7M4_T_le_v4SPD16_eabi.lib : fs_tod_t2.asm.obj (.text)
                  0000bff4    00000034                                   : boot_cortex_m.c.obj (.text:_c_int00_noargs:_c_int00_noargs)
                  0000c028    0000002e                                   : i_tofd_t2.asm.obj (.text)
                  0000c056    00000002     --HOLE-- [fill = 0]
                  0000c058    00000028                                   : e_sqrtf.c.obj (.text:sqrtf)
                  0000c080    00000024     uartstdio.obj (.text:UARTprintf)
                  0000c0a4    00000020     system_msp432e401y.obj (.text:SystemInit)
                  0000c0c4    0000001a     rtsv7M4_T_le_v4SPD16_eabi.lib : s_copysign.c.obj (.text:copysign)
                  0000c0de    00000012     msp432e4_driverlib.a : adc.o (.text:ADCIntClearEx)
                  0000c0f0    0000000e     rtsv7M4_T_le_v4SPD16_eabi.lib : copy_decompress_none.c.obj (.text:decompress:none:__TI_decompress_none)
                  0000c0fe    0000000c     startup_msp432e401y_ccs.obj (.text:Reset_Handler)
                  0000c10a    0000000c     rtsv7M4_T_le_v4SPD16_eabi.lib : copy_zero_init.c.obj (.text:decompress:ZI:__TI_zero_init)
                  0000c116    00000002     --HOLE-- [fill = 0]
                  0000c118    00000008                                   : errno.c.obj (.text:__aeabi_errno_addr)
                  0000c120    00000004                                   : pre_init.c.obj (.text:_system_pre_init)
                  0000c124    00000004                                   : exit.c.obj (.text:abort:abort)

.cinit     0    0000c128    00000030     
                  0000c128    0000000c     (__TI_handler_table)
                  0000c134    0000000a     (.cinit..data.load) [load image, compression = lzss]
                  0000c13e    00000002     --HOLE-- [fill = 0]
                  0000c140    00000008     (.cinit..bss.load) [load image, compression = zero_init]
                  0000c148    00000010     (__TI_cinit_table)

.init_array 
*          0    00000000    00000000     UNINITIALIZED

.bss       0    20000000    0000844c     UNINITIALIZED
                  20000000    00002000     (.common:FFT_INPUT)
                  20002000    00002000     (.common:INPUT)
                  20004000    00002000     (.common:fftOutput)
                  20006000    00001000     cmsis_msp432e4_dsp_example.obj (.bss:dstBufferA)
                  20007000    00001000     cmsis_msp432e4_dsp_example.obj (.bss:dstBufferB)
                  20008000    00000400     (.common:pui8ControlTable)
                  20008400    00000004     (.common:MAX)
                  20008404    00000004     (.common:MAX1)
                  20008408    00000004     (.common:MAX2)
                  2000840c    00000004     (.common:MAX3)
                  20008410    00000004     (.common:MAX4)
                  20008414    00000004     (.common:THD)
                  20008418    00000004     (.common:dcBuff)
                  2000841c    00000004     (.common:heng)
                  20008420    00000004     (.common:heng1)
                  20008424    00000004     (.common:heng2)
                  20008428    00000004     (.common:heng3)
                  2000842c    00000004     (.common:heng4)
                  20008430    00000004     (.common:num)
                  20008434    00000004     (.common:num1)
                  20008438    00000004     (.common:num2)
                  2000843c    00000004     (.common:num3)
                  20008440    00000004     (.common:num4)
                  20008444    00000004     (.common:rmsBuff)
                  20008448    00000004     (.common:rmsCalculation)

.data      0    20008650    00000010     UNINITIALIZED
                  20008650    00000005     uartstdio.obj (.data)
                  20008655    00000002     cmsis_msp432e4_dsp_example.obj (.data)
                  20008657    00000001     --HOLE--
                  20008658    00000004     rtsv7M4_T_le_v4SPD16_eabi.lib : errno.c.obj (.data)
                  2000865c    00000004     system_msp432e401y.obj (.data)

.stack     0    20008450    00000200     UNINITIALIZED
                  20008450    00000004     rtsv7M4_T_le_v4SPD16_eabi.lib : boot_cortex_m.c.obj (.stack)
                  20008454    000001fc     --HOLE--

__llvm_prf_cnts 
*          0    20000000    00000000     UNINITIALIZED

MODULE SUMMARY

       Module                           code    ro data   rw data
       ------                           ----    -------   -------
    .\
       cmsis_msp432e4_dsp_example.obj   2280    0         33870  
       uartstdio.obj                    1024    46        5      
       system_msp432e401y.obj           32      0         4      
    +--+--------------------------------+-------+---------+---------+
       Total:                           3336    46        33879  
                                                                 
    .\ccs\
       startup_msp432e401y_ccs.obj      14      520       0      
    +--+--------------------------------+-------+---------+---------+
       Total:                           14      520       0      
                                                                 
    F:/simplelink_msp432e4_sdk_4_20_00_12/source/third_party/CMSIS/DSP_Lib/lib/ccs/m4f/arm_cortexM4lf_math.a
       arm_common_tables.o              0       34816     0      
       arm_cfft_radix4_f32.o            2594    0         0      
       arm_bitreversal.o                506     0         0      
       arm_cfft_radix4_init_f32.o       284     0         0      
       arm_cmplx_mag_f32.o              158     0         0      
    +--+--------------------------------+-------+---------+---------+
       Total:                           3542    34816     0      
                                                                 
    F:/simplelink_msp432e4_sdk_4_20_00_12/source/ti/devices/msp432e4/driverlib/lib/ccs/m4f/msp432e4_driverlib.a
       sysctl.o                         948     528       0      
       adc.o                            256     0         0      
       timer.o                          96      0         0      
    +--+--------------------------------+-------+---------+---------+
       Total:                           1300    528       0      
                                                                 
    F:\ccs\tools\compiler\ti-cgt-arm_20.2.5.LTS\lib\rtsv7M4_T_le_v4SPD16_eabi.lib
       e_pow.c.obj                      2512    48        0      
       fd_add_t2.asm.obj                438     0         0      
       e_sqrt.c.obj                     344     0         0      
       fd_div_t2.asm.obj                310     0         0      
       s_scalbn.c.obj                   272     0         0      
       fd_cmp_t2.asm.obj                268     0         0      
       fd_mul_t2.asm.obj                252     0         0      
       memcpy_t2.asm.obj                156     0         0      
       memset_t2.asm.obj                122     0         0      
       fd_tos_t2.asm.obj                110     0         0      
       copy_decompress_lzss.c.obj       104     0         0      
       autoinit.c.obj                   68      0         0      
       u_divt2.asm.obj                  64      0         0      
       fs_tod_t2.asm.obj                56      0         0      
       boot_cortex_m.c.obj              52      0         0      
       i_tofd_t2.asm.obj                46      0         0      
       e_sqrtf.c.obj                    40      0         0      
       s_copysign.c.obj                 26      0         0      
       copy_decompress_none.c.obj       14      0         0      
       copy_zero_init.c.obj             12      0         0      
       errno.c.obj                      8       0         4      
       exit.c.obj                       4       0         0      
       pre_init.c.obj                   4       0         0      
       div0.asm.obj                     2       0         0      
    +--+--------------------------------+-------+---------+---------+
       Total:                           5284    48        4      
                                                                 
       Stack:                           0       0         512    
       Linker Generated:                0       46        0      
    +--+--------------------------------+-------+---------+---------+
       Grand Total:                     13476   36004     34395  


LINKER GENERATED COPY TABLES

__TI_cinit_table @ 0000c148 records: 2, size/record: 8, table size: 16
	.data: load addr=0000c134, load size=0000000a bytes, run addr=20008650, run size=00000010 bytes, compression=lzss
	.bss: load addr=0000c140, load size=00000008 bytes, run addr=20000000, run size=0000844c bytes, compression=zero_init


LINKER GENERATED HANDLER TABLE

__TI_handler_table @ 0000c128 records: 3, size/record: 4, table size: 12
	index: 0, handler: __TI_decompress_lzss
	index: 1, handler: __TI_decompress_none
	index: 2, handler: __TI_zero_init


GLOBAL SYMBOLS: SORTED ALPHABETICALLY BY Name 

address   name                            
-------   ----                            
0000b32f  ADC0SS0_IRQHandler              
0000b32f  ADC0SS1_IRQHandler              
0000b801  ADC0SS2_IRQHandler              
0000b801  ADC0SS2_IRQHandler              
0000b32f  ADC0SS3_IRQHandler              
0000b32f  ADC1SS0_IRQHandler              
0000b32f  ADC1SS1_IRQHandler              
0000b32f  ADC1SS2_IRQHandler              
0000b32f  ADC1SS3_IRQHandler              
0000c0df  ADCIntClearEx                   
0000b659  ADCSequenceStepConfigure        
0000b32f  AES0_IRQHandler                 
0000b32f  BusFault_Handler                
0000c125  C$$EXIT                         
0000b32f  CAN0_IRQHandler                 
0000b32f  CAN1_IRQHandler                 
0000b32f  COMP0_IRQHandler                
0000b32f  COMP1_IRQHandler                
0000b32f  COMP2_IRQHandler                
0000bc39  ConfigureUART                   
0000b32f  DES0_IRQHandler                 
0000b32f  DebugMon_Handler                
0000b32f  Default_Handler                 
0000b32f  EMAC0_IRQHandler                
0000b32f  EPI0_IRQHandler                 
20000000  FFT_INPUT                       
0000b32f  FLASH_IRQHandler                
0000b32f  GPIOA_IRQHandler                
0000b32f  GPIOB_IRQHandler                
0000b32f  GPIOC_IRQHandler                
0000b32f  GPIOD_IRQHandler                
0000b32f  GPIOE_IRQHandler                
0000b32f  GPIOF_IRQHandler                
0000b32f  GPIOG_IRQHandler                
0000b32f  GPIOH_IRQHandler                
0000b32f  GPIOJ_IRQHandler                
0000b32f  GPIOK_IRQHandler                
0000b32f  GPIOL_IRQHandler                
0000b32f  GPIOM_IRQHandler                
0000b32f  GPION_IRQHandler                
0000b32f  GPIOP0_IRQHandler               
0000b32f  GPIOP1_IRQHandler               
0000b32f  GPIOP2_IRQHandler               
0000b32f  GPIOP3_IRQHandler               
0000b32f  GPIOP4_IRQHandler               
0000b32f  GPIOP5_IRQHandler               
0000b32f  GPIOP6_IRQHandler               
0000b32f  GPIOP7_IRQHandler               
0000b32f  GPIOQ0_IRQHandler               
0000b32f  GPIOQ1_IRQHandler               
0000b32f  GPIOQ2_IRQHandler               
0000b32f  GPIOQ3_IRQHandler               
0000b32f  GPIOQ4_IRQHandler               
0000b32f  GPIOQ5_IRQHandler               
0000b32f  GPIOQ6_IRQHandler               
0000b32f  GPIOQ7_IRQHandler               
0000b32f  HIBERNATE_IRQHandler            
0000b32f  HardFault_Handler               
0000b32f  I2C0_IRQHandler                 
0000b32f  I2C1_IRQHandler                 
0000b32f  I2C2_IRQHandler                 
0000b32f  I2C3_IRQHandler                 
0000b32f  I2C4_IRQHandler                 
0000b32f  I2C5_IRQHandler                 
0000b32f  I2C6_IRQHandler                 
0000b32f  I2C7_IRQHandler                 
0000b32f  I2C8_IRQHandler                 
0000b32f  I2C9_IRQHandler                 
20002000  INPUT                           
20008400  MAX                             
20008404  MAX1                            
20008408  MAX2                            
2000840c  MAX3                            
20008410  MAX4                            
0000b32f  MemManage_Handler               
0000b32f  NMI_Handler                     
0000b32f  PWM0_0_IRQHandler               
0000b32f  PWM0_1_IRQHandler               
0000b32f  PWM0_2_IRQHandler               
0000b32f  PWM0_3_IRQHandler               
0000b32f  PWM0_FAULT_IRQHandler           
0000b32f  PendSV_Handler                  
0000b32f  QEI0_IRQHandler                 
0000c0ff  Reset_Handler                   
0000b32f  SHA0_IRQHandler                 
0000b32f  SSI0_IRQHandler                 
0000b32f  SSI1_IRQHandler                 
0000b32f  SSI2_IRQHandler                 
0000b32f  SSI3_IRQHandler                 
0000b32f  SVC_Handler                     
0000b32f  SYSCTL_IRQHandler               
0000b32f  SYSEXC_IRQHandler               
0000aa11  SysCtlClockFreqSet              
0000b32f  SysTick_Handler                 
2000865c  SystemCoreClock                 
0000c0a5  SystemInit                      
0000b32f  TAMPER0_IRQHandler              
20008414  THD                             
0000b32f  TIMER0A_IRQHandler              
0000b32f  TIMER0B_IRQHandler              
0000b32f  TIMER1A_IRQHandler              
0000b32f  TIMER1B_IRQHandler              
0000b32f  TIMER2A_IRQHandler              
0000b32f  TIMER2B_IRQHandler              
0000b32f  TIMER3A_IRQHandler              
0000b32f  TIMER3B_IRQHandler              
0000b32f  TIMER4A_IRQHandler              
0000b32f  TIMER4B_IRQHandler              
0000b32f  TIMER5A_IRQHandler              
0000b32f  TIMER5B_IRQHandler              
0000b32f  TIMER6A_IRQHandler              
0000b32f  TIMER6B_IRQHandler              
0000b32f  TIMER7A_IRQHandler              
0000b32f  TIMER7B_IRQHandler              
0000bd6f  TimerControlTrigger             
0000b32f  UART0_IRQHandler                
0000b32f  UART1_IRQHandler                
0000b32f  UART2_IRQHandler                
0000b32f  UART3_IRQHandler                
0000b32f  UART4_IRQHandler                
0000b32f  UART5_IRQHandler                
0000b32f  UART6_IRQHandler                
0000b32f  UART7_IRQHandler                
0000bb55  UARTStdioConfig                 
0000c081  UARTprintf                      
0000a705  UARTvprintf                     
0000bdd1  UARTwrite                       
0000b32f  UDMAERR_IRQHandler              
0000b32f  UDMA_IRQHandler                 
0000b32f  USB0_IRQHandler                 
0000b32f  UsageFault_Handler              
0000b32f  WATCHDOG_IRQHandler             
20008650  __STACK_END                     
00000200  __STACK_SIZE                    
20008650  __STACK_TOP                     
0000c148  __TI_CINIT_Base                 
0000c158  __TI_CINIT_Limit                
0000c128  __TI_Handler_Table_Base         
0000c134  __TI_Handler_Table_Limit        
0000bec9  __TI_auto_init_nobinit_nopinit  
0000bca1  __TI_decompress_lzss            
0000c0f1  __TI_decompress_none            
ffffffff  __TI_pprof_out_hndl             
ffffffff  __TI_prof_data_size             
ffffffff  __TI_prof_data_start            
00000000  __TI_static_base__              
0000c10b  __TI_zero_init                  
0000b9cd  __aeabi_cdcmpeq                 
0000b9cd  __aeabi_cdcmple                 
0000ba53  __aeabi_cdrcmple                
0000bbc9  __aeabi_d2f                     
0000aef5  __aeabi_dadd                    
0000b1f9  __aeabi_ddiv                    
0000b55d  __aeabi_dmul                    
0000aeeb  __aeabi_dsub                    
0000c119  __aeabi_errno_addr              
0000bfbd  __aeabi_f2d                     
0000c029  __aeabi_i2d                     
0000b747  __aeabi_idiv0                   
0000b747  __aeabi_ldiv0                   
0000bad9  __aeabi_memclr                  
0000bad9  __aeabi_memclr4                 
0000bad9  __aeabi_memclr8                 
0000b8a1  __aeabi_memcpy                  
0000b8a1  __aeabi_memcpy4                 
0000b8a1  __aeabi_memcpy8                 
0000badb  __aeabi_memset                  
0000badb  __aeabi_memset4                 
0000badb  __aeabi_memset8                 
0000bf0d  __aeabi_uidiv                   
0000bf0d  __aeabi_uidivmod                
ffffffff  __binit__                       
ffffffff  __c_args__                      
UNDEFED   __mpu_init                      
20008450  __stack                         
20000000  __start___llvm_prf_cnts         
20000000  __stop___llvm_prf_cnts          
0000bff5  _c_int00_noargs                 
UNDEFED   _system_post_cinit              
0000c121  _system_pre_init                
0000c125  abort                           
00008208  armBitRevTable                  
0000acf1  arm_bitreversal_f32             
0000be2d  arm_cfft_radix4_f32             
0000b331  arm_cfft_radix4_init_f32        
0000bd09  arm_cmplx_mag_f32               
0000a371  arm_radix4_butterfly_f32        
00009d39  arm_radix4_butterfly_inverse_f32
ffffffff  binit                           
0000c0c5  copysign                        
0000c0c5  copysignl                       
20008418  dcBuff                          
20008658  errno                           
0000b749  f_char_printf                   
20004000  fftOutput                       
2000841c  heng                            
20008420  heng1                           
20008424  heng2                           
20008428  heng3                           
2000842c  heng4                           
00000000  interruptVectors                
0000b44d  ldexp                           
0000b44d  ldexpl                          
00009649  main                            
0000b8a1  memcpy                          
0000bae1  memset                          
20008430  num                             
20008434  num1                            
20008438  num2                            
2000843c  num3                            
20008440  num4                            
00008c79  pow                             
00008c79  powl                            
20008000  pui8ControlTable                
20008444  rmsBuff                         
20008448  rmsCalculation                  
0000b44d  scalbn                          
0000b44d  scalbnl                         
20008655  setBufAReady                    
20008656  setBufBReady                    
0000b0a1  sqrt                            
0000c059  sqrtf                           
0000b0a1  sqrtl                           
00000208  twiddleCoef_4096                


GLOBAL SYMBOLS: SORTED BY Symbol Address 

address   name                            
-------   ----                            
00000000  __TI_static_base__              
00000000  interruptVectors                
00000200  __STACK_SIZE                    
00000208  twiddleCoef_4096                
00008208  armBitRevTable                  
00008c79  pow                             
00008c79  powl                            
00009649  main                            
00009d39  arm_radix4_butterfly_inverse_f32
0000a371  arm_radix4_butterfly_f32        
0000a705  UARTvprintf                     
0000aa11  SysCtlClockFreqSet              
0000acf1  arm_bitreversal_f32             
0000aeeb  __aeabi_dsub                    
0000aef5  __aeabi_dadd                    
0000b0a1  sqrt                            
0000b0a1  sqrtl                           
0000b1f9  __aeabi_ddiv                    
0000b32f  ADC0SS0_IRQHandler              
0000b32f  ADC0SS1_IRQHandler              
0000b32f  ADC0SS3_IRQHandler              
0000b32f  ADC1SS0_IRQHandler              
0000b32f  ADC1SS1_IRQHandler              
0000b32f  ADC1SS2_IRQHandler              
0000b32f  ADC1SS3_IRQHandler              
0000b32f  AES0_IRQHandler                 
0000b32f  BusFault_Handler                
0000b32f  CAN0_IRQHandler                 
0000b32f  CAN1_IRQHandler                 
0000b32f  COMP0_IRQHandler                
0000b32f  COMP1_IRQHandler                
0000b32f  COMP2_IRQHandler                
0000b32f  DES0_IRQHandler                 
0000b32f  DebugMon_Handler                
0000b32f  Default_Handler                 
0000b32f  EMAC0_IRQHandler                
0000b32f  EPI0_IRQHandler                 
0000b32f  FLASH_IRQHandler                
0000b32f  GPIOA_IRQHandler                
0000b32f  GPIOB_IRQHandler                
0000b32f  GPIOC_IRQHandler                
0000b32f  GPIOD_IRQHandler                
0000b32f  GPIOE_IRQHandler                
0000b32f  GPIOF_IRQHandler                
0000b32f  GPIOG_IRQHandler                
0000b32f  GPIOH_IRQHandler                
0000b32f  GPIOJ_IRQHandler                
0000b32f  GPIOK_IRQHandler                
0000b32f  GPIOL_IRQHandler                
0000b32f  GPIOM_IRQHandler                
0000b32f  GPION_IRQHandler                
0000b32f  GPIOP0_IRQHandler               
0000b32f  GPIOP1_IRQHandler               
0000b32f  GPIOP2_IRQHandler               
0000b32f  GPIOP3_IRQHandler               
0000b32f  GPIOP4_IRQHandler               
0000b32f  GPIOP5_IRQHandler               
0000b32f  GPIOP6_IRQHandler               
0000b32f  GPIOP7_IRQHandler               
0000b32f  GPIOQ0_IRQHandler               
0000b32f  GPIOQ1_IRQHandler               
0000b32f  GPIOQ2_IRQHandler               
0000b32f  GPIOQ3_IRQHandler               
0000b32f  GPIOQ4_IRQHandler               
0000b32f  GPIOQ5_IRQHandler               
0000b32f  GPIOQ6_IRQHandler               
0000b32f  GPIOQ7_IRQHandler               
0000b32f  HIBERNATE_IRQHandler            
0000b32f  HardFault_Handler               
0000b32f  I2C0_IRQHandler                 
0000b32f  I2C1_IRQHandler                 
0000b32f  I2C2_IRQHandler                 
0000b32f  I2C3_IRQHandler                 
0000b32f  I2C4_IRQHandler                 
0000b32f  I2C5_IRQHandler                 
0000b32f  I2C6_IRQHandler                 
0000b32f  I2C7_IRQHandler                 
0000b32f  I2C8_IRQHandler                 
0000b32f  I2C9_IRQHandler                 
0000b32f  MemManage_Handler               
0000b32f  NMI_Handler                     
0000b32f  PWM0_0_IRQHandler               
0000b32f  PWM0_1_IRQHandler               
0000b32f  PWM0_2_IRQHandler               
0000b32f  PWM0_3_IRQHandler               
0000b32f  PWM0_FAULT_IRQHandler           
0000b32f  PendSV_Handler                  
0000b32f  QEI0_IRQHandler                 
0000b32f  SHA0_IRQHandler                 
0000b32f  SSI0_IRQHandler                 
0000b32f  SSI1_IRQHandler                 
0000b32f  SSI2_IRQHandler                 
0000b32f  SSI3_IRQHandler                 
0000b32f  SVC_Handler                     
0000b32f  SYSCTL_IRQHandler               
0000b32f  SYSEXC_IRQHandler               
0000b32f  SysTick_Handler                 
0000b32f  TAMPER0_IRQHandler              
0000b32f  TIMER0A_IRQHandler              
0000b32f  TIMER0B_IRQHandler              
0000b32f  TIMER1A_IRQHandler              
0000b32f  TIMER1B_IRQHandler              
0000b32f  TIMER2A_IRQHandler              
0000b32f  TIMER2B_IRQHandler              
0000b32f  TIMER3A_IRQHandler              
0000b32f  TIMER3B_IRQHandler              
0000b32f  TIMER4A_IRQHandler              
0000b32f  TIMER4B_IRQHandler              
0000b32f  TIMER5A_IRQHandler              
0000b32f  TIMER5B_IRQHandler              
0000b32f  TIMER6A_IRQHandler              
0000b32f  TIMER6B_IRQHandler              
0000b32f  TIMER7A_IRQHandler              
0000b32f  TIMER7B_IRQHandler              
0000b32f  UART0_IRQHandler                
0000b32f  UART1_IRQHandler                
0000b32f  UART2_IRQHandler                
0000b32f  UART3_IRQHandler                
0000b32f  UART4_IRQHandler                
0000b32f  UART5_IRQHandler                
0000b32f  UART6_IRQHandler                
0000b32f  UART7_IRQHandler                
0000b32f  UDMAERR_IRQHandler              
0000b32f  UDMA_IRQHandler                 
0000b32f  USB0_IRQHandler                 
0000b32f  UsageFault_Handler              
0000b32f  WATCHDOG_IRQHandler             
0000b331  arm_cfft_radix4_init_f32        
0000b44d  ldexp                           
0000b44d  ldexpl                          
0000b44d  scalbn                          
0000b44d  scalbnl                         
0000b55d  __aeabi_dmul                    
0000b659  ADCSequenceStepConfigure        
0000b747  __aeabi_idiv0                   
0000b747  __aeabi_ldiv0                   
0000b749  f_char_printf                   
0000b801  ADC0SS2_IRQHandler              
0000b801  ADC0SS2_IRQHandler              
0000b8a1  __aeabi_memcpy                  
0000b8a1  __aeabi_memcpy4                 
0000b8a1  __aeabi_memcpy8                 
0000b8a1  memcpy                          
0000b9cd  __aeabi_cdcmpeq                 
0000b9cd  __aeabi_cdcmple                 
0000ba53  __aeabi_cdrcmple                
0000bad9  __aeabi_memclr                  
0000bad9  __aeabi_memclr4                 
0000bad9  __aeabi_memclr8                 
0000badb  __aeabi_memset                  
0000badb  __aeabi_memset4                 
0000badb  __aeabi_memset8                 
0000bae1  memset                          
0000bb55  UARTStdioConfig                 
0000bbc9  __aeabi_d2f                     
0000bc39  ConfigureUART                   
0000bca1  __TI_decompress_lzss            
0000bd09  arm_cmplx_mag_f32               
0000bd6f  TimerControlTrigger             
0000bdd1  UARTwrite                       
0000be2d  arm_cfft_radix4_f32             
0000bec9  __TI_auto_init_nobinit_nopinit  
0000bf0d  __aeabi_uidiv                   
0000bf0d  __aeabi_uidivmod                
0000bfbd  __aeabi_f2d                     
0000bff5  _c_int00_noargs                 
0000c029  __aeabi_i2d                     
0000c059  sqrtf                           
0000c081  UARTprintf                      
0000c0a5  SystemInit                      
0000c0c5  copysign                        
0000c0c5  copysignl                       
0000c0df  ADCIntClearEx                   
0000c0f1  __TI_decompress_none            
0000c0ff  Reset_Handler                   
0000c10b  __TI_zero_init                  
0000c119  __aeabi_errno_addr              
0000c121  _system_pre_init                
0000c125  C$$EXIT                         
0000c125  abort                           
0000c128  __TI_Handler_Table_Base         
0000c134  __TI_Handler_Table_Limit        
0000c148  __TI_CINIT_Base                 
0000c158  __TI_CINIT_Limit                
20000000  FFT_INPUT                       
20000000  __start___llvm_prf_cnts         
20000000  __stop___llvm_prf_cnts          
20002000  INPUT                           
20004000  fftOutput                       
20008000  pui8ControlTable                
20008400  MAX                             
20008404  MAX1                            
20008408  MAX2                            
2000840c  MAX3                            
20008410  MAX4                            
20008414  THD                             
20008418  dcBuff                          
2000841c  heng                            
20008420  heng1                           
20008424  heng2                           
20008428  heng3                           
2000842c  heng4                           
20008430  num                             
20008434  num1                            
20008438  num2                            
2000843c  num3                            
20008440  num4                            
20008444  rmsBuff                         
20008448  rmsCalculation                  
20008450  __stack                         
20008650  __STACK_END                     
20008650  __STACK_TOP                     
20008655  setBufAReady                    
20008656  setBufBReady                    
20008658  errno                           
2000865c  SystemCoreClock                 
ffffffff  __TI_pprof_out_hndl             
ffffffff  __TI_prof_data_size             
ffffffff  __TI_prof_data_start            
ffffffff  __binit__                       
ffffffff  __c_args__                      
ffffffff  binit                           
UNDEFED   __mpu_init                      
UNDEFED   _system_post_cinit              

[224 symbols]
