<?xml version="1.0" encoding="ISO-8859-1" ?>
<link_info>
   <banner>TI ARM Linker PC v20.2.5.LTS</banner>
   <copyright>Copyright (c) 1996-2018 Texas Instruments Incorporated</copyright>
   <link_time>0x6184b8c7</link_time>
   <link_errors>0x0</link_errors>
   <output_file>cmsis_msp432e4_dsp_example_MSP_EXP432E401Y_nortos_ccs.out</output_file>
   <entry_point>
      <name>_c_int00_noargs</name>
      <address>0x2945</address>
   </entry_point>
   <input_file_list>
      <input_file id="fl-2">
         <path>.\</path>
         <kind>object</kind>
         <file>cmsis_msp432e4_dsp_example.obj</file>
         <name>cmsis_msp432e4_dsp_example.obj</name>
      </input_file>
      <input_file id="fl-3">
         <path>.\</path>
         <kind>object</kind>
         <file>system_msp432e401y.obj</file>
         <name>system_msp432e401y.obj</name>
      </input_file>
      <input_file id="fl-4">
         <path>.\</path>
         <kind>object</kind>
         <file>uartstdio.obj</file>
         <name>uartstdio.obj</name>
      </input_file>
      <input_file id="fl-5">
         <path>.\ccs\</path>
         <kind>object</kind>
         <file>startup_msp432e401y_ccs.obj</file>
         <name>startup_msp432e401y_ccs.obj</name>
      </input_file>
      <input_file id="fl-10">
         <kind>object</kind>
         <file>&lt;internal&gt;</file>
         <name>&lt;internal&gt;</name>
      </input_file>
      <input_file id="fl-11">
         <path>C:\ti\simplelink_msp432e4_sdk_4_20_00_12\source\third_party\CMSIS\DSP_Lib\lib\ccs\m4f\</path>
         <kind>archive</kind>
         <file>arm_cortexM4lf_math.a</file>
         <name>arm_const_structs.o</name>
      </input_file>
      <input_file id="fl-12">
         <path>C:\ti\simplelink_msp432e4_sdk_4_20_00_12\source\third_party\CMSIS\DSP_Lib\lib\ccs\m4f\</path>
         <kind>archive</kind>
         <file>arm_cortexM4lf_math.a</file>
         <name>arm_cmplx_mag_q15.o</name>
      </input_file>
      <input_file id="fl-13">
         <path>C:\ti\simplelink_msp432e4_sdk_4_20_00_12\source\third_party\CMSIS\DSP_Lib\lib\ccs\m4f\</path>
         <kind>archive</kind>
         <file>arm_cortexM4lf_math.a</file>
         <name>arm_sqrt_q15.o</name>
      </input_file>
      <input_file id="fl-14">
         <path>C:\ti\simplelink_msp432e4_sdk_4_20_00_12\source\third_party\CMSIS\DSP_Lib\lib\ccs\m4f\</path>
         <kind>archive</kind>
         <file>arm_cortexM4lf_math.a</file>
         <name>arm_max_q15.o</name>
      </input_file>
      <input_file id="fl-15">
         <path>C:\ti\simplelink_msp432e4_sdk_4_20_00_12\source\third_party\CMSIS\DSP_Lib\lib\ccs\m4f\</path>
         <kind>archive</kind>
         <file>arm_cortexM4lf_math.a</file>
         <name>arm_cfft_q15.o</name>
      </input_file>
      <input_file id="fl-16">
         <path>C:\ti\simplelink_msp432e4_sdk_4_20_00_12\source\third_party\CMSIS\DSP_Lib\lib\ccs\m4f\</path>
         <kind>archive</kind>
         <file>arm_cortexM4lf_math.a</file>
         <name>arm_cfft_radix4_q15.o</name>
      </input_file>
      <input_file id="fl-17">
         <path>C:\ti\simplelink_msp432e4_sdk_4_20_00_12\source\third_party\CMSIS\DSP_Lib\lib\ccs\m4f\</path>
         <kind>archive</kind>
         <file>arm_cortexM4lf_math.a</file>
         <name>arm_bitreversal2.o</name>
      </input_file>
      <input_file id="fl-18">
         <path>C:\ti\simplelink_msp432e4_sdk_4_20_00_12\source\third_party\CMSIS\DSP_Lib\lib\ccs\m4f\</path>
         <kind>archive</kind>
         <file>arm_cortexM4lf_math.a</file>
         <name>arm_common_tables.o</name>
      </input_file>
      <input_file id="fl-19">
         <path>C:\ti\simplelink_msp432e4_sdk_4_20_00_12\source\third_party\CMSIS\DSP_Lib\lib\ccs\m4f\</path>
         <kind>archive</kind>
         <file>arm_cortexM4lf_math.a</file>
         <name>arm_bitreversal.o</name>
      </input_file>
      <input_file id="fl-1a">
         <path>C:\ti\simplelink_msp432e4_sdk_4_20_00_12\source\ti\devices\msp432e4\driverlib\lib\ccs\m4f\</path>
         <kind>archive</kind>
         <file>msp432e4_driverlib.a</file>
         <name>adc.o</name>
      </input_file>
      <input_file id="fl-1b">
         <path>C:\ti\simplelink_msp432e4_sdk_4_20_00_12\source\ti\devices\msp432e4\driverlib\lib\ccs\m4f\</path>
         <kind>archive</kind>
         <file>msp432e4_driverlib.a</file>
         <name>interrupt.o</name>
      </input_file>
      <input_file id="fl-1c">
         <path>C:\ti\simplelink_msp432e4_sdk_4_20_00_12\source\ti\devices\msp432e4\driverlib\lib\ccs\m4f\</path>
         <kind>archive</kind>
         <file>msp432e4_driverlib.a</file>
         <name>sysctl.o</name>
      </input_file>
      <input_file id="fl-1d">
         <path>C:\ti\simplelink_msp432e4_sdk_4_20_00_12\source\ti\devices\msp432e4\driverlib\lib\ccs\m4f\</path>
         <kind>archive</kind>
         <file>msp432e4_driverlib.a</file>
         <name>timer.o</name>
      </input_file>
      <input_file id="fl-1e">
         <path>C:\ti\simplelink_msp432e4_sdk_4_20_00_12\source\ti\devices\msp432e4\driverlib\lib\ccs\m4f\</path>
         <kind>archive</kind>
         <file>msp432e4_driverlib.a</file>
         <name>cpu.o</name>
      </input_file>
      <input_file id="fl-d4">
         <path>C:\ti\ccs1100\ccs\tools\compiler\ti-cgt-arm_20.2.5.LTS\lib\</path>
         <kind>archive</kind>
         <file>rtsv7M4_T_le_v4SPD16_eabi.lib</file>
         <name>e_sqrtf.c.obj</name>
      </input_file>
      <input_file id="fl-d5">
         <path>C:\ti\ccs1100\ccs\tools\compiler\ti-cgt-arm_20.2.5.LTS\lib\</path>
         <kind>archive</kind>
         <file>rtsv7M4_T_le_v4SPD16_eabi.lib</file>
         <name>fd_add_t2.asm.obj</name>
      </input_file>
      <input_file id="fl-d6">
         <path>C:\ti\ccs1100\ccs\tools\compiler\ti-cgt-arm_20.2.5.LTS\lib\</path>
         <kind>archive</kind>
         <file>rtsv7M4_T_le_v4SPD16_eabi.lib</file>
         <name>fd_mul_t2.asm.obj</name>
      </input_file>
      <input_file id="fl-d7">
         <path>C:\ti\ccs1100\ccs\tools\compiler\ti-cgt-arm_20.2.5.LTS\lib\</path>
         <kind>archive</kind>
         <file>rtsv7M4_T_le_v4SPD16_eabi.lib</file>
         <name>fd_toi_t2.asm.obj</name>
      </input_file>
      <input_file id="fl-d8">
         <path>C:\ti\ccs1100\ccs\tools\compiler\ti-cgt-arm_20.2.5.LTS\lib\</path>
         <kind>archive</kind>
         <file>rtsv7M4_T_le_v4SPD16_eabi.lib</file>
         <name>i_tofd_t2.asm.obj</name>
      </input_file>
      <input_file id="fl-d9">
         <path>C:\ti\ccs1100\ccs\tools\compiler\ti-cgt-arm_20.2.5.LTS\lib\</path>
         <kind>archive</kind>
         <file>rtsv7M4_T_le_v4SPD16_eabi.lib</file>
         <name>u_divt2.asm.obj</name>
      </input_file>
      <input_file id="fl-da">
         <path>C:\ti\ccs1100\ccs\tools\compiler\ti-cgt-arm_20.2.5.LTS\lib\</path>
         <kind>archive</kind>
         <file>rtsv7M4_T_le_v4SPD16_eabi.lib</file>
         <name>copy_zero_init.c.obj</name>
      </input_file>
      <input_file id="fl-db">
         <path>C:\ti\ccs1100\ccs\tools\compiler\ti-cgt-arm_20.2.5.LTS\lib\</path>
         <kind>archive</kind>
         <file>rtsv7M4_T_le_v4SPD16_eabi.lib</file>
         <name>copy_decompress_none.c.obj</name>
      </input_file>
      <input_file id="fl-dc">
         <path>C:\ti\ccs1100\ccs\tools\compiler\ti-cgt-arm_20.2.5.LTS\lib\</path>
         <kind>archive</kind>
         <file>rtsv7M4_T_le_v4SPD16_eabi.lib</file>
         <name>copy_decompress_lzss.c.obj</name>
      </input_file>
      <input_file id="fl-dd">
         <path>C:\ti\ccs1100\ccs\tools\compiler\ti-cgt-arm_20.2.5.LTS\lib\</path>
         <kind>archive</kind>
         <file>rtsv7M4_T_le_v4SPD16_eabi.lib</file>
         <name>errno.c.obj</name>
      </input_file>
      <input_file id="fl-de">
         <path>C:\ti\ccs1100\ccs\tools\compiler\ti-cgt-arm_20.2.5.LTS\lib\</path>
         <kind>archive</kind>
         <file>rtsv7M4_T_le_v4SPD16_eabi.lib</file>
         <name>boot_cortex_m.c.obj</name>
      </input_file>
      <input_file id="fl-df">
         <path>C:\ti\ccs1100\ccs\tools\compiler\ti-cgt-arm_20.2.5.LTS\lib\</path>
         <kind>archive</kind>
         <file>rtsv7M4_T_le_v4SPD16_eabi.lib</file>
         <name>div0.asm.obj</name>
      </input_file>
      <input_file id="fl-e0">
         <path>C:\ti\ccs1100\ccs\tools\compiler\ti-cgt-arm_20.2.5.LTS\lib\</path>
         <kind>archive</kind>
         <file>rtsv7M4_T_le_v4SPD16_eabi.lib</file>
         <name>memcpy_t2.asm.obj</name>
      </input_file>
      <input_file id="fl-e1">
         <path>C:\ti\ccs1100\ccs\tools\compiler\ti-cgt-arm_20.2.5.LTS\lib\</path>
         <kind>archive</kind>
         <file>rtsv7M4_T_le_v4SPD16_eabi.lib</file>
         <name>memset_t2.asm.obj</name>
      </input_file>
      <input_file id="fl-e2">
         <path>C:\ti\ccs1100\ccs\tools\compiler\ti-cgt-arm_20.2.5.LTS\lib\</path>
         <kind>archive</kind>
         <file>rtsv7M4_T_le_v4SPD16_eabi.lib</file>
         <name>autoinit.c.obj</name>
      </input_file>
      <input_file id="fl-e3">
         <path>C:\ti\ccs1100\ccs\tools\compiler\ti-cgt-arm_20.2.5.LTS\lib\</path>
         <kind>archive</kind>
         <file>rtsv7M4_T_le_v4SPD16_eabi.lib</file>
         <name>pre_init.c.obj</name>
      </input_file>
      <input_file id="fl-e4">
         <path>C:\ti\ccs1100\ccs\tools\compiler\ti-cgt-arm_20.2.5.LTS\lib\</path>
         <kind>archive</kind>
         <file>rtsv7M4_T_le_v4SPD16_eabi.lib</file>
         <name>cpy_tbl.c.obj</name>
      </input_file>
      <input_file id="fl-e5">
         <path>C:\ti\ccs1100\ccs\tools\compiler\ti-cgt-arm_20.2.5.LTS\lib\</path>
         <kind>archive</kind>
         <file>rtsv7M4_T_le_v4SPD16_eabi.lib</file>
         <name>exit.c.obj</name>
      </input_file>
      <input_file id="fl-e6">
         <path>C:\ti\ccs1100\ccs\tools\compiler\ti-cgt-arm_20.2.5.LTS\lib\</path>
         <kind>archive</kind>
         <file>rtsv7M4_T_le_v4SPD16_eabi.lib</file>
         <name>_lock.c.obj</name>
      </input_file>
      <input_file id="fl-e7">
         <path>C:\ti\ccs1100\ccs\tools\compiler\ti-cgt-arm_20.2.5.LTS\lib\</path>
         <kind>archive</kind>
         <file>rtsv7M4_T_le_v4SPD16_eabi.lib</file>
         <name>args_main.c.obj</name>
      </input_file>
   </input_file_list>
   <object_component_list>
      <object_component id="oc-13">
         <name>.intvecs:retain</name>
         <load_address>0x0</load_address>
         <run_address>0x0</run_address>
         <size>0x208</size>
         <input_file_ref idref="fl-5"/>
      </object_component>
      <object_component id="oc-bf">
         <name>.text:main</name>
         <load_address>0x208</load_address>
         <run_address>0x208</run_address>
         <size>0x774</size>
         <input_file_ref idref="fl-2"/>
      </object_component>
      <object_component id="oc-1e3">
         <name>.text:arm_radix4_butterfly_inverse_q15</name>
         <load_address>0x97c</load_address>
         <run_address>0x97c</run_address>
         <size>0x4b6</size>
         <input_file_ref idref="fl-16"/>
      </object_component>
      <object_component id="oc-2e">
         <name>.text:Default_Handler</name>
         <load_address>0xe32</load_address>
         <run_address>0xe32</run_address>
         <size>0x2</size>
         <input_file_ref idref="fl-5"/>
      </object_component>
      <object_component id="oc-1ef">
         <name>.text:arm_radix4_butterfly_q15</name>
         <load_address>0xe34</load_address>
         <run_address>0xe34</run_address>
         <size>0x4b6</size>
         <input_file_ref idref="fl-16"/>
      </object_component>
      <object_component id="oc-2f9">
         <name>.text</name>
         <load_address>0x12ea</load_address>
         <run_address>0x12ea</run_address>
         <size>0x2</size>
         <input_file_ref idref="fl-df"/>
      </object_component>
      <object_component id="oc-1cd">
         <name>.text:UARTvprintf</name>
         <load_address>0x12ec</load_address>
         <run_address>0x12ec</run_address>
         <size>0x30c</size>
         <input_file_ref idref="fl-4"/>
      </object_component>
      <object_component id="oc-fd">
         <name>.text:SysCtlClockFreqSet</name>
         <load_address>0x15f8</load_address>
         <run_address>0x15f8</run_address>
         <size>0x2e0</size>
         <input_file_ref idref="fl-1c"/>
      </object_component>
      <object_component id="oc-208">
         <name>.text:arm_sqrt_q15</name>
         <load_address>0x18d8</load_address>
         <run_address>0x18d8</run_address>
         <size>0x1c0</size>
         <input_file_ref idref="fl-13"/>
      </object_component>
      <object_component id="oc-13e">
         <name>.text</name>
         <load_address>0x1a98</load_address>
         <run_address>0x1a98</run_address>
         <size>0x1b6</size>
         <input_file_ref idref="fl-d5"/>
      </object_component>
      <object_component id="oc-1e9">
         <name>.text:arm_cfft_radix4by2_inverse_q15</name>
         <load_address>0x1c50</load_address>
         <run_address>0x1c50</run_address>
         <size>0x190</size>
         <input_file_ref idref="fl-15"/>
      </object_component>
      <object_component id="oc-1f5">
         <name>.text:arm_cfft_radix4by2_q15</name>
         <load_address>0x1de0</load_address>
         <run_address>0x1de0</run_address>
         <size>0x190</size>
         <input_file_ref idref="fl-15"/>
      </object_component>
      <object_component id="oc-139">
         <name>.text</name>
         <load_address>0x1f70</load_address>
         <run_address>0x1f70</run_address>
         <size>0xfc</size>
         <input_file_ref idref="fl-d6"/>
      </object_component>
      <object_component id="oc-10f">
         <name>.text:ADCSequenceStepConfigure</name>
         <load_address>0x206c</load_address>
         <run_address>0x206c</run_address>
         <size>0xee</size>
         <input_file_ref idref="fl-1a"/>
      </object_component>
      <object_component id="oc-122">
         <name>.text:arm_cfft_q15</name>
         <load_address>0x215a</load_address>
         <run_address>0x215a</run_address>
         <size>0xe8</size>
         <input_file_ref idref="fl-15"/>
      </object_component>
      <object_component id="oc-1fb">
         <name>.text</name>
         <load_address>0x2242</load_address>
         <run_address>0x2242</run_address>
         <size>0xc0</size>
         <input_file_ref idref="fl-17"/>
      </object_component>
      <object_component id="oc-34">
         <name>.text:ADC0SS2_IRQHandler</name>
         <load_address>0x2304</load_address>
         <run_address>0x2304</run_address>
         <size>0xa0</size>
         <input_file_ref idref="fl-2"/>
      </object_component>
      <object_component id="oc-48">
         <name>.text</name>
         <load_address>0x23a4</load_address>
         <run_address>0x23a4</run_address>
         <size>0x9c</size>
         <input_file_ref idref="fl-e0"/>
      </object_component>
      <object_component id="oc-1b6">
         <name>.text:_SysCtlFrequencyGet</name>
         <load_address>0x2440</load_address>
         <run_address>0x2440</run_address>
         <size>0x90</size>
         <input_file_ref idref="fl-1c"/>
      </object_component>
      <object_component id="oc-b3">
         <name>.text</name>
         <load_address>0x24d0</load_address>
         <run_address>0x24d0</run_address>
         <size>0x7a</size>
         <input_file_ref idref="fl-e1"/>
      </object_component>
      <object_component id="oc-1c6">
         <name>.text:UARTStdioConfig</name>
         <load_address>0x254c</load_address>
         <run_address>0x254c</run_address>
         <size>0x74</size>
         <input_file_ref idref="fl-4"/>
      </object_component>
      <object_component id="oc-12e">
         <name>.text:arm_max_q15</name>
         <load_address>0x25c0</load_address>
         <run_address>0x25c0</run_address>
         <size>0x6c</size>
         <input_file_ref idref="fl-14"/>
      </object_component>
      <object_component id="oc-103">
         <name>.text:ConfigureUART</name>
         <load_address>0x262c</load_address>
         <run_address>0x262c</run_address>
         <size>0x68</size>
         <input_file_ref idref="fl-2"/>
      </object_component>
      <object_component id="oc-16">
         <name>.text:decompress:lzss:__TI_decompress_lzss</name>
         <load_address>0x2694</load_address>
         <run_address>0x2694</run_address>
         <size>0x68</size>
         <input_file_ref idref="fl-dc"/>
      </object_component>
      <object_component id="oc-115">
         <name>.text:TimerControlTrigger</name>
         <load_address>0x26fc</load_address>
         <run_address>0x26fc</run_address>
         <size>0x60</size>
         <input_file_ref idref="fl-1d"/>
      </object_component>
      <object_component id="oc-25e">
         <name>.text:UARTwrite</name>
         <load_address>0x275c</load_address>
         <run_address>0x275c</run_address>
         <size>0x5c</size>
         <input_file_ref idref="fl-4"/>
      </object_component>
      <object_component id="oc-143">
         <name>.text</name>
         <load_address>0x27b8</load_address>
         <run_address>0x27b8</run_address>
         <size>0x48</size>
         <input_file_ref idref="fl-d7"/>
      </object_component>
      <object_component id="oc-1b0">
         <name>.text:_SysCtlMemTimingGet</name>
         <load_address>0x2800</load_address>
         <run_address>0x2800</run_address>
         <size>0x44</size>
         <input_file_ref idref="fl-1c"/>
      </object_component>
      <object_component id="oc-15c">
         <name>.text:__TI_auto_init_nobinit_nopinit:__TI_auto_init_nobinit_nopinit</name>
         <load_address>0x2844</load_address>
         <run_address>0x2844</run_address>
         <size>0x44</size>
         <input_file_ref idref="fl-e2"/>
      </object_component>
      <object_component id="oc-128">
         <name>.text:arm_cmplx_mag_q15</name>
         <load_address>0x2888</load_address>
         <run_address>0x2888</run_address>
         <size>0x44</size>
         <input_file_ref idref="fl-12"/>
      </object_component>
      <object_component id="oc-264">
         <name>.text</name>
         <load_address>0x28cc</load_address>
         <run_address>0x28cc</run_address>
         <size>0x40</size>
         <input_file_ref idref="fl-d9"/>
      </object_component>
      <object_component id="oc-11c">
         <name>.text:arm_sqrt_f32</name>
         <load_address>0x290c</load_address>
         <run_address>0x290c</run_address>
         <size>0x38</size>
         <input_file_ref idref="fl-2"/>
      </object_component>
      <object_component id="oc-66">
         <name>.text:_c_int00_noargs:_c_int00_noargs</name>
         <load_address>0x2944</load_address>
         <run_address>0x2944</run_address>
         <size>0x34</size>
         <input_file_ref idref="fl-de"/>
      </object_component>
      <object_component id="oc-134">
         <name>.text</name>
         <load_address>0x2978</load_address>
         <run_address>0x2978</run_address>
         <size>0x2e</size>
         <input_file_ref idref="fl-d8"/>
      </object_component>
      <object_component id="oc-1dc">
         <name>.text:sqrtf</name>
         <load_address>0x29a8</load_address>
         <run_address>0x29a8</run_address>
         <size>0x28</size>
         <input_file_ref idref="fl-d4"/>
      </object_component>
      <object_component id="oc-109">
         <name>.text:UARTprintf</name>
         <load_address>0x29d0</load_address>
         <run_address>0x29d0</run_address>
         <size>0x24</size>
         <input_file_ref idref="fl-4"/>
      </object_component>
      <object_component id="oc-29d">
         <name>.text:write_q15x2_ia</name>
         <load_address>0x29f4</load_address>
         <run_address>0x29f4</run_address>
         <size>0x22</size>
         <input_file_ref idref="fl-15"/>
      </object_component>
      <object_component id="oc-27d">
         <name>.text:write_q15x2_ia</name>
         <load_address>0x2a16</load_address>
         <run_address>0x2a16</run_address>
         <size>0x22</size>
         <input_file_ref idref="fl-16"/>
      </object_component>
      <object_component id="oc-7a">
         <name>.text:SystemInit</name>
         <load_address>0x2a38</load_address>
         <run_address>0x2a38</run_address>
         <size>0x20</size>
         <input_file_ref idref="fl-3"/>
      </object_component>
      <object_component id="oc-291">
         <name>.text:read_q15x2_ia</name>
         <load_address>0x2a58</load_address>
         <run_address>0x2a58</run_address>
         <size>0x1e</size>
         <input_file_ref idref="fl-15"/>
      </object_component>
      <object_component id="oc-289">
         <name>.text:read_q15x2_ia</name>
         <load_address>0x2a76</load_address>
         <run_address>0x2a76</run_address>
         <size>0x1e</size>
         <input_file_ref idref="fl-16"/>
      </object_component>
      <object_component id="oc-202">
         <name>.text:read_q15x2_ia</name>
         <load_address>0x2a94</load_address>
         <run_address>0x2a94</run_address>
         <size>0x1e</size>
         <input_file_ref idref="fl-12"/>
      </object_component>
      <object_component id="oc-283">
         <name>.text:write_q15x2</name>
         <load_address>0x2ab2</load_address>
         <run_address>0x2ab2</run_address>
         <size>0x18</size>
         <input_file_ref idref="fl-16"/>
      </object_component>
      <object_component id="oc-297">
         <name>.text:read_q15x2</name>
         <load_address>0x2aca</load_address>
         <run_address>0x2aca</run_address>
         <size>0x14</size>
         <input_file_ref idref="fl-15"/>
      </object_component>
      <object_component id="oc-277">
         <name>.text:read_q15x2</name>
         <load_address>0x2ade</load_address>
         <run_address>0x2ade</run_address>
         <size>0x14</size>
         <input_file_ref idref="fl-16"/>
      </object_component>
      <object_component id="oc-82">
         <name>.text:ADCIntClearEx</name>
         <load_address>0x2af2</load_address>
         <run_address>0x2af2</run_address>
         <size>0x12</size>
         <input_file_ref idref="fl-1a"/>
      </object_component>
      <object_component id="oc-1c">
         <name>.text:decompress:none:__TI_decompress_none</name>
         <load_address>0x2b04</load_address>
         <run_address>0x2b04</run_address>
         <size>0xe</size>
         <input_file_ref idref="fl-db"/>
      </object_component>
      <object_component id="oc-28">
         <name>.text:Reset_Handler</name>
         <load_address>0x2b12</load_address>
         <run_address>0x2b12</run_address>
         <size>0xc</size>
         <input_file_ref idref="fl-5"/>
      </object_component>
      <object_component id="oc-5a">
         <name>.text:decompress:ZI:__TI_zero_init</name>
         <load_address>0x2b1e</load_address>
         <run_address>0x2b1e</run_address>
         <size>0xc</size>
         <input_file_ref idref="fl-da"/>
      </object_component>
      <object_component id="oc-26f">
         <name>.text:__aeabi_errno_addr</name>
         <load_address>0x2b2c</load_address>
         <run_address>0x2b2c</run_address>
         <size>0x8</size>
         <input_file_ref idref="fl-dd"/>
      </object_component>
      <object_component id="oc-b9">
         <name>.text:_system_pre_init</name>
         <load_address>0x2b34</load_address>
         <run_address>0x2b34</run_address>
         <size>0x4</size>
         <input_file_ref idref="fl-e3"/>
      </object_component>
      <object_component id="oc-150">
         <name>.text:abort:abort</name>
         <load_address>0x2b38</load_address>
         <run_address>0x2b38</run_address>
         <size>0x4</size>
         <input_file_ref idref="fl-e5"/>
      </object_component>
      <object_component id="oc-216">
         <name>.const:twiddleCoef_1024_q15</name>
         <load_address>0x2b3c</load_address>
         <run_address>0x2b3c</run_address>
         <size>0xc00</size>
         <input_file_ref idref="fl-18"/>
      </object_component>
      <object_component id="oc-219">
         <name>.const:armBitRevIndexTable_fixed_1024</name>
         <load_address>0x373c</load_address>
         <run_address>0x373c</run_address>
         <size>0x7c0</size>
         <input_file_ref idref="fl-18"/>
      </object_component>
      <object_component id="oc-1c2">
         <name>.const:g_pppui32XTALtoVCO</name>
         <load_address>0x3efc</load_address>
         <run_address>0x3efc</run_address>
         <size>0x1b0</size>
         <input_file_ref idref="fl-1c"/>
      </object_component>
      <object_component id="oc-240">
         <name>.const:g_sXTALtoMEMTIM</name>
         <load_address>0x40ac</load_address>
         <run_address>0x40ac</run_address>
         <size>0x30</size>
         <input_file_ref idref="fl-1c"/>
      </object_component>
      <object_component id="oc-1bc">
         <name>.const:g_pui32Xtals</name>
         <load_address>0x40dc</load_address>
         <run_address>0x40dc</run_address>
         <size>0x28</size>
         <input_file_ref idref="fl-1c"/>
      </object_component>
      <object_component id="oc-2ff">
         <name>.const:.string</name>
         <load_address>0x4104</load_address>
         <run_address>0x4104</run_address>
         <size>0x12</size>
         <input_file_ref idref="fl-4"/>
      </object_component>
      <object_component id="oc-14b">
         <name>.const:arm_cfft_sR_q15_len1024</name>
         <load_address>0x4118</load_address>
         <run_address>0x4118</run_address>
         <size>0x10</size>
         <input_file_ref idref="fl-11"/>
      </object_component>
      <object_component id="oc-25a">
         <name>.const:g_ui32UARTBase</name>
         <load_address>0x4128</load_address>
         <run_address>0x4128</run_address>
         <size>0xc</size>
         <input_file_ref idref="fl-4"/>
      </object_component>
      <object_component id="oc-251">
         <name>.const:g_ui32UARTPeriph</name>
         <load_address>0x4134</load_address>
         <run_address>0x4134</run_address>
         <size>0xc</size>
         <input_file_ref idref="fl-4"/>
      </object_component>
      <object_component id="oc-1bf">
         <name>.const:g_pui32VCOFrequencies</name>
         <load_address>0x4140</load_address>
         <run_address>0x4140</run_address>
         <size>0x8</size>
         <input_file_ref idref="fl-1c"/>
      </object_component>
      <object_component id="oc-269">
         <name>.const</name>
         <load_address>0x4148</load_address>
         <run_address>0x4148</run_address>
         <size>0x4</size>
         <input_file_ref idref="fl-4"/>
      </object_component>
      <object_component id="oc-354">
         <name>__TI_handler_table</name>
         <load_address>0x4150</load_address>
         <run_address>0x4150</run_address>
         <size>0xc</size>
      </object_component>
      <object_component id="oc-356">
         <name>.cinit..data.load</name>
         <load_address>0x415c</load_address>
         <run_address>0x415c</run_address>
         <size>0xa</size>
      </object_component>
      <object_component id="oc-357">
         <name>.cinit..bss.load</name>
         <load_address>0x4168</load_address>
         <run_address>0x4168</run_address>
         <size>0x8</size>
      </object_component>
      <object_component id="oc-355">
         <name>__TI_cinit_table</name>
         <load_address>0x4170</load_address>
         <run_address>0x4170</run_address>
         <size>0x10</size>
      </object_component>
      <object_component id="oc-8b">
         <name>.data</name>
         <load_address>0x20003615</load_address>
         <run_address>0x20003615</run_address>
         <size>0x2</size>
         <input_file_ref idref="fl-2"/>
      </object_component>
      <object_component id="oc-d1">
         <name>.data</name>
         <load_address>0x2000361c</load_address>
         <run_address>0x2000361c</run_address>
         <size>0x4</size>
         <input_file_ref idref="fl-3"/>
      </object_component>
      <object_component id="oc-254">
         <name>.data</name>
         <load_address>0x20003610</load_address>
         <run_address>0x20003610</run_address>
         <size>0x5</size>
         <input_file_ref idref="fl-4"/>
      </object_component>
      <object_component id="oc-302">
         <name>.data</name>
         <load_address>0x20003618</load_address>
         <run_address>0x20003618</run_address>
         <size>0x4</size>
         <input_file_ref idref="fl-dd"/>
      </object_component>
      <object_component id="oc-88">
         <name>.bss:dstBufferA</name>
         <uninitialized>true</uninitialized>
         <run_address>0x20000000</run_address>
         <size>0x1000</size>
         <input_file_ref idref="fl-2"/>
      </object_component>
      <object_component id="oc-8e">
         <name>.bss:dstBufferB</name>
         <uninitialized>true</uninitialized>
         <run_address>0x20001000</run_address>
         <size>0x1000</size>
         <input_file_ref idref="fl-2"/>
      </object_component>
      <object_component id="oc-14e">
         <name>.common:fftOutput</name>
         <uninitialized>true</uninitialized>
         <run_address>0x20002000</run_address>
         <size>0x1000</size>
      </object_component>
      <object_component id="oc-149">
         <name>.common:rmsBuff</name>
         <uninitialized>true</uninitialized>
         <run_address>0x20003404</run_address>
         <size>0x4</size>
      </object_component>
      <object_component id="oc-148">
         <name>.common:dcBuff</name>
         <uninitialized>true</uninitialized>
         <run_address>0x20003400</run_address>
         <size>0x4</size>
      </object_component>
      <object_component id="oc-14a">
         <name>.common:rmsCalculation</name>
         <uninitialized>true</uninitialized>
         <run_address>0x20003408</run_address>
         <size>0x4</size>
      </object_component>
      <object_component id="oc-11b">
         <name>.common:pui8ControlTable</name>
         <uninitialized>true</uninitialized>
         <run_address>0x20003000</run_address>
         <size>0x400</size>
      </object_component>
      <object_component id="oc-25">
         <name>.stack</name>
         <uninitialized>true</uninitialized>
         <run_address>0x20003410</run_address>
         <size>0x4</size>
         <input_file_ref idref="fl-de"/>
      </object_component>
      <object_component id="oc-359">
         <name>.stack</name>
         <uninitialized>true</uninitialized>
         <run_address>0x20003410</run_address>
         <size>0x0</size>
      </object_component>
      <object_component id="oc-dd">
         <name>.debug_info</name>
         <load_address>0x0</load_address>
         <run_address>0x0</run_address>
         <size>0xc4a</size>
         <input_file_ref idref="fl-2"/>
      </object_component>
      <object_component id="oc-89">
         <name>.debug_info</name>
         <load_address>0xc4a</load_address>
         <run_address>0xc4a</run_address>
         <size>0x113</size>
         <input_file_ref idref="fl-2"/>
      </object_component>
      <object_component id="oc-8f">
         <name>.debug_info</name>
         <load_address>0xd5d</load_address>
         <run_address>0xd5d</run_address>
         <size>0x113</size>
         <input_file_ref idref="fl-2"/>
      </object_component>
      <object_component id="oc-8c">
         <name>.debug_info</name>
         <load_address>0xe70</load_address>
         <run_address>0xe70</run_address>
         <size>0x141</size>
         <input_file_ref idref="fl-2"/>
      </object_component>
      <object_component id="oc-11d">
         <name>.debug_info</name>
         <load_address>0xfb1</load_address>
         <run_address>0xfb1</run_address>
         <size>0x239</size>
         <input_file_ref idref="fl-2"/>
      </object_component>
      <object_component id="oc-35">
         <name>.debug_info</name>
         <load_address>0x11ea</load_address>
         <run_address>0x11ea</run_address>
         <size>0x1f5</size>
         <input_file_ref idref="fl-2"/>
      </object_component>
      <object_component id="oc-104">
         <name>.debug_info</name>
         <load_address>0x13df</load_address>
         <run_address>0x13df</run_address>
         <size>0x1e8</size>
         <input_file_ref idref="fl-2"/>
      </object_component>
      <object_component id="oc-c0">
         <name>.debug_info</name>
         <load_address>0x15c7</load_address>
         <run_address>0x15c7</run_address>
         <size>0x64c</size>
         <input_file_ref idref="fl-2"/>
      </object_component>
      <object_component id="oc-197">
         <name>.debug_info</name>
         <load_address>0x1c13</load_address>
         <run_address>0x1c13</run_address>
         <size>0x24d4</size>
         <input_file_ref idref="fl-2"/>
      </object_component>
      <object_component id="oc-99">
         <name>.debug_info</name>
         <load_address>0x40e7</load_address>
         <run_address>0x40e7</run_address>
         <size>0x26b</size>
         <input_file_ref idref="fl-2"/>
      </object_component>
      <object_component id="oc-19c">
         <name>.debug_info</name>
         <load_address>0x4352</load_address>
         <run_address>0x4352</run_address>
         <size>0x1028</size>
         <input_file_ref idref="fl-2"/>
      </object_component>
      <object_component id="oc-1ab">
         <name>.debug_info</name>
         <load_address>0x537a</load_address>
         <run_address>0x537a</run_address>
         <size>0x186</size>
         <input_file_ref idref="fl-2"/>
      </object_component>
      <object_component id="oc-e8">
         <name>.debug_info</name>
         <load_address>0x5500</load_address>
         <run_address>0x5500</run_address>
         <size>0x8b</size>
         <input_file_ref idref="fl-2"/>
      </object_component>
      <object_component id="oc-e3">
         <name>.debug_info</name>
         <load_address>0x558b</load_address>
         <run_address>0x558b</run_address>
         <size>0x2a4</size>
         <input_file_ref idref="fl-2"/>
      </object_component>
      <object_component id="oc-1a1">
         <name>.debug_info</name>
         <load_address>0x582f</load_address>
         <run_address>0x582f</run_address>
         <size>0xef</size>
         <input_file_ref idref="fl-2"/>
      </object_component>
      <object_component id="oc-92">
         <name>.debug_info</name>
         <load_address>0x591e</load_address>
         <run_address>0x591e</run_address>
         <size>0xbb</size>
         <input_file_ref idref="fl-2"/>
      </object_component>
      <object_component id="oc-1d5">
         <name>.debug_info</name>
         <load_address>0x59d9</load_address>
         <run_address>0x59d9</run_address>
         <size>0x2c</size>
         <input_file_ref idref="fl-2"/>
      </object_component>
      <object_component id="oc-1a6">
         <name>.debug_info</name>
         <load_address>0x5a05</load_address>
         <run_address>0x5a05</run_address>
         <size>0x35</size>
         <input_file_ref idref="fl-2"/>
      </object_component>
      <object_component id="oc-d2">
         <name>.debug_info</name>
         <load_address>0x5a3a</load_address>
         <run_address>0x5a3a</run_address>
         <size>0x116</size>
         <input_file_ref idref="fl-3"/>
      </object_component>
      <object_component id="oc-7b">
         <name>.debug_info</name>
         <load_address>0x5b50</load_address>
         <run_address>0x5b50</run_address>
         <size>0x152</size>
         <input_file_ref idref="fl-3"/>
      </object_component>
      <object_component id="oc-43">
         <name>.debug_info</name>
         <load_address>0x5ca2</load_address>
         <run_address>0x5ca2</run_address>
         <size>0x84</size>
         <input_file_ref idref="fl-3"/>
      </object_component>
      <object_component id="oc-1d4">
         <name>.debug_info</name>
         <load_address>0x5d26</load_address>
         <run_address>0x5d26</run_address>
         <size>0x807</size>
         <input_file_ref idref="fl-4"/>
      </object_component>
      <object_component id="oc-255">
         <name>.debug_info</name>
         <load_address>0x652d</load_address>
         <run_address>0x652d</run_address>
         <size>0x102</size>
         <input_file_ref idref="fl-4"/>
      </object_component>
      <object_component id="oc-26a">
         <name>.debug_info</name>
         <load_address>0x662f</load_address>
         <run_address>0x662f</run_address>
         <size>0xfc</size>
         <input_file_ref idref="fl-4"/>
      </object_component>
      <object_component id="oc-25b">
         <name>.debug_info</name>
         <load_address>0x672b</load_address>
         <run_address>0x672b</run_address>
         <size>0x10a</size>
         <input_file_ref idref="fl-4"/>
      </object_component>
      <object_component id="oc-252">
         <name>.debug_info</name>
         <load_address>0x6835</load_address>
         <run_address>0x6835</run_address>
         <size>0x10e</size>
         <input_file_ref idref="fl-4"/>
      </object_component>
      <object_component id="oc-1c9">
         <name>.debug_info</name>
         <load_address>0x6943</load_address>
         <run_address>0x6943</run_address>
         <size>0x215</size>
         <input_file_ref idref="fl-4"/>
      </object_component>
      <object_component id="oc-261">
         <name>.debug_info</name>
         <load_address>0x6b58</load_address>
         <run_address>0x6b58</run_address>
         <size>0x1b2</size>
         <input_file_ref idref="fl-4"/>
      </object_component>
      <object_component id="oc-257">
         <name>.debug_info</name>
         <load_address>0x6d0a</load_address>
         <run_address>0x6d0a</run_address>
         <size>0x211</size>
         <input_file_ref idref="fl-4"/>
      </object_component>
      <object_component id="oc-1cf">
         <name>.debug_info</name>
         <load_address>0x6f1b</load_address>
         <run_address>0x6f1b</run_address>
         <size>0x312</size>
         <input_file_ref idref="fl-4"/>
      </object_component>
      <object_component id="oc-10a">
         <name>.debug_info</name>
         <load_address>0x722d</load_address>
         <run_address>0x722d</run_address>
         <size>0x17d</size>
         <input_file_ref idref="fl-4"/>
      </object_component>
      <object_component id="oc-3c">
         <name>.debug_info</name>
         <load_address>0x73aa</load_address>
         <run_address>0x73aa</run_address>
         <size>0x2f6</size>
         <input_file_ref idref="fl-5"/>
      </object_component>
      <object_component id="oc-14">
         <name>.debug_info</name>
         <load_address>0x76a0</load_address>
         <run_address>0x76a0</run_address>
         <size>0x121</size>
         <input_file_ref idref="fl-5"/>
      </object_component>
      <object_component id="oc-2c">
         <name>.debug_info</name>
         <load_address>0x77c1</load_address>
         <run_address>0x77c1</run_address>
         <size>0x187</size>
         <input_file_ref idref="fl-5"/>
      </object_component>
      <object_component id="oc-30">
         <name>.debug_info</name>
         <load_address>0x7948</load_address>
         <run_address>0x7948</run_address>
         <size>0x16f</size>
         <input_file_ref idref="fl-5"/>
      </object_component>
      <object_component id="oc-21e">
         <name>.debug_info</name>
         <load_address>0x7ab7</load_address>
         <run_address>0x7ab7</run_address>
         <size>0x186a</size>
         <input_file_ref idref="fl-11"/>
      </object_component>
      <object_component id="oc-14c">
         <name>.debug_info</name>
         <load_address>0x9321</load_address>
         <run_address>0x9321</run_address>
         <size>0x144</size>
         <input_file_ref idref="fl-11"/>
      </object_component>
      <object_component id="oc-f4">
         <name>.debug_info</name>
         <load_address>0x9465</load_address>
         <run_address>0x9465</run_address>
         <size>0x2c</size>
         <input_file_ref idref="fl-11"/>
      </object_component>
      <object_component id="oc-20f">
         <name>.debug_info</name>
         <load_address>0x9491</load_address>
         <run_address>0x9491</run_address>
         <size>0x3cd</size>
         <input_file_ref idref="fl-12"/>
      </object_component>
      <object_component id="oc-203">
         <name>.debug_info</name>
         <load_address>0x985e</load_address>
         <run_address>0x985e</run_address>
         <size>0x1ee</size>
         <input_file_ref idref="fl-12"/>
      </object_component>
      <object_component id="oc-129">
         <name>.debug_info</name>
         <load_address>0x9a4c</load_address>
         <run_address>0x9a4c</run_address>
         <size>0x2d5</size>
         <input_file_ref idref="fl-12"/>
      </object_component>
      <object_component id="oc-2ab">
         <name>.debug_info</name>
         <load_address>0x9d21</load_address>
         <run_address>0x9d21</run_address>
         <size>0x38b</size>
         <input_file_ref idref="fl-13"/>
      </object_component>
      <object_component id="oc-209">
         <name>.debug_info</name>
         <load_address>0xa0ac</load_address>
         <run_address>0xa0ac</run_address>
         <size>0x2d7</size>
         <input_file_ref idref="fl-13"/>
      </object_component>
      <object_component id="oc-2ac">
         <name>.debug_info</name>
         <load_address>0xa383</load_address>
         <run_address>0xa383</run_address>
         <size>0x51</size>
         <input_file_ref idref="fl-13"/>
      </object_component>
      <object_component id="oc-211">
         <name>.debug_info</name>
         <load_address>0xa3d4</load_address>
         <run_address>0xa3d4</run_address>
         <size>0x392</size>
         <input_file_ref idref="fl-14"/>
      </object_component>
      <object_component id="oc-12f">
         <name>.debug_info</name>
         <load_address>0xa766</load_address>
         <run_address>0xa766</run_address>
         <size>0x2e0</size>
         <input_file_ref idref="fl-14"/>
      </object_component>
      <object_component id="oc-201">
         <name>.debug_info</name>
         <load_address>0xaa46</load_address>
         <run_address>0xaa46</run_address>
         <size>0x48d</size>
         <input_file_ref idref="fl-15"/>
      </object_component>
      <object_component id="oc-298">
         <name>.debug_info</name>
         <load_address>0xaed3</load_address>
         <run_address>0xaed3</run_address>
         <size>0x1e1</size>
         <input_file_ref idref="fl-15"/>
      </object_component>
      <object_component id="oc-292">
         <name>.debug_info</name>
         <load_address>0xb0b4</load_address>
         <run_address>0xb0b4</run_address>
         <size>0x1e7</size>
         <input_file_ref idref="fl-15"/>
      </object_component>
      <object_component id="oc-29e">
         <name>.debug_info</name>
         <load_address>0xb29b</load_address>
         <run_address>0xb29b</run_address>
         <size>0x20c</size>
         <input_file_ref idref="fl-15"/>
      </object_component>
      <object_component id="oc-123">
         <name>.debug_info</name>
         <load_address>0xb4a7</load_address>
         <run_address>0xb4a7</run_address>
         <size>0x338</size>
         <input_file_ref idref="fl-15"/>
      </object_component>
      <object_component id="oc-1f6">
         <name>.debug_info</name>
         <load_address>0xb7df</load_address>
         <run_address>0xb7df</run_address>
         <size>0x3de</size>
         <input_file_ref idref="fl-15"/>
      </object_component>
      <object_component id="oc-1ea">
         <name>.debug_info</name>
         <load_address>0xbbbd</load_address>
         <run_address>0xbbbd</run_address>
         <size>0x3fe</size>
         <input_file_ref idref="fl-15"/>
      </object_component>
      <object_component id="oc-290">
         <name>.debug_info</name>
         <load_address>0xbfbb</load_address>
         <run_address>0xbfbb</run_address>
         <size>0x3eb</size>
         <input_file_ref idref="fl-16"/>
      </object_component>
      <object_component id="oc-279">
         <name>.debug_info</name>
         <load_address>0xc3a6</load_address>
         <run_address>0xc3a6</run_address>
         <size>0x1e8</size>
         <input_file_ref idref="fl-16"/>
      </object_component>
      <object_component id="oc-28b">
         <name>.debug_info</name>
         <load_address>0xc58e</load_address>
         <run_address>0xc58e</run_address>
         <size>0x1ee</size>
         <input_file_ref idref="fl-16"/>
      </object_component>
      <object_component id="oc-27f">
         <name>.debug_info</name>
         <load_address>0xc77c</load_address>
         <run_address>0xc77c</run_address>
         <size>0x213</size>
         <input_file_ref idref="fl-16"/>
      </object_component>
      <object_component id="oc-285">
         <name>.debug_info</name>
         <load_address>0xc98f</load_address>
         <run_address>0xc98f</run_address>
         <size>0x20d</size>
         <input_file_ref idref="fl-16"/>
      </object_component>
      <object_component id="oc-1f1">
         <name>.debug_info</name>
         <load_address>0xcb9c</load_address>
         <run_address>0xcb9c</run_address>
         <size>0x6cc</size>
         <input_file_ref idref="fl-16"/>
      </object_component>
      <object_component id="oc-1e5">
         <name>.debug_info</name>
         <load_address>0xd268</load_address>
         <run_address>0xd268</run_address>
         <size>0x6de</size>
         <input_file_ref idref="fl-16"/>
      </object_component>
      <object_component id="oc-1fe">
         <name>.debug_info</name>
         <load_address>0xd946</load_address>
         <run_address>0xd946</run_address>
         <size>0x199</size>
         <input_file_ref idref="fl-17"/>
      </object_component>
      <object_component id="oc-2b6">
         <name>.debug_info</name>
         <load_address>0xdadf</load_address>
         <run_address>0xdadf</run_address>
         <size>0x818</size>
         <input_file_ref idref="fl-18"/>
      </object_component>
      <object_component id="oc-217">
         <name>.debug_info</name>
         <load_address>0xe2f7</load_address>
         <run_address>0xe2f7</run_address>
         <size>0x13e</size>
         <input_file_ref idref="fl-18"/>
      </object_component>
      <object_component id="oc-21a">
         <name>.debug_info</name>
         <load_address>0xe435</load_address>
         <run_address>0xe435</run_address>
         <size>0x152</size>
         <input_file_ref idref="fl-18"/>
      </object_component>
      <object_component id="oc-23f">
         <name>.debug_info</name>
         <load_address>0xe587</load_address>
         <run_address>0xe587</run_address>
         <size>0x889</size>
         <input_file_ref idref="fl-1a"/>
      </object_component>
      <object_component id="oc-110">
         <name>.debug_info</name>
         <load_address>0xee10</load_address>
         <run_address>0xee10</run_address>
         <size>0x2b9</size>
         <input_file_ref idref="fl-1a"/>
      </object_component>
      <object_component id="oc-84">
         <name>.debug_info</name>
         <load_address>0xf0c9</load_address>
         <run_address>0xf0c9</run_address>
         <size>0x20f</size>
         <input_file_ref idref="fl-1a"/>
      </object_component>
      <object_component id="oc-2e3">
         <name>.debug_info</name>
         <load_address>0xf2d8</load_address>
         <run_address>0xf2d8</run_address>
         <size>0x26b</size>
         <input_file_ref idref="fl-1a"/>
      </object_component>
      <object_component id="oc-2de">
         <name>.debug_info</name>
         <load_address>0xf543</load_address>
         <run_address>0xf543</run_address>
         <size>0x1028</size>
         <input_file_ref idref="fl-1a"/>
      </object_component>
      <object_component id="oc-190">
         <name>.debug_info</name>
         <load_address>0x1056b</load_address>
         <run_address>0x1056b</run_address>
         <size>0x297</size>
         <input_file_ref idref="fl-1a"/>
      </object_component>
      <object_component id="oc-244">
         <name>.debug_info</name>
         <load_address>0x10802</load_address>
         <run_address>0x10802</run_address>
         <size>0xef</size>
         <input_file_ref idref="fl-1a"/>
      </object_component>
      <object_component id="oc-d6">
         <name>.debug_info</name>
         <load_address>0x108f1</load_address>
         <run_address>0x108f1</run_address>
         <size>0xbb</size>
         <input_file_ref idref="fl-1a"/>
      </object_component>
      <object_component id="oc-24c">
         <name>.debug_info</name>
         <load_address>0x109ac</load_address>
         <run_address>0x109ac</run_address>
         <size>0x3de</size>
         <input_file_ref idref="fl-1c"/>
      </object_component>
      <object_component id="oc-1bd">
         <name>.debug_info</name>
         <load_address>0x10d8a</load_address>
         <run_address>0x10d8a</run_address>
         <size>0x12b</size>
         <input_file_ref idref="fl-1c"/>
      </object_component>
      <object_component id="oc-1c3">
         <name>.debug_info</name>
         <load_address>0x10eb5</load_address>
         <run_address>0x10eb5</run_address>
         <size>0x137</size>
         <input_file_ref idref="fl-1c"/>
      </object_component>
      <object_component id="oc-241">
         <name>.debug_info</name>
         <load_address>0x10fec</load_address>
         <run_address>0x10fec</run_address>
         <size>0x131</size>
         <input_file_ref idref="fl-1c"/>
      </object_component>
      <object_component id="oc-1c0">
         <name>.debug_info</name>
         <load_address>0x1111d</load_address>
         <run_address>0x1111d</run_address>
         <size>0x13e</size>
         <input_file_ref idref="fl-1c"/>
      </object_component>
      <object_component id="oc-1b2">
         <name>.debug_info</name>
         <load_address>0x1125b</load_address>
         <run_address>0x1125b</run_address>
         <size>0x208</size>
         <input_file_ref idref="fl-1c"/>
      </object_component>
      <object_component id="oc-1b8">
         <name>.debug_info</name>
         <load_address>0x11463</load_address>
         <run_address>0x11463</run_address>
         <size>0x289</size>
         <input_file_ref idref="fl-1c"/>
      </object_component>
      <object_component id="oc-fe">
         <name>.debug_info</name>
         <load_address>0x116ec</load_address>
         <run_address>0x116ec</run_address>
         <size>0x3c7</size>
         <input_file_ref idref="fl-1c"/>
      </object_component>
      <object_component id="oc-2ec">
         <name>.debug_info</name>
         <load_address>0x11ab3</load_address>
         <run_address>0x11ab3</run_address>
         <size>0x51</size>
         <input_file_ref idref="fl-1c"/>
      </object_component>
      <object_component id="oc-117">
         <name>.debug_info</name>
         <load_address>0x11b04</load_address>
         <run_address>0x11b04</run_address>
         <size>0x25b</size>
         <input_file_ref idref="fl-1d"/>
      </object_component>
      <object_component id="oc-276">
         <name>.debug_info</name>
         <load_address>0x11d5f</load_address>
         <run_address>0x11d5f</run_address>
         <size>0x2c1</size>
         <input_file_ref idref="fl-d4"/>
      </object_component>
      <object_component id="oc-1dd">
         <name>.debug_info</name>
         <load_address>0x12020</load_address>
         <run_address>0x12020</run_address>
         <size>0x171</size>
         <input_file_ref idref="fl-d4"/>
      </object_component>
      <object_component id="oc-141">
         <name>.debug_info</name>
         <load_address>0x12191</load_address>
         <run_address>0x12191</run_address>
         <size>0x14c</size>
         <input_file_ref idref="fl-d5"/>
      </object_component>
      <object_component id="oc-13a">
         <name>.debug_info</name>
         <load_address>0x122dd</load_address>
         <run_address>0x122dd</run_address>
         <size>0x13a</size>
         <input_file_ref idref="fl-d6"/>
      </object_component>
      <object_component id="oc-144">
         <name>.debug_info</name>
         <load_address>0x12417</load_address>
         <run_address>0x12417</run_address>
         <size>0x12e</size>
         <input_file_ref idref="fl-d7"/>
      </object_component>
      <object_component id="oc-136">
         <name>.debug_info</name>
         <load_address>0x12545</load_address>
         <run_address>0x12545</run_address>
         <size>0x12c</size>
         <input_file_ref idref="fl-d8"/>
      </object_component>
      <object_component id="oc-267">
         <name>.debug_info</name>
         <load_address>0x12671</load_address>
         <run_address>0x12671</run_address>
         <size>0x142</size>
         <input_file_ref idref="fl-d9"/>
      </object_component>
      <object_component id="oc-b2">
         <name>.debug_info</name>
         <load_address>0x127b3</load_address>
         <run_address>0x127b3</run_address>
         <size>0x2d4</size>
         <input_file_ref idref="fl-da"/>
      </object_component>
      <object_component id="oc-5c">
         <name>.debug_info</name>
         <load_address>0x12a87</load_address>
         <run_address>0x12a87</run_address>
         <size>0x1b5</size>
         <input_file_ref idref="fl-da"/>
      </object_component>
      <object_component id="oc-ad">
         <name>.debug_info</name>
         <load_address>0x12c3c</load_address>
         <run_address>0x12c3c</run_address>
         <size>0x46</size>
         <input_file_ref idref="fl-da"/>
      </object_component>
      <object_component id="oc-53">
         <name>.debug_info</name>
         <load_address>0x12c82</load_address>
         <run_address>0x12c82</run_address>
         <size>0x2a8</size>
         <input_file_ref idref="fl-db"/>
      </object_component>
      <object_component id="oc-1d">
         <name>.debug_info</name>
         <load_address>0x12f2a</load_address>
         <run_address>0x12f2a</run_address>
         <size>0x1ea</size>
         <input_file_ref idref="fl-db"/>
      </object_component>
      <object_component id="oc-4e">
         <name>.debug_info</name>
         <load_address>0x13114</load_address>
         <run_address>0x13114</run_address>
         <size>0x46</size>
         <input_file_ref idref="fl-db"/>
      </object_component>
      <object_component id="oc-a5">
         <name>.debug_info</name>
         <load_address>0x1315a</load_address>
         <run_address>0x1315a</run_address>
         <size>0x2c</size>
         <input_file_ref idref="fl-db"/>
      </object_component>
      <object_component id="oc-a3">
         <name>.debug_info</name>
         <load_address>0x13186</load_address>
         <run_address>0x13186</run_address>
         <size>0x29e</size>
         <input_file_ref idref="fl-dc"/>
      </object_component>
      <object_component id="oc-17">
         <name>.debug_info</name>
         <load_address>0x13424</load_address>
         <run_address>0x13424</run_address>
         <size>0x250</size>
         <input_file_ref idref="fl-dc"/>
      </object_component>
      <object_component id="oc-3e">
         <name>.debug_info</name>
         <load_address>0x13674</load_address>
         <run_address>0x13674</run_address>
         <size>0x60</size>
         <input_file_ref idref="fl-dc"/>
      </object_component>
      <object_component id="oc-ed">
         <name>.debug_info</name>
         <load_address>0x136d4</load_address>
         <run_address>0x136d4</run_address>
         <size>0x46</size>
         <input_file_ref idref="fl-dc"/>
      </object_component>
      <object_component id="oc-9e">
         <name>.debug_info</name>
         <load_address>0x1371a</load_address>
         <run_address>0x1371a</run_address>
         <size>0x39</size>
         <input_file_ref idref="fl-dc"/>
      </object_component>
      <object_component id="oc-306">
         <name>.debug_info</name>
         <load_address>0x13753</load_address>
         <run_address>0x13753</run_address>
         <size>0x289</size>
         <input_file_ref idref="fl-dd"/>
      </object_component>
      <object_component id="oc-303">
         <name>.debug_info</name>
         <load_address>0x139dc</load_address>
         <run_address>0x139dc</run_address>
         <size>0x10e</size>
         <input_file_ref idref="fl-dd"/>
      </object_component>
      <object_component id="oc-272">
         <name>.debug_info</name>
         <load_address>0x13aea</load_address>
         <run_address>0x13aea</run_address>
         <size>0x14e</size>
         <input_file_ref idref="fl-dd"/>
      </object_component>
      <object_component id="oc-26">
         <name>.debug_info</name>
         <load_address>0x13c38</load_address>
         <run_address>0x13c38</run_address>
         <size>0x10b</size>
         <input_file_ref idref="fl-de"/>
      </object_component>
      <object_component id="oc-68">
         <name>.debug_info</name>
         <load_address>0x13d43</load_address>
         <run_address>0x13d43</run_address>
         <size>0x1a9</size>
         <input_file_ref idref="fl-de"/>
      </object_component>
      <object_component id="oc-2fa">
         <name>.debug_info</name>
         <load_address>0x13eec</load_address>
         <run_address>0x13eec</run_address>
         <size>0x115</size>
         <input_file_ref idref="fl-df"/>
      </object_component>
      <object_component id="oc-4a">
         <name>.debug_info</name>
         <load_address>0x14001</load_address>
         <run_address>0x14001</run_address>
         <size>0x119</size>
         <input_file_ref idref="fl-e0"/>
      </object_component>
      <object_component id="oc-b5">
         <name>.debug_info</name>
         <load_address>0x1411a</load_address>
         <run_address>0x1411a</run_address>
         <size>0x147</size>
         <input_file_ref idref="fl-e1"/>
      </object_component>
      <object_component id="oc-22a">
         <name>.debug_info</name>
         <load_address>0x14261</load_address>
         <run_address>0x14261</run_address>
         <size>0x4b3</size>
         <input_file_ref idref="fl-e2"/>
      </object_component>
      <object_component id="oc-15d">
         <name>.debug_info</name>
         <load_address>0x14714</load_address>
         <run_address>0x14714</run_address>
         <size>0x1a6</size>
         <input_file_ref idref="fl-e2"/>
      </object_component>
      <object_component id="oc-2cb">
         <name>.debug_info</name>
         <load_address>0x148ba</load_address>
         <run_address>0x148ba</run_address>
         <size>0x39</size>
         <input_file_ref idref="fl-e2"/>
      </object_component>
      <object_component id="oc-319">
         <name>.debug_info</name>
         <load_address>0x148f3</load_address>
         <run_address>0x148f3</run_address>
         <size>0x39</size>
         <input_file_ref idref="fl-e2"/>
      </object_component>
      <object_component id="oc-2d0">
         <name>.debug_info</name>
         <load_address>0x1492c</load_address>
         <run_address>0x1492c</run_address>
         <size>0x39</size>
         <input_file_ref idref="fl-e2"/>
      </object_component>
      <object_component id="oc-2d5">
         <name>.debug_info</name>
         <load_address>0x14965</load_address>
         <run_address>0x14965</run_address>
         <size>0xcd</size>
         <input_file_ref idref="fl-e2"/>
      </object_component>
      <object_component id="oc-bd">
         <name>.debug_info</name>
         <load_address>0x14a32</load_address>
         <run_address>0x14a32</run_address>
         <size>0x153</size>
         <input_file_ref idref="fl-e3"/>
      </object_component>
      <object_component id="oc-153">
         <name>.debug_info</name>
         <load_address>0x14b85</load_address>
         <run_address>0x14b85</run_address>
         <size>0x122</size>
         <input_file_ref idref="fl-e5"/>
      </object_component>
      <object_component id="oc-35a">
         <name>.debug_info</name>
         <load_address>0x14ca7</load_address>
         <run_address>0x14ca7</run_address>
         <size>0xc9</size>
      </object_component>
      <object_component id="oc-196">
         <name>.debug_line</name>
         <load_address>0x0</load_address>
         <run_address>0x0</run_address>
         <size>0x271</size>
         <input_file_ref idref="fl-2"/>
      </object_component>
      <object_component id="oc-dc">
         <name>.debug_line</name>
         <load_address>0x271</load_address>
         <run_address>0x271</run_address>
         <size>0x43</size>
         <input_file_ref idref="fl-2"/>
      </object_component>
      <object_component id="oc-e2">
         <name>.debug_line</name>
         <load_address>0x2b4</load_address>
         <run_address>0x2b4</run_address>
         <size>0x43</size>
         <input_file_ref idref="fl-2"/>
      </object_component>
      <object_component id="oc-e0">
         <name>.debug_line</name>
         <load_address>0x2f7</load_address>
         <run_address>0x2f7</run_address>
         <size>0x43</size>
         <input_file_ref idref="fl-2"/>
      </object_component>
      <object_component id="oc-121">
         <name>.debug_line</name>
         <load_address>0x33a</load_address>
         <run_address>0x33a</run_address>
         <size>0x9e</size>
         <input_file_ref idref="fl-2"/>
      </object_component>
      <object_component id="oc-38">
         <name>.debug_line</name>
         <load_address>0x3d8</load_address>
         <run_address>0x3d8</run_address>
         <size>0x6a</size>
         <input_file_ref idref="fl-2"/>
      </object_component>
      <object_component id="oc-107">
         <name>.debug_line</name>
         <load_address>0x442</load_address>
         <run_address>0x442</run_address>
         <size>0x60</size>
         <input_file_ref idref="fl-2"/>
      </object_component>
      <object_component id="oc-c3">
         <name>.debug_line</name>
         <load_address>0x4a2</load_address>
         <run_address>0x4a2</run_address>
         <size>0x198</size>
         <input_file_ref idref="fl-2"/>
      </object_component>
      <object_component id="oc-19a">
         <name>.debug_line</name>
         <load_address>0x63a</load_address>
         <run_address>0x63a</run_address>
         <size>0x80</size>
         <input_file_ref idref="fl-2"/>
      </object_component>
      <object_component id="oc-9c">
         <name>.debug_line</name>
         <load_address>0x6ba</load_address>
         <run_address>0x6ba</run_address>
         <size>0x6f</size>
         <input_file_ref idref="fl-2"/>
      </object_component>
      <object_component id="oc-19f">
         <name>.debug_line</name>
         <load_address>0x729</load_address>
         <run_address>0x729</run_address>
         <size>0x78</size>
         <input_file_ref idref="fl-2"/>
      </object_component>
      <object_component id="oc-1ae">
         <name>.debug_line</name>
         <load_address>0x7a1</load_address>
         <run_address>0x7a1</run_address>
         <size>0x78</size>
         <input_file_ref idref="fl-2"/>
      </object_component>
      <object_component id="oc-eb">
         <name>.debug_line</name>
         <load_address>0x819</load_address>
         <run_address>0x819</run_address>
         <size>0x20</size>
         <input_file_ref idref="fl-2"/>
      </object_component>
      <object_component id="oc-e6">
         <name>.debug_line</name>
         <load_address>0x839</load_address>
         <run_address>0x839</run_address>
         <size>0x73</size>
         <input_file_ref idref="fl-2"/>
      </object_component>
      <object_component id="oc-1a4">
         <name>.debug_line</name>
         <load_address>0x8ac</load_address>
         <run_address>0x8ac</run_address>
         <size>0x6f</size>
         <input_file_ref idref="fl-2"/>
      </object_component>
      <object_component id="oc-95">
         <name>.debug_line</name>
         <load_address>0x91b</load_address>
         <run_address>0x91b</run_address>
         <size>0x70</size>
         <input_file_ref idref="fl-2"/>
      </object_component>
      <object_component id="oc-1d8">
         <name>.debug_line</name>
         <load_address>0x98b</load_address>
         <run_address>0x98b</run_address>
         <size>0x6b</size>
         <input_file_ref idref="fl-2"/>
      </object_component>
      <object_component id="oc-1a9">
         <name>.debug_line</name>
         <load_address>0x9f6</load_address>
         <run_address>0x9f6</run_address>
         <size>0x72</size>
         <input_file_ref idref="fl-2"/>
      </object_component>
      <object_component id="oc-18f">
         <name>.debug_line</name>
         <load_address>0xa68</load_address>
         <run_address>0xa68</run_address>
         <size>0x3b</size>
         <input_file_ref idref="fl-3"/>
      </object_component>
      <object_component id="oc-7e">
         <name>.debug_line</name>
         <load_address>0xaa3</load_address>
         <run_address>0xaa3</run_address>
         <size>0x56</size>
         <input_file_ref idref="fl-3"/>
      </object_component>
      <object_component id="oc-46">
         <name>.debug_line</name>
         <load_address>0xaf9</load_address>
         <run_address>0xaf9</run_address>
         <size>0x20</size>
         <input_file_ref idref="fl-3"/>
      </object_component>
      <object_component id="oc-26e">
         <name>.debug_line</name>
         <load_address>0xb19</load_address>
         <run_address>0xb19</run_address>
         <size>0x20</size>
         <input_file_ref idref="fl-4"/>
      </object_component>
      <object_component id="oc-2f3">
         <name>.debug_line</name>
         <load_address>0xb39</load_address>
         <run_address>0xb39</run_address>
         <size>0x32</size>
         <input_file_ref idref="fl-4"/>
      </object_component>
      <object_component id="oc-301">
         <name>.debug_line</name>
         <load_address>0xb6b</load_address>
         <run_address>0xb6b</run_address>
         <size>0x32</size>
         <input_file_ref idref="fl-4"/>
      </object_component>
      <object_component id="oc-2f7">
         <name>.debug_line</name>
         <load_address>0xb9d</load_address>
         <run_address>0xb9d</run_address>
         <size>0x32</size>
         <input_file_ref idref="fl-4"/>
      </object_component>
      <object_component id="oc-2f1">
         <name>.debug_line</name>
         <load_address>0xbcf</load_address>
         <run_address>0xbcf</run_address>
         <size>0x32</size>
         <input_file_ref idref="fl-4"/>
      </object_component>
      <object_component id="oc-1c8">
         <name>.debug_line</name>
         <load_address>0xc01</load_address>
         <run_address>0xc01</run_address>
         <size>0x5b</size>
         <input_file_ref idref="fl-4"/>
      </object_component>
      <object_component id="oc-25f">
         <name>.debug_line</name>
         <load_address>0xc5c</load_address>
         <run_address>0xc5c</run_address>
         <size>0x6c</size>
         <input_file_ref idref="fl-4"/>
      </object_component>
      <object_component id="oc-2f5">
         <name>.debug_line</name>
         <load_address>0xcc8</load_address>
         <run_address>0xcc8</run_address>
         <size>0xa8</size>
         <input_file_ref idref="fl-4"/>
      </object_component>
      <object_component id="oc-1ce">
         <name>.debug_line</name>
         <load_address>0xd70</load_address>
         <run_address>0xd70</run_address>
         <size>0x10e</size>
         <input_file_ref idref="fl-4"/>
      </object_component>
      <object_component id="oc-10e">
         <name>.debug_line</name>
         <load_address>0xe7e</load_address>
         <run_address>0xe7e</run_address>
         <size>0x4c</size>
         <input_file_ref idref="fl-4"/>
      </object_component>
      <object_component id="oc-98">
         <name>.debug_line</name>
         <load_address>0xeca</load_address>
         <run_address>0xeca</run_address>
         <size>0x44</size>
         <input_file_ref idref="fl-5"/>
      </object_component>
      <object_component id="oc-3b">
         <name>.debug_line</name>
         <load_address>0xf0e</load_address>
         <run_address>0xf0e</run_address>
         <size>0x44</size>
         <input_file_ref idref="fl-5"/>
      </object_component>
      <object_component id="oc-2b">
         <name>.debug_line</name>
         <load_address>0xf52</load_address>
         <run_address>0xf52</run_address>
         <size>0x5d</size>
         <input_file_ref idref="fl-5"/>
      </object_component>
      <object_component id="oc-32">
         <name>.debug_line</name>
         <load_address>0xfaf</load_address>
         <run_address>0xfaf</run_address>
         <size>0x59</size>
         <input_file_ref idref="fl-5"/>
      </object_component>
      <object_component id="oc-2ba">
         <name>.debug_line</name>
         <load_address>0x1008</load_address>
         <run_address>0x1008</run_address>
         <size>0x60</size>
         <input_file_ref idref="fl-11"/>
      </object_component>
      <object_component id="oc-21d">
         <name>.debug_line</name>
         <load_address>0x1068</load_address>
         <run_address>0x1068</run_address>
         <size>0x6c</size>
         <input_file_ref idref="fl-11"/>
      </object_component>
      <object_component id="oc-f7">
         <name>.debug_line</name>
         <load_address>0x10d4</load_address>
         <run_address>0x10d4</run_address>
         <size>0x4d</size>
         <input_file_ref idref="fl-11"/>
      </object_component>
      <object_component id="oc-2b1">
         <name>.debug_line</name>
         <load_address>0x1121</load_address>
         <run_address>0x1121</run_address>
         <size>0x57</size>
         <input_file_ref idref="fl-12"/>
      </object_component>
      <object_component id="oc-206">
         <name>.debug_line</name>
         <load_address>0x1178</load_address>
         <run_address>0x1178</run_address>
         <size>0x73</size>
         <input_file_ref idref="fl-12"/>
      </object_component>
      <object_component id="oc-12c">
         <name>.debug_line</name>
         <load_address>0x11eb</load_address>
         <run_address>0x11eb</run_address>
         <size>0xa5</size>
         <input_file_ref idref="fl-12"/>
      </object_component>
      <object_component id="oc-313">
         <name>.debug_line</name>
         <load_address>0x1290</load_address>
         <run_address>0x1290</run_address>
         <size>0x20</size>
         <input_file_ref idref="fl-13"/>
      </object_component>
      <object_component id="oc-20d">
         <name>.debug_line</name>
         <load_address>0x12b0</load_address>
         <run_address>0x12b0</run_address>
         <size>0xac</size>
         <input_file_ref idref="fl-13"/>
      </object_component>
      <object_component id="oc-2ae">
         <name>.debug_line</name>
         <load_address>0x135c</load_address>
         <run_address>0x135c</run_address>
         <size>0x6c</size>
         <input_file_ref idref="fl-13"/>
      </object_component>
      <object_component id="oc-2b3">
         <name>.debug_line</name>
         <load_address>0x13c8</load_address>
         <run_address>0x13c8</run_address>
         <size>0x20</size>
         <input_file_ref idref="fl-14"/>
      </object_component>
      <object_component id="oc-132">
         <name>.debug_line</name>
         <load_address>0x13e8</load_address>
         <run_address>0x13e8</run_address>
         <size>0xa8</size>
         <input_file_ref idref="fl-14"/>
      </object_component>
      <object_component id="oc-2a8">
         <name>.debug_line</name>
         <load_address>0x1490</load_address>
         <run_address>0x1490</run_address>
         <size>0x6d</size>
         <input_file_ref idref="fl-15"/>
      </object_component>
      <object_component id="oc-29b">
         <name>.debug_line</name>
         <load_address>0x14fd</load_address>
         <run_address>0x14fd</run_address>
         <size>0x70</size>
         <input_file_ref idref="fl-15"/>
      </object_component>
      <object_component id="oc-295">
         <name>.debug_line</name>
         <load_address>0x156d</load_address>
         <run_address>0x156d</run_address>
         <size>0x73</size>
         <input_file_ref idref="fl-15"/>
      </object_component>
      <object_component id="oc-2a1">
         <name>.debug_line</name>
         <load_address>0x15e0</load_address>
         <run_address>0x15e0</run_address>
         <size>0x75</size>
         <input_file_ref idref="fl-15"/>
      </object_component>
      <object_component id="oc-126">
         <name>.debug_line</name>
         <load_address>0x1655</load_address>
         <run_address>0x1655</run_address>
         <size>0xad</size>
         <input_file_ref idref="fl-15"/>
      </object_component>
      <object_component id="oc-1f9">
         <name>.debug_line</name>
         <load_address>0x1702</load_address>
         <run_address>0x1702</run_address>
         <size>0xe9</size>
         <input_file_ref idref="fl-15"/>
      </object_component>
      <object_component id="oc-1ed">
         <name>.debug_line</name>
         <load_address>0x17eb</load_address>
         <run_address>0x17eb</run_address>
         <size>0xe9</size>
         <input_file_ref idref="fl-15"/>
      </object_component>
      <object_component id="oc-30e">
         <name>.debug_line</name>
         <load_address>0x18d4</load_address>
         <run_address>0x18d4</run_address>
         <size>0x74</size>
         <input_file_ref idref="fl-16"/>
      </object_component>
      <object_component id="oc-27b">
         <name>.debug_line</name>
         <load_address>0x1948</load_address>
         <run_address>0x1948</run_address>
         <size>0x70</size>
         <input_file_ref idref="fl-16"/>
      </object_component>
      <object_component id="oc-28d">
         <name>.debug_line</name>
         <load_address>0x19b8</load_address>
         <run_address>0x19b8</run_address>
         <size>0x73</size>
         <input_file_ref idref="fl-16"/>
      </object_component>
      <object_component id="oc-281">
         <name>.debug_line</name>
         <load_address>0x1a2b</load_address>
         <run_address>0x1a2b</run_address>
         <size>0x75</size>
         <input_file_ref idref="fl-16"/>
      </object_component>
      <object_component id="oc-287">
         <name>.debug_line</name>
         <load_address>0x1aa0</load_address>
         <run_address>0x1aa0</run_address>
         <size>0x72</size>
         <input_file_ref idref="fl-16"/>
      </object_component>
      <object_component id="oc-1f3">
         <name>.debug_line</name>
         <load_address>0x1b12</load_address>
         <run_address>0x1b12</run_address>
         <size>0x20d</size>
         <input_file_ref idref="fl-16"/>
      </object_component>
      <object_component id="oc-1e7">
         <name>.debug_line</name>
         <load_address>0x1d1f</load_address>
         <run_address>0x1d1f</run_address>
         <size>0x221</size>
         <input_file_ref idref="fl-16"/>
      </object_component>
      <object_component id="oc-1fd">
         <name>.debug_line</name>
         <load_address>0x1f40</load_address>
         <run_address>0x1f40</run_address>
         <size>0xcd</size>
         <input_file_ref idref="fl-17"/>
      </object_component>
      <object_component id="oc-315">
         <name>.debug_line</name>
         <load_address>0x200d</load_address>
         <run_address>0x200d</run_address>
         <size>0x20</size>
         <input_file_ref idref="fl-18"/>
      </object_component>
      <object_component id="oc-2b5">
         <name>.debug_line</name>
         <load_address>0x202d</load_address>
         <run_address>0x202d</run_address>
         <size>0x6c</size>
         <input_file_ref idref="fl-18"/>
      </object_component>
      <object_component id="oc-2b8">
         <name>.debug_line</name>
         <load_address>0x2099</load_address>
         <run_address>0x2099</run_address>
         <size>0x6c</size>
         <input_file_ref idref="fl-18"/>
      </object_component>
      <object_component id="oc-2dd">
         <name>.debug_line</name>
         <load_address>0x2105</load_address>
         <run_address>0x2105</run_address>
         <size>0x54</size>
         <input_file_ref idref="fl-1a"/>
      </object_component>
      <object_component id="oc-113">
         <name>.debug_line</name>
         <load_address>0x2159</load_address>
         <run_address>0x2159</run_address>
         <size>0x81</size>
         <input_file_ref idref="fl-1a"/>
      </object_component>
      <object_component id="oc-83">
         <name>.debug_line</name>
         <load_address>0x21da</load_address>
         <run_address>0x21da</run_address>
         <size>0x66</size>
         <input_file_ref idref="fl-1a"/>
      </object_component>
      <object_component id="oc-2e6">
         <name>.debug_line</name>
         <load_address>0x2240</load_address>
         <run_address>0x2240</run_address>
         <size>0x51</size>
         <input_file_ref idref="fl-1a"/>
      </object_component>
      <object_component id="oc-2e1">
         <name>.debug_line</name>
[...]
         <value>0x97d</value>
         <object_component_ref idref="oc-1e3"/>
      </symbol>
      <symbol id="sm-2b4">
         <name>arm_radix4_butterfly_q15</name>
         <value>0xe35</value>
         <object_component_ref idref="oc-1ef"/>
      </symbol>
      <symbol id="sm-2bf">
         <name>arm_bitreversal_32</name>
         <value>0x2243</value>
         <object_component_ref idref="oc-1fb"/>
      </symbol>
      <symbol id="sm-2c0">
         <name>arm_bitreversal_16</name>
         <value>0x22ad</value>
         <object_component_ref idref="oc-1fb"/>
      </symbol>
      <symbol id="sm-2d1">
         <name>armBitRevIndexTable_fixed_1024</name>
         <value>0x373c</value>
         <object_component_ref idref="oc-219"/>
      </symbol>
      <symbol id="sm-2d2">
         <name>twiddleCoef_1024_q15</name>
         <value>0x2b3c</value>
         <object_component_ref idref="oc-216"/>
      </symbol>
      <symbol id="sm-303">
         <name>ADCIntClearEx</name>
         <value>0x2af3</value>
         <object_component_ref idref="oc-82"/>
      </symbol>
      <symbol id="sm-304">
         <name>ADCSequenceStepConfigure</name>
         <value>0x206d</value>
         <object_component_ref idref="oc-10f"/>
      </symbol>
      <symbol id="sm-375">
         <name>SysCtlClockFreqSet</name>
         <value>0x15f9</value>
         <object_component_ref idref="oc-fd"/>
      </symbol>
      <symbol id="sm-383">
         <name>TimerControlTrigger</name>
         <value>0x26fd</value>
         <object_component_ref idref="oc-115"/>
      </symbol>
      <symbol id="sm-394">
         <name>sqrtf</name>
         <value>0x29a9</value>
         <object_component_ref idref="oc-1dc"/>
      </symbol>
      <symbol id="sm-3ab">
         <name>__aeabi_dsub</name>
         <value>0x1a99</value>
         <object_component_ref idref="oc-13e"/>
      </symbol>
      <symbol id="sm-3ac">
         <name>__aeabi_dadd</name>
         <value>0x1aa3</value>
         <object_component_ref idref="oc-13e"/>
      </symbol>
      <symbol id="sm-3b7">
         <name>__aeabi_dmul</name>
         <value>0x1f71</value>
         <object_component_ref idref="oc-139"/>
      </symbol>
      <symbol id="sm-3c1">
         <name>__aeabi_d2iz</name>
         <value>0x27b9</value>
         <object_component_ref idref="oc-143"/>
      </symbol>
      <symbol id="sm-3cb">
         <name>__aeabi_i2d</name>
         <value>0x2979</value>
         <object_component_ref idref="oc-134"/>
      </symbol>
      <symbol id="sm-3da">
         <name>__aeabi_uidivmod</name>
         <value>0x28cd</value>
         <object_component_ref idref="oc-264"/>
      </symbol>
      <symbol id="sm-3db">
         <name>__aeabi_uidiv</name>
         <value>0x28cd</value>
         <object_component_ref idref="oc-264"/>
      </symbol>
      <symbol id="sm-3ed">
         <name>__TI_zero_init</name>
         <value>0x2b1f</value>
         <object_component_ref idref="oc-5a"/>
      </symbol>
      <symbol id="sm-404">
         <name>__TI_decompress_none</name>
         <value>0x2b05</value>
         <object_component_ref idref="oc-1c"/>
      </symbol>
      <symbol id="sm-427">
         <name>__TI_decompress_lzss</name>
         <value>0x2695</value>
         <object_component_ref idref="oc-16"/>
      </symbol>
      <symbol id="sm-43d">
         <name>__aeabi_errno_addr</name>
         <value>0x2b2d</value>
         <object_component_ref idref="oc-26f"/>
      </symbol>
      <symbol id="sm-43e">
         <name>errno</name>
         <value>0x20003618</value>
         <object_component_ref idref="oc-302"/>
      </symbol>
      <symbol id="sm-451">
         <name>__stack</name>
         <value>0x20003410</value>
         <object_component_ref idref="oc-25"/>
      </symbol>
      <symbol id="sm-452">
         <name>_c_int00_noargs</name>
         <value>0x2945</value>
         <object_component_ref idref="oc-66"/>
      </symbol>
      <symbol id="sm-45c">
         <name>__aeabi_idiv0</name>
         <value>0x12eb</value>
         <object_component_ref idref="oc-2f9"/>
      </symbol>
      <symbol id="sm-45d">
         <name>__aeabi_ldiv0</name>
         <value>0x12eb</value>
         <object_component_ref idref="oc-2f9"/>
      </symbol>
      <symbol id="sm-478">
         <name>memcpy</name>
         <value>0x23a5</value>
         <object_component_ref idref="oc-48"/>
      </symbol>
      <symbol id="sm-479">
         <name>__aeabi_memcpy</name>
         <value>0x23a5</value>
         <object_component_ref idref="oc-48"/>
      </symbol>
      <symbol id="sm-47a">
         <name>__aeabi_memcpy8</name>
         <value>0x23a5</value>
         <object_component_ref idref="oc-48"/>
      </symbol>
      <symbol id="sm-47b">
         <name>__aeabi_memcpy4</name>
         <value>0x23a5</value>
         <object_component_ref idref="oc-48"/>
      </symbol>
      <symbol id="sm-48a">
         <name>__aeabi_memset</name>
         <value>0x24d3</value>
         <object_component_ref idref="oc-b3"/>
      </symbol>
      <symbol id="sm-48b">
         <name>memset</name>
         <value>0x24d9</value>
         <object_component_ref idref="oc-b3"/>
      </symbol>
      <symbol id="sm-48c">
         <name>__aeabi_memset8</name>
         <value>0x24d3</value>
         <object_component_ref idref="oc-b3"/>
      </symbol>
      <symbol id="sm-48d">
         <name>__aeabi_memset4</name>
         <value>0x24d3</value>
         <object_component_ref idref="oc-b3"/>
      </symbol>
      <symbol id="sm-48e">
         <name>__aeabi_memclr8</name>
         <value>0x24d1</value>
         <object_component_ref idref="oc-b3"/>
      </symbol>
      <symbol id="sm-48f">
         <name>__aeabi_memclr4</name>
         <value>0x24d1</value>
         <object_component_ref idref="oc-b3"/>
      </symbol>
      <symbol id="sm-490">
         <name>__aeabi_memclr</name>
         <value>0x24d1</value>
         <object_component_ref idref="oc-b3"/>
      </symbol>
      <symbol id="sm-4b8">
         <name>__TI_auto_init_nobinit_nopinit</name>
         <value>0x2845</value>
         <object_component_ref idref="oc-15c"/>
      </symbol>
      <symbol id="sm-4c2">
         <name>_system_pre_init</name>
         <value>0x2b35</value>
         <object_component_ref idref="oc-b9"/>
      </symbol>
      <symbol id="sm-4ce">
         <name>C$$EXIT</name>
         <value>0x2b39</value>
         <object_component_ref idref="oc-150"/>
      </symbol>
      <symbol id="sm-4cf">
         <name>abort</name>
         <value>0x2b39</value>
         <object_component_ref idref="oc-150"/>
      </symbol>
      <symbol id="sm-4d2">
         <name>__TI_static_base__</name>
         <value>0x0</value>
      </symbol>
      <symbol id="sm-4d5">
         <name>__mpu_init</name>
         <value>0x0</value>
      </symbol>
      <symbol id="sm-4d6">
         <name>_system_post_cinit</name>
         <value>0x0</value>
      </symbol>
      <symbol id="sm-4d7">
         <name>NMI_Handler</name>
         <value>0xe33</value>
      </symbol>
      <symbol id="sm-4d8">
         <name>HardFault_Handler</name>
         <value>0xe33</value>
      </symbol>
      <symbol id="sm-4d9">
         <name>MemManage_Handler</name>
         <value>0xe33</value>
      </symbol>
      <symbol id="sm-4da">
         <name>BusFault_Handler</name>
         <value>0xe33</value>
      </symbol>
      <symbol id="sm-4db">
         <name>UsageFault_Handler</name>
         <value>0xe33</value>
      </symbol>
      <symbol id="sm-4dc">
         <name>SVC_Handler</name>
         <value>0xe33</value>
      </symbol>
      <symbol id="sm-4dd">
         <name>DebugMon_Handler</name>
         <value>0xe33</value>
      </symbol>
      <symbol id="sm-4de">
         <name>PendSV_Handler</name>
         <value>0xe33</value>
      </symbol>
      <symbol id="sm-4df">
         <name>SysTick_Handler</name>
         <value>0xe33</value>
      </symbol>
      <symbol id="sm-4e0">
         <name>GPIOA_IRQHandler</name>
         <value>0xe33</value>
      </symbol>
      <symbol id="sm-4e1">
         <name>GPIOB_IRQHandler</name>
         <value>0xe33</value>
      </symbol>
      <symbol id="sm-4e2">
         <name>GPIOC_IRQHandler</name>
         <value>0xe33</value>
      </symbol>
      <symbol id="sm-4e3">
         <name>GPIOD_IRQHandler</name>
         <value>0xe33</value>
      </symbol>
      <symbol id="sm-4e4">
         <name>GPIOE_IRQHandler</name>
         <value>0xe33</value>
      </symbol>
      <symbol id="sm-4e5">
         <name>UART0_IRQHandler</name>
         <value>0xe33</value>
      </symbol>
      <symbol id="sm-4e6">
         <name>UART1_IRQHandler</name>
         <value>0xe33</value>
      </symbol>
      <symbol id="sm-4e7">
         <name>SSI0_IRQHandler</name>
         <value>0xe33</value>
      </symbol>
      <symbol id="sm-4e8">
         <name>I2C0_IRQHandler</name>
         <value>0xe33</value>
      </symbol>
      <symbol id="sm-4e9">
         <name>PWM0_FAULT_IRQHandler</name>
         <value>0xe33</value>
      </symbol>
      <symbol id="sm-4ea">
         <name>PWM0_0_IRQHandler</name>
         <value>0xe33</value>
      </symbol>
      <symbol id="sm-4eb">
         <name>PWM0_1_IRQHandler</name>
         <value>0xe33</value>
      </symbol>
      <symbol id="sm-4ec">
         <name>PWM0_2_IRQHandler</name>
         <value>0xe33</value>
      </symbol>
      <symbol id="sm-4ed">
         <name>QEI0_IRQHandler</name>
         <value>0xe33</value>
      </symbol>
      <symbol id="sm-4ee">
         <name>ADC0SS0_IRQHandler</name>
         <value>0xe33</value>
      </symbol>
      <symbol id="sm-4ef">
         <name>ADC0SS1_IRQHandler</name>
         <value>0xe33</value>
      </symbol>
      <symbol id="sm-4f0">
         <name>ADC0SS2_IRQHandler</name>
         <value>0x2305</value>
      </symbol>
      <symbol id="sm-4f1">
         <name>ADC0SS3_IRQHandler</name>
         <value>0xe33</value>
      </symbol>
      <symbol id="sm-4f2">
         <name>WATCHDOG_IRQHandler</name>
         <value>0xe33</value>
      </symbol>
      <symbol id="sm-4f3">
         <name>TIMER0A_IRQHandler</name>
         <value>0xe33</value>
      </symbol>
      <symbol id="sm-4f4">
         <name>TIMER0B_IRQHandler</name>
         <value>0xe33</value>
      </symbol>
      <symbol id="sm-4f5">
         <name>TIMER1A_IRQHandler</name>
         <value>0xe33</value>
      </symbol>
      <symbol id="sm-4f6">
         <name>TIMER1B_IRQHandler</name>
         <value>0xe33</value>
      </symbol>
      <symbol id="sm-4f7">
         <name>TIMER2A_IRQHandler</name>
         <value>0xe33</value>
      </symbol>
      <symbol id="sm-4f8">
         <name>TIMER2B_IRQHandler</name>
         <value>0xe33</value>
      </symbol>
      <symbol id="sm-4f9">
         <name>COMP0_IRQHandler</name>
         <value>0xe33</value>
      </symbol>
      <symbol id="sm-4fa">
         <name>COMP1_IRQHandler</name>
         <value>0xe33</value>
      </symbol>
      <symbol id="sm-4fb">
         <name>COMP2_IRQHandler</name>
         <value>0xe33</value>
      </symbol>
      <symbol id="sm-4fc">
         <name>SYSCTL_IRQHandler</name>
         <value>0xe33</value>
      </symbol>
      <symbol id="sm-4fd">
         <name>FLASH_IRQHandler</name>
         <value>0xe33</value>
      </symbol>
      <symbol id="sm-4fe">
         <name>GPIOF_IRQHandler</name>
         <value>0xe33</value>
      </symbol>
      <symbol id="sm-4ff">
         <name>GPIOG_IRQHandler</name>
         <value>0xe33</value>
      </symbol>
      <symbol id="sm-500">
         <name>GPIOH_IRQHandler</name>
         <value>0xe33</value>
      </symbol>
      <symbol id="sm-501">
         <name>UART2_IRQHandler</name>
         <value>0xe33</value>
      </symbol>
      <symbol id="sm-502">
         <name>SSI1_IRQHandler</name>
         <value>0xe33</value>
      </symbol>
      <symbol id="sm-503">
         <name>TIMER3A_IRQHandler</name>
         <value>0xe33</value>
      </symbol>
      <symbol id="sm-504">
         <name>TIMER3B_IRQHandler</name>
         <value>0xe33</value>
      </symbol>
      <symbol id="sm-505">
         <name>I2C1_IRQHandler</name>
         <value>0xe33</value>
      </symbol>
      <symbol id="sm-506">
         <name>CAN0_IRQHandler</name>
         <value>0xe33</value>
      </symbol>
      <symbol id="sm-507">
         <name>CAN1_IRQHandler</name>
         <value>0xe33</value>
      </symbol>
      <symbol id="sm-508">
         <name>EMAC0_IRQHandler</name>
         <value>0xe33</value>
      </symbol>
      <symbol id="sm-509">
         <name>HIBERNATE_IRQHandler</name>
         <value>0xe33</value>
      </symbol>
      <symbol id="sm-50a">
         <name>USB0_IRQHandler</name>
         <value>0xe33</value>
      </symbol>
      <symbol id="sm-50b">
         <name>PWM0_3_IRQHandler</name>
         <value>0xe33</value>
      </symbol>
      <symbol id="sm-50c">
         <name>UDMA_IRQHandler</name>
         <value>0xe33</value>
      </symbol>
      <symbol id="sm-50d">
         <name>UDMAERR_IRQHandler</name>
         <value>0xe33</value>
      </symbol>
      <symbol id="sm-50e">
         <name>ADC1SS0_IRQHandler</name>
         <value>0xe33</value>
      </symbol>
      <symbol id="sm-50f">
         <name>ADC1SS1_IRQHandler</name>
         <value>0xe33</value>
      </symbol>
      <symbol id="sm-510">
         <name>ADC1SS2_IRQHandler</name>
         <value>0xe33</value>
      </symbol>
      <symbol id="sm-511">
         <name>ADC1SS3_IRQHandler</name>
         <value>0xe33</value>
      </symbol>
      <symbol id="sm-512">
         <name>EPI0_IRQHandler</name>
         <value>0xe33</value>
      </symbol>
      <symbol id="sm-513">
         <name>GPIOJ_IRQHandler</name>
         <value>0xe33</value>
      </symbol>
      <symbol id="sm-514">
         <name>GPIOK_IRQHandler</name>
         <value>0xe33</value>
      </symbol>
      <symbol id="sm-515">
         <name>GPIOL_IRQHandler</name>
         <value>0xe33</value>
      </symbol>
      <symbol id="sm-516">
         <name>SSI2_IRQHandler</name>
         <value>0xe33</value>
      </symbol>
      <symbol id="sm-517">
         <name>SSI3_IRQHandler</name>
         <value>0xe33</value>
      </symbol>
      <symbol id="sm-518">
         <name>UART3_IRQHandler</name>
         <value>0xe33</value>
      </symbol>
      <symbol id="sm-519">
         <name>UART4_IRQHandler</name>
         <value>0xe33</value>
      </symbol>
      <symbol id="sm-51a">
         <name>UART5_IRQHandler</name>
         <value>0xe33</value>
      </symbol>
      <symbol id="sm-51b">
         <name>UART6_IRQHandler</name>
         <value>0xe33</value>
      </symbol>
      <symbol id="sm-51c">
         <name>UART7_IRQHandler</name>
         <value>0xe33</value>
      </symbol>
      <symbol id="sm-51d">
         <name>I2C2_IRQHandler</name>
         <value>0xe33</value>
      </symbol>
      <symbol id="sm-51e">
         <name>I2C3_IRQHandler</name>
         <value>0xe33</value>
      </symbol>
      <symbol id="sm-51f">
         <name>TIMER4A_IRQHandler</name>
         <value>0xe33</value>
      </symbol>
      <symbol id="sm-520">
         <name>TIMER4B_IRQHandler</name>
         <value>0xe33</value>
      </symbol>
      <symbol id="sm-521">
         <name>TIMER5A_IRQHandler</name>
         <value>0xe33</value>
      </symbol>
      <symbol id="sm-522">
         <name>TIMER5B_IRQHandler</name>
         <value>0xe33</value>
      </symbol>
      <symbol id="sm-523">
         <name>SYSEXC_IRQHandler</name>
         <value>0xe33</value>
      </symbol>
      <symbol id="sm-524">
         <name>I2C4_IRQHandler</name>
         <value>0xe33</value>
      </symbol>
      <symbol id="sm-525">
         <name>I2C5_IRQHandler</name>
         <value>0xe33</value>
      </symbol>
      <symbol id="sm-526">
         <name>GPIOM_IRQHandler</name>
         <value>0xe33</value>
      </symbol>
      <symbol id="sm-527">
         <name>GPION_IRQHandler</name>
         <value>0xe33</value>
      </symbol>
      <symbol id="sm-528">
         <name>TAMPER0_IRQHandler</name>
         <value>0xe33</value>
      </symbol>
      <symbol id="sm-529">
         <name>GPIOP0_IRQHandler</name>
         <value>0xe33</value>
      </symbol>
      <symbol id="sm-52a">
         <name>GPIOP1_IRQHandler</name>
         <value>0xe33</value>
      </symbol>
      <symbol id="sm-52b">
         <name>GPIOP2_IRQHandler</name>
         <value>0xe33</value>
      </symbol>
      <symbol id="sm-52c">
         <name>GPIOP3_IRQHandler</name>
         <value>0xe33</value>
      </symbol>
      <symbol id="sm-52d">
         <name>GPIOP4_IRQHandler</name>
         <value>0xe33</value>
      </symbol>
      <symbol id="sm-52e">
         <name>GPIOP5_IRQHandler</name>
         <value>0xe33</value>
      </symbol>
      <symbol id="sm-52f">
         <name>GPIOP6_IRQHandler</name>
         <value>0xe33</value>
      </symbol>
      <symbol id="sm-530">
         <name>GPIOP7_IRQHandler</name>
         <value>0xe33</value>
      </symbol>
      <symbol id="sm-531">
         <name>GPIOQ0_IRQHandler</name>
         <value>0xe33</value>
      </symbol>
      <symbol id="sm-532">
         <name>GPIOQ1_IRQHandler</name>
         <value>0xe33</value>
      </symbol>
      <symbol id="sm-533">
         <name>GPIOQ2_IRQHandler</name>
         <value>0xe33</value>
      </symbol>
      <symbol id="sm-534">
         <name>GPIOQ3_IRQHandler</name>
         <value>0xe33</value>
      </symbol>
      <symbol id="sm-535">
         <name>GPIOQ4_IRQHandler</name>
         <value>0xe33</value>
      </symbol>
      <symbol id="sm-536">
         <name>GPIOQ5_IRQHandler</name>
         <value>0xe33</value>
      </symbol>
      <symbol id="sm-537">
         <name>GPIOQ6_IRQHandler</name>
         <value>0xe33</value>
      </symbol>
      <symbol id="sm-538">
         <name>GPIOQ7_IRQHandler</name>
         <value>0xe33</value>
      </symbol>
      <symbol id="sm-539">
         <name>SHA0_IRQHandler</name>
         <value>0xe33</value>
      </symbol>
      <symbol id="sm-53a">
         <name>AES0_IRQHandler</name>
         <value>0xe33</value>
      </symbol>
      <symbol id="sm-53b">
         <name>DES0_IRQHandler</name>
         <value>0xe33</value>
      </symbol>
      <symbol id="sm-53c">
         <name>TIMER6A_IRQHandler</name>
         <value>0xe33</value>
      </symbol>
      <symbol id="sm-53d">
         <name>TIMER6B_IRQHandler</name>
         <value>0xe33</value>
      </symbol>
      <symbol id="sm-53e">
         <name>TIMER7A_IRQHandler</name>
         <value>0xe33</value>
      </symbol>
      <symbol id="sm-53f">
         <name>TIMER7B_IRQHandler</name>
         <value>0xe33</value>
      </symbol>
      <symbol id="sm-540">
         <name>I2C6_IRQHandler</name>
         <value>0xe33</value>
      </symbol>
      <symbol id="sm-541">
         <name>I2C7_IRQHandler</name>
         <value>0xe33</value>
      </symbol>
      <symbol id="sm-542">
         <name>I2C8_IRQHandler</name>
         <value>0xe33</value>
      </symbol>
      <symbol id="sm-543">
         <name>I2C9_IRQHandler</name>
         <value>0xe33</value>
      </symbol>
   </symbol_table>
   <title>Link successful</title>
</link_info>
