******************************************************************************
                  TI ARM Linker PC v20.2.5                     
******************************************************************************
>> Linked Fri Nov  5 12:53:27 2021

OUTPUT FILE NAME:   <cmsis_msp432e4_dsp_example_MSP_EXP432E401Y_nortos_ccs.out>
ENTRY POINT SYMBOL: "_c_int00_noargs"  address: 00002945


MEMORY CONFIGURATION

         name            origin    length      used     unused   attr    fill
----------------------  --------  ---------  --------  --------  ----  --------
  FLASH                 00000000   00100000  0000417c  000fbe84  R  X
  SRAM                  20000000   00040000  0000361c  0003c9e4  RW X


SEGMENT ALLOCATION MAP

run origin  load origin   length   init length attrs members
----------  ----------- ---------- ----------- ----- -------
00000000    00000000    00004180   00004180    r-x
  00000000    00000000    00000208   00000208    r-- .intvecs
  00000208    00000208    00002934   00002934    r-x .text
  00002b3c    00002b3c    00001610   00001610    r-- .const
  00004150    00004150    00000030   00000030    r-- .cinit
20000000    20000000    00003620   00000000    rw-
  20000000    20000000    0000340c   00000000    rw- .bss
  20003410    20003410    00000200   00000000    rw- .stack
  20003610    20003610    00000010   00000000    rw- .data


SECTION ALLOCATION MAP

 output                                  attributes/
section   page    origin      length       input sections
--------  ----  ----------  ----------   ----------------
.intvecs   0    00000000    00000208     
                  00000000    00000208     startup_msp432e401y_ccs.obj (.intvecs:retain)

.text      0    00000208    00002934     
                  00000208    00000774     cmsis_msp432e4_dsp_example.obj (.text:main)
                  0000097c    000004b6     arm_cortexM4lf_math.a : arm_cfft_radix4_q15.o (.text:arm_radix4_butterfly_inverse_q15)
                  00000e32    00000002     startup_msp432e401y_ccs.obj (.text:Default_Handler)
                  00000e34    000004b6     arm_cortexM4lf_math.a : arm_cfft_radix4_q15.o (.text:arm_radix4_butterfly_q15)
                  000012ea    00000002     rtsv7M4_T_le_v4SPD16_eabi.lib : div0.asm.obj (.text)
                  000012ec    0000030c     uartstdio.obj (.text:UARTvprintf)
                  000015f8    000002e0     msp432e4_driverlib.a : sysctl.o (.text:SysCtlClockFreqSet)
                  000018d8    000001c0     arm_cortexM4lf_math.a : arm_sqrt_q15.o (.text:arm_sqrt_q15)
                  00001a98    000001b6     rtsv7M4_T_le_v4SPD16_eabi.lib : fd_add_t2.asm.obj (.text)
                  00001c4e    00000002     --HOLE-- [fill = 0]
                  00001c50    00000190     arm_cortexM4lf_math.a : arm_cfft_q15.o (.text:arm_cfft_radix4by2_inverse_q15)
                  00001de0    00000190                           : arm_cfft_q15.o (.text:arm_cfft_radix4by2_q15)
                  00001f70    000000fc     rtsv7M4_T_le_v4SPD16_eabi.lib : fd_mul_t2.asm.obj (.text)
                  0000206c    000000ee     msp432e4_driverlib.a : adc.o (.text:ADCSequenceStepConfigure)
                  0000215a    000000e8     arm_cortexM4lf_math.a : arm_cfft_q15.o (.text:arm_cfft_q15)
                  00002242    000000c0                           : arm_bitreversal2.o (.text)
                  00002302    00000002     --HOLE-- [fill = 0]
                  00002304    000000a0     cmsis_msp432e4_dsp_example.obj (.text:ADC0SS2_IRQHandler)
                  000023a4    0000009c     rtsv7M4_T_le_v4SPD16_eabi.lib : memcpy_t2.asm.obj (.text)
                  00002440    00000090     msp432e4_driverlib.a : sysctl.o (.text:_SysCtlFrequencyGet)
                  000024d0    0000007a     rtsv7M4_T_le_v4SPD16_eabi.lib : memset_t2.asm.obj (.text)
                  0000254a    00000002     --HOLE-- [fill = 0]
                  0000254c    00000074     uartstdio.obj (.text:UARTStdioConfig)
                  000025c0    0000006c     arm_cortexM4lf_math.a : arm_max_q15.o (.text:arm_max_q15)
                  0000262c    00000068     cmsis_msp432e4_dsp_example.obj (.text:ConfigureUART)
                  00002694    00000068     rtsv7M4_T_le_v4SPD16_eabi.lib : copy_decompress_lzss.c.obj (.text:decompress:lzss:__TI_decompress_lzss)
                  000026fc    00000060     msp432e4_driverlib.a : timer.o (.text:TimerControlTrigger)
                  0000275c    0000005c     uartstdio.obj (.text:UARTwrite)
                  000027b8    00000048     rtsv7M4_T_le_v4SPD16_eabi.lib : fd_toi_t2.asm.obj (.text)
                  00002800    00000044     msp432e4_driverlib.a : sysctl.o (.text:_SysCtlMemTimingGet)
                  00002844    00000044     rtsv7M4_T_le_v4SPD16_eabi.lib : autoinit.c.obj (.text:__TI_auto_init_nobinit_nopinit:__TI_auto_init_nobinit_nopinit)
                  00002888    00000044     arm_cortexM4lf_math.a : arm_cmplx_mag_q15.o (.text:arm_cmplx_mag_q15)
                  000028cc    00000040     rtsv7M4_T_le_v4SPD16_eabi.lib : u_divt2.asm.obj (.text)
                  0000290c    00000038     cmsis_msp432e4_dsp_example.obj (.text:arm_sqrt_f32)
                  00002944    00000034     rtsv7M4_T_le_v4SPD16_eabi.lib : boot_cortex_m.c.obj (.text:_c_int00_noargs:_c_int00_noargs)
                  00002978    0000002e                                   : i_tofd_t2.asm.obj (.text)
                  000029a6    00000002     --HOLE-- [fill = 0]
                  000029a8    00000028                                   : e_sqrtf.c.obj (.text:sqrtf)
                  000029d0    00000024     uartstdio.obj (.text:UARTprintf)
                  000029f4    00000022     arm_cortexM4lf_math.a : arm_cfft_q15.o (.text:write_q15x2_ia)
                  00002a16    00000022                           : arm_cfft_radix4_q15.o (.text:write_q15x2_ia)
                  00002a38    00000020     system_msp432e401y.obj (.text:SystemInit)
                  00002a58    0000001e     arm_cortexM4lf_math.a : arm_cfft_q15.o (.text:read_q15x2_ia)
                  00002a76    0000001e                           : arm_cfft_radix4_q15.o (.text:read_q15x2_ia)
                  00002a94    0000001e                           : arm_cmplx_mag_q15.o (.text:read_q15x2_ia)
                  00002ab2    00000018                           : arm_cfft_radix4_q15.o (.text:write_q15x2)
                  00002aca    00000014                           : arm_cfft_q15.o (.text:read_q15x2)
                  00002ade    00000014                           : arm_cfft_radix4_q15.o (.text:read_q15x2)
                  00002af2    00000012     msp432e4_driverlib.a : adc.o (.text:ADCIntClearEx)
                  00002b04    0000000e     rtsv7M4_T_le_v4SPD16_eabi.lib : copy_decompress_none.c.obj (.text:decompress:none:__TI_decompress_none)
                  00002b12    0000000c     startup_msp432e401y_ccs.obj (.text:Reset_Handler)
                  00002b1e    0000000c     rtsv7M4_T_le_v4SPD16_eabi.lib : copy_zero_init.c.obj (.text:decompress:ZI:__TI_zero_init)
                  00002b2a    00000002     --HOLE-- [fill = 0]
                  00002b2c    00000008                                   : errno.c.obj (.text:__aeabi_errno_addr)
                  00002b34    00000004                                   : pre_init.c.obj (.text:_system_pre_init)
                  00002b38    00000004                                   : exit.c.obj (.text:abort:abort)

.const     0    00002b3c    00001610     
                  00002b3c    00000c00     arm_cortexM4lf_math.a : arm_common_tables.o (.const:twiddleCoef_1024_q15)
                  0000373c    000007c0                           : arm_common_tables.o (.const:armBitRevIndexTable_fixed_1024)
                  00003efc    000001b0     msp432e4_driverlib.a : sysctl.o (.const:g_pppui32XTALtoVCO)
                  000040ac    00000030                          : sysctl.o (.const:g_sXTALtoMEMTIM)
                  000040dc    00000028                          : sysctl.o (.const:g_pui32Xtals)
                  00004104    00000012     uartstdio.obj (.const:.string)
                  00004116    00000002     --HOLE-- [fill = 0]
                  00004118    00000010     arm_cortexM4lf_math.a : arm_const_structs.o (.const:arm_cfft_sR_q15_len1024)
                  00004128    0000000c     uartstdio.obj (.const:g_ui32UARTBase)
                  00004134    0000000c     uartstdio.obj (.const:g_ui32UARTPeriph)
                  00004140    00000008     msp432e4_driverlib.a : sysctl.o (.const:g_pui32VCOFrequencies)
                  00004148    00000004     uartstdio.obj (.const)

.cinit     0    00004150    00000030     
                  00004150    0000000c     (__TI_handler_table)
                  0000415c    0000000a     (.cinit..data.load) [load image, compression = lzss]
                  00004166    00000002     --HOLE-- [fill = 0]
                  00004168    00000008     (.cinit..bss.load) [load image, compression = zero_init]
                  00004170    00000010     (__TI_cinit_table)

.init_array 
*          0    00000000    00000000     UNINITIALIZED

.bss       0    20000000    0000340c     UNINITIALIZED
                  20000000    00001000     cmsis_msp432e4_dsp_example.obj (.bss:dstBufferA)
                  20001000    00001000     cmsis_msp432e4_dsp_example.obj (.bss:dstBufferB)
                  20002000    00001000     (.common:fftOutput)
                  20003000    00000400     (.common:pui8ControlTable)
                  20003400    00000004     (.common:dcBuff)
                  20003404    00000004     (.common:rmsBuff)
                  20003408    00000004     (.common:rmsCalculation)

.data      0    20003610    00000010     UNINITIALIZED
                  20003610    00000005     uartstdio.obj (.data)
                  20003615    00000002     cmsis_msp432e4_dsp_example.obj (.data)
                  20003617    00000001     --HOLE--
                  20003618    00000004     rtsv7M4_T_le_v4SPD16_eabi.lib : errno.c.obj (.data)
                  2000361c    00000004     system_msp432e401y.obj (.data)

.stack     0    20003410    00000200     UNINITIALIZED
                  20003410    00000004     rtsv7M4_T_le_v4SPD16_eabi.lib : boot_cortex_m.c.obj (.stack)
                  20003414    000001fc     --HOLE--

__llvm_prf_cnts 
*          0    20000000    00000000     UNINITIALIZED

MODULE SUMMARY

       Module                           code    ro data   rw data
       ------                           ----    -------   -------
    .\
       cmsis_msp432e4_dsp_example.obj   2228    0         13326  
       uartstdio.obj                    1024    46        5      
       system_msp432e401y.obj           32      0         4      
    +--+--------------------------------+-------+---------+---------+
       Total:                           3284    46        13335  
                                                                 
    .\ccs\
       startup_msp432e401y_ccs.obj      14      520       0      
    +--+--------------------------------+-------+---------+---------+
       Total:                           14      520       0      
                                                                 
    C:/ti/simplelink_msp432e4_sdk_4_20_00_12/source/third_party/CMSIS/DSP_Lib/lib/ccs/m4f/arm_cortexM4lf_math.a
       arm_common_tables.o              0       5056      0      
       arm_cfft_radix4_q15.o            2520    0         0      
       arm_cfft_q15.o                   1116    0         0      
       arm_sqrt_q15.o                   448     0         0      
       arm_bitreversal2.o               192     0         0      
       arm_max_q15.o                    108     0         0      
       arm_cmplx_mag_q15.o              98      0         0      
       arm_const_structs.o              0       16        0      
    +--+--------------------------------+-------+---------+---------+
       Total:                           4482    5072      0      
                                                                 
    C:/ti/simplelink_msp432e4_sdk_4_20_00_12/source/ti/devices/msp432e4/driverlib/lib/ccs/m4f/msp432e4_driverlib.a
       sysctl.o                         948     528       0      
       adc.o                            256     0         0      
       timer.o                          96      0         0      
    +--+--------------------------------+-------+---------+---------+
       Total:                           1300    528       0      
                                                                 
    C:\ti\ccs1100\ccs\tools\compiler\ti-cgt-arm_20.2.5.LTS\lib\rtsv7M4_T_le_v4SPD16_eabi.lib
       fd_add_t2.asm.obj                438     0         0      
       fd_mul_t2.asm.obj                252     0         0      
       memcpy_t2.asm.obj                156     0         0      
       memset_t2.asm.obj                122     0         0      
       copy_decompress_lzss.c.obj       104     0         0      
       fd_toi_t2.asm.obj                72      0         0      
       autoinit.c.obj                   68      0         0      
       u_divt2.asm.obj                  64      0         0      
       boot_cortex_m.c.obj              52      0         0      
       i_tofd_t2.asm.obj                46      0         0      
       e_sqrtf.c.obj                    40      0         0      
       copy_decompress_none.c.obj       14      0         0      
       copy_zero_init.c.obj             12      0         0      
       errno.c.obj                      8       0         4      
       exit.c.obj                       4       0         0      
       pre_init.c.obj                   4       0         0      
       div0.asm.obj                     2       0         0      
    +--+--------------------------------+-------+---------+---------+
       Total:                           1458    0         4      
                                                                 
       Stack:                           0       0         512    
       Linker Generated:                0       46        0      
    +--+--------------------------------+-------+---------+---------+
       Grand Total:                     10538   6212      13851  


LINKER GENERATED COPY TABLES

__TI_cinit_table @ 00004170 records: 2, size/record: 8, table size: 16
	.data: load addr=0000415c, load size=0000000a bytes, run addr=20003610, run size=00000010 bytes, compression=lzss
	.bss: load addr=00004168, load size=00000008 bytes, run addr=20000000, run size=0000340c bytes, compression=zero_init


LINKER GENERATED HANDLER TABLE

__TI_handler_table @ 00004150 records: 3, size/record: 4, table size: 12
	index: 0, handler: __TI_decompress_lzss
	index: 1, handler: __TI_decompress_none
	index: 2, handler: __TI_zero_init


GLOBAL SYMBOLS: SORTED ALPHABETICALLY BY Name 

address   name                            
-------   ----                            
00000e33  ADC0SS0_IRQHandler              
00000e33  ADC0SS1_IRQHandler              
00002305  ADC0SS2_IRQHandler              
00002305  ADC0SS2_IRQHandler              
00000e33  ADC0SS3_IRQHandler              
00000e33  ADC1SS0_IRQHandler              
00000e33  ADC1SS1_IRQHandler              
00000e33  ADC1SS2_IRQHandler              
00000e33  ADC1SS3_IRQHandler              
00002af3  ADCIntClearEx                   
0000206d  ADCSequenceStepConfigure        
00000e33  AES0_IRQHandler                 
00000e33  BusFault_Handler                
00002b39  C$$EXIT                         
00000e33  CAN0_IRQHandler                 
00000e33  CAN1_IRQHandler                 
00000e33  COMP0_IRQHandler                
00000e33  COMP1_IRQHandler                
00000e33  COMP2_IRQHandler                
0000262d  ConfigureUART                   
00000e33  DES0_IRQHandler                 
00000e33  DebugMon_Handler                
00000e33  Default_Handler                 
00000e33  EMAC0_IRQHandler                
00000e33  EPI0_IRQHandler                 
00000e33  FLASH_IRQHandler                
00000e33  GPIOA_IRQHandler                
00000e33  GPIOB_IRQHandler                
00000e33  GPIOC_IRQHandler                
00000e33  GPIOD_IRQHandler                
00000e33  GPIOE_IRQHandler                
00000e33  GPIOF_IRQHandler                
00000e33  GPIOG_IRQHandler                
00000e33  GPIOH_IRQHandler                
00000e33  GPIOJ_IRQHandler                
00000e33  GPIOK_IRQHandler                
00000e33  GPIOL_IRQHandler                
00000e33  GPIOM_IRQHandler                
00000e33  GPION_IRQHandler                
00000e33  GPIOP0_IRQHandler               
00000e33  GPIOP1_IRQHandler               
00000e33  GPIOP2_IRQHandler               
00000e33  GPIOP3_IRQHandler               
00000e33  GPIOP4_IRQHandler               
00000e33  GPIOP5_IRQHandler               
00000e33  GPIOP6_IRQHandler               
00000e33  GPIOP7_IRQHandler               
00000e33  GPIOQ0_IRQHandler               
00000e33  GPIOQ1_IRQHandler               
00000e33  GPIOQ2_IRQHandler               
00000e33  GPIOQ3_IRQHandler               
00000e33  GPIOQ4_IRQHandler               
00000e33  GPIOQ5_IRQHandler               
00000e33  GPIOQ6_IRQHandler               
00000e33  GPIOQ7_IRQHandler               
00000e33  HIBERNATE_IRQHandler            
00000e33  HardFault_Handler               
00000e33  I2C0_IRQHandler                 
00000e33  I2C1_IRQHandler                 
00000e33  I2C2_IRQHandler                 
00000e33  I2C3_IRQHandler                 
00000e33  I2C4_IRQHandler                 
00000e33  I2C5_IRQHandler                 
00000e33  I2C6_IRQHandler                 
00000e33  I2C7_IRQHandler                 
00000e33  I2C8_IRQHandler                 
00000e33  I2C9_IRQHandler                 
00000e33  MemManage_Handler               
00000e33  NMI_Handler                     
00000e33  PWM0_0_IRQHandler               
00000e33  PWM0_1_IRQHandler               
00000e33  PWM0_2_IRQHandler               
00000e33  PWM0_3_IRQHandler               
00000e33  PWM0_FAULT_IRQHandler           
00000e33  PendSV_Handler                  
00000e33  QEI0_IRQHandler                 
00002b13  Reset_Handler                   
00000e33  SHA0_IRQHandler                 
00000e33  SSI0_IRQHandler                 
00000e33  SSI1_IRQHandler                 
00000e33  SSI2_IRQHandler                 
00000e33  SSI3_IRQHandler                 
00000e33  SVC_Handler                     
00000e33  SYSCTL_IRQHandler               
00000e33  SYSEXC_IRQHandler               
000015f9  SysCtlClockFreqSet              
00000e33  SysTick_Handler                 
2000361c  SystemCoreClock                 
00002a39  SystemInit                      
00000e33  TAMPER0_IRQHandler              
00000e33  TIMER0A_IRQHandler              
00000e33  TIMER0B_IRQHandler              
00000e33  TIMER1A_IRQHandler              
00000e33  TIMER1B_IRQHandler              
00000e33  TIMER2A_IRQHandler              
00000e33  TIMER2B_IRQHandler              
00000e33  TIMER3A_IRQHandler              
00000e33  TIMER3B_IRQHandler              
00000e33  TIMER4A_IRQHandler              
00000e33  TIMER4B_IRQHandler              
00000e33  TIMER5A_IRQHandler              
00000e33  TIMER5B_IRQHandler              
00000e33  TIMER6A_IRQHandler              
00000e33  TIMER6B_IRQHandler              
00000e33  TIMER7A_IRQHandler              
00000e33  TIMER7B_IRQHandler              
000026fd  TimerControlTrigger             
00000e33  UART0_IRQHandler                
00000e33  UART1_IRQHandler                
00000e33  UART2_IRQHandler                
00000e33  UART3_IRQHandler                
00000e33  UART4_IRQHandler                
00000e33  UART5_IRQHandler                
00000e33  UART6_IRQHandler                
00000e33  UART7_IRQHandler                
0000254d  UARTStdioConfig                 
000029d1  UARTprintf                      
000012ed  UARTvprintf                     
0000275d  UARTwrite                       
00000e33  UDMAERR_IRQHandler              
00000e33  UDMA_IRQHandler                 
00000e33  USB0_IRQHandler                 
00000e33  UsageFault_Handler              
00000e33  WATCHDOG_IRQHandler             
20003610  __STACK_END                     
00000200  __STACK_SIZE                    
20003610  __STACK_TOP                     
00004170  __TI_CINIT_Base                 
00004180  __TI_CINIT_Limit                
00004150  __TI_Handler_Table_Base         
0000415c  __TI_Handler_Table_Limit        
00002845  __TI_auto_init_nobinit_nopinit  
00002695  __TI_decompress_lzss            
00002b05  __TI_decompress_none            
ffffffff  __TI_pprof_out_hndl             
ffffffff  __TI_prof_data_size             
ffffffff  __TI_prof_data_start            
00000000  __TI_static_base__              
00002b1f  __TI_zero_init                  
000027b9  __aeabi_d2iz                    
00001aa3  __aeabi_dadd                    
00001f71  __aeabi_dmul                    
00001a99  __aeabi_dsub                    
00002b2d  __aeabi_errno_addr              
00002979  __aeabi_i2d                     
000012eb  __aeabi_idiv0                   
000012eb  __aeabi_ldiv0                   
000024d1  __aeabi_memclr                  
000024d1  __aeabi_memclr4                 
000024d1  __aeabi_memclr8                 
000023a5  __aeabi_memcpy                  
000023a5  __aeabi_memcpy4                 
000023a5  __aeabi_memcpy8                 
000024d3  __aeabi_memset                  
000024d3  __aeabi_memset4                 
000024d3  __aeabi_memset8                 
000028cd  __aeabi_uidiv                   
000028cd  __aeabi_uidivmod                
ffffffff  __binit__                       
ffffffff  __c_args__                      
UNDEFED   __mpu_init                      
20003410  __stack                         
20000000  __start___llvm_prf_cnts         
20000000  __stop___llvm_prf_cnts          
00002945  _c_int00_noargs                 
UNDEFED   _system_post_cinit              
00002b35  _system_pre_init                
00002b39  abort                           
0000373c  armBitRevIndexTable_fixed_1024  
000022ad  arm_bitreversal_16              
00002243  arm_bitreversal_32              
0000215b  arm_cfft_q15                    
00001c51  arm_cfft_radix4by2_inverse_q15  
00001de1  arm_cfft_radix4by2_q15          
00004118  arm_cfft_sR_q15_len1024         
00002889  arm_cmplx_mag_q15               
000025c1  arm_max_q15                     
0000097d  arm_radix4_butterfly_inverse_q15
00000e35  arm_radix4_butterfly_q15        
000018d9  arm_sqrt_q15                    
ffffffff  binit                           
20003400  dcBuff                          
20003618  errno                           
20002000  fftOutput                       
00000000  interruptVectors                
00000209  main                            
000023a5  memcpy                          
000024d9  memset                          
20003000  pui8ControlTable                
20003404  rmsBuff                         
20003408  rmsCalculation                  
20003615  setBufAReady                    
20003616  setBufBReady                    
000029a9  sqrtf                           
00002b3c  twiddleCoef_1024_q15            


GLOBAL SYMBOLS: SORTED BY Symbol Address 

address   name                            
-------   ----                            
00000000  __TI_static_base__              
00000000  interruptVectors                
00000200  __STACK_SIZE                    
00000209  main                            
0000097d  arm_radix4_butterfly_inverse_q15
00000e33  ADC0SS0_IRQHandler              
00000e33  ADC0SS1_IRQHandler              
00000e33  ADC0SS3_IRQHandler              
00000e33  ADC1SS0_IRQHandler              
00000e33  ADC1SS1_IRQHandler              
00000e33  ADC1SS2_IRQHandler              
00000e33  ADC1SS3_IRQHandler              
00000e33  AES0_IRQHandler                 
00000e33  BusFault_Handler                
00000e33  CAN0_IRQHandler                 
00000e33  CAN1_IRQHandler                 
00000e33  COMP0_IRQHandler                
00000e33  COMP1_IRQHandler                
00000e33  COMP2_IRQHandler                
00000e33  DES0_IRQHandler                 
00000e33  DebugMon_Handler                
00000e33  Default_Handler                 
00000e33  EMAC0_IRQHandler                
00000e33  EPI0_IRQHandler                 
00000e33  FLASH_IRQHandler                
00000e33  GPIOA_IRQHandler                
00000e33  GPIOB_IRQHandler                
00000e33  GPIOC_IRQHandler                
00000e33  GPIOD_IRQHandler                
00000e33  GPIOE_IRQHandler                
00000e33  GPIOF_IRQHandler                
00000e33  GPIOG_IRQHandler                
00000e33  GPIOH_IRQHandler                
00000e33  GPIOJ_IRQHandler                
00000e33  GPIOK_IRQHandler                
00000e33  GPIOL_IRQHandler                
00000e33  GPIOM_IRQHandler                
00000e33  GPION_IRQHandler                
00000e33  GPIOP0_IRQHandler               
00000e33  GPIOP1_IRQHandler               
00000e33  GPIOP2_IRQHandler               
00000e33  GPIOP3_IRQHandler               
00000e33  GPIOP4_IRQHandler               
00000e33  GPIOP5_IRQHandler               
00000e33  GPIOP6_IRQHandler               
00000e33  GPIOP7_IRQHandler               
00000e33  GPIOQ0_IRQHandler               
00000e33  GPIOQ1_IRQHandler               
00000e33  GPIOQ2_IRQHandler               
00000e33  GPIOQ3_IRQHandler               
00000e33  GPIOQ4_IRQHandler               
00000e33  GPIOQ5_IRQHandler               
00000e33  GPIOQ6_IRQHandler               
00000e33  GPIOQ7_IRQHandler               
00000e33  HIBERNATE_IRQHandler            
00000e33  HardFault_Handler               
00000e33  I2C0_IRQHandler                 
00000e33  I2C1_IRQHandler                 
00000e33  I2C2_IRQHandler                 
00000e33  I2C3_IRQHandler                 
00000e33  I2C4_IRQHandler                 
00000e33  I2C5_IRQHandler                 
00000e33  I2C6_IRQHandler                 
00000e33  I2C7_IRQHandler                 
00000e33  I2C8_IRQHandler                 
00000e33  I2C9_IRQHandler                 
00000e33  MemManage_Handler               
00000e33  NMI_Handler                     
00000e33  PWM0_0_IRQHandler               
00000e33  PWM0_1_IRQHandler               
00000e33  PWM0_2_IRQHandler               
00000e33  PWM0_3_IRQHandler               
00000e33  PWM0_FAULT_IRQHandler           
00000e33  PendSV_Handler                  
00000e33  QEI0_IRQHandler                 
00000e33  SHA0_IRQHandler                 
00000e33  SSI0_IRQHandler                 
00000e33  SSI1_IRQHandler                 
00000e33  SSI2_IRQHandler                 
00000e33  SSI3_IRQHandler                 
00000e33  SVC_Handler                     
00000e33  SYSCTL_IRQHandler               
00000e33  SYSEXC_IRQHandler               
00000e33  SysTick_Handler                 
00000e33  TAMPER0_IRQHandler              
00000e33  TIMER0A_IRQHandler              
00000e33  TIMER0B_IRQHandler              
00000e33  TIMER1A_IRQHandler              
00000e33  TIMER1B_IRQHandler              
00000e33  TIMER2A_IRQHandler              
00000e33  TIMER2B_IRQHandler              
00000e33  TIMER3A_IRQHandler              
00000e33  TIMER3B_IRQHandler              
00000e33  TIMER4A_IRQHandler              
00000e33  TIMER4B_IRQHandler              
00000e33  TIMER5A_IRQHandler              
00000e33  TIMER5B_IRQHandler              
00000e33  TIMER6A_IRQHandler              
00000e33  TIMER6B_IRQHandler              
00000e33  TIMER7A_IRQHandler              
00000e33  TIMER7B_IRQHandler              
00000e33  UART0_IRQHandler                
00000e33  UART1_IRQHandler                
00000e33  UART2_IRQHandler                
00000e33  UART3_IRQHandler                
00000e33  UART4_IRQHandler                
00000e33  UART5_IRQHandler                
00000e33  UART6_IRQHandler                
00000e33  UART7_IRQHandler                
00000e33  UDMAERR_IRQHandler              
00000e33  UDMA_IRQHandler                 
00000e33  USB0_IRQHandler                 
00000e33  UsageFault_Handler              
00000e33  WATCHDOG_IRQHandler             
00000e35  arm_radix4_butterfly_q15        
000012eb  __aeabi_idiv0                   
000012eb  __aeabi_ldiv0                   
000012ed  UARTvprintf                     
000015f9  SysCtlClockFreqSet              
000018d9  arm_sqrt_q15                    
00001a99  __aeabi_dsub                    
00001aa3  __aeabi_dadd                    
00001c51  arm_cfft_radix4by2_inverse_q15  
00001de1  arm_cfft_radix4by2_q15          
00001f71  __aeabi_dmul                    
0000206d  ADCSequenceStepConfigure        
0000215b  arm_cfft_q15                    
00002243  arm_bitreversal_32              
000022ad  arm_bitreversal_16              
00002305  ADC0SS2_IRQHandler              
00002305  ADC0SS2_IRQHandler              
000023a5  __aeabi_memcpy                  
000023a5  __aeabi_memcpy4                 
000023a5  __aeabi_memcpy8                 
000023a5  memcpy                          
000024d1  __aeabi_memclr                  
000024d1  __aeabi_memclr4                 
000024d1  __aeabi_memclr8                 
000024d3  __aeabi_memset                  
000024d3  __aeabi_memset4                 
000024d3  __aeabi_memset8                 
000024d9  memset                          
0000254d  UARTStdioConfig                 
000025c1  arm_max_q15                     
0000262d  ConfigureUART                   
00002695  __TI_decompress_lzss            
000026fd  TimerControlTrigger             
0000275d  UARTwrite                       
000027b9  __aeabi_d2iz                    
00002845  __TI_auto_init_nobinit_nopinit  
00002889  arm_cmplx_mag_q15               
000028cd  __aeabi_uidiv                   
000028cd  __aeabi_uidivmod                
00002945  _c_int00_noargs                 
00002979  __aeabi_i2d                     
000029a9  sqrtf                           
000029d1  UARTprintf                      
00002a39  SystemInit                      
00002af3  ADCIntClearEx                   
00002b05  __TI_decompress_none            
00002b13  Reset_Handler                   
00002b1f  __TI_zero_init                  
00002b2d  __aeabi_errno_addr              
00002b35  _system_pre_init                
00002b39  C$$EXIT                         
00002b39  abort                           
00002b3c  twiddleCoef_1024_q15            
0000373c  armBitRevIndexTable_fixed_1024  
00004118  arm_cfft_sR_q15_len1024         
00004150  __TI_Handler_Table_Base         
0000415c  __TI_Handler_Table_Limit        
00004170  __TI_CINIT_Base                 
00004180  __TI_CINIT_Limit                
20000000  __start___llvm_prf_cnts         
20000000  __stop___llvm_prf_cnts          
20002000  fftOutput                       
20003000  pui8ControlTable                
20003400  dcBuff                          
20003404  rmsBuff                         
20003408  rmsCalculation                  
20003410  __stack                         
20003610  __STACK_END                     
20003610  __STACK_TOP                     
20003615  setBufAReady                    
20003616  setBufBReady                    
20003618  errno                           
2000361c  SystemCoreClock                 
ffffffff  __TI_pprof_out_hndl             
ffffffff  __TI_prof_data_size             
ffffffff  __TI_prof_data_start            
ffffffff  __binit__                       
ffffffff  __c_args__                      
ffffffff  binit                           
UNDEFED   __mpu_init                      
UNDEFED   _system_post_cinit              

[195 symbols]
