******************************************************************************
                  TI ARM Linker PC v20.2.5                     
******************************************************************************
>> Linked Sat Nov 13 01:08:25 2021

OUTPUT FILE NAME:   <ADCxDMAxDSP_L.out>
ENTRY POINT SYMBOL: "_c_int00_noargs"  address: 00011625


MEMORY CONFIGURATION

         name            origin    length      used     unused   attr    fill
----------------------  --------  ---------  --------  --------  ----  --------
  FLASH                 00000000   00100000  0001191c  000ee6e4  R  X
  SRAM                  20000000   00040000  00006e70  00039190  RW X


SEGMENT ALLOCATION MAP

run origin  load origin   length   init length attrs members
----------  ----------- ---------- ----------- ----- -------
00000000    00000000    00011920   00011920    r-x
  00000000    00000000    00000208   00000208    r-- .intvecs
  00000208    00000208    0000a4ac   0000a4ac    r-- .const
  0000a6b4    0000a6b4    00007228   00007228    r-x .text
  000118e0    000118e0    00000040   00000040    r-- .cinit
20000000    20000000    00006e70   00000000    rw-
  20000000    20000000    00006c20   00000000    rw- .bss
  20006c20    20006c20    00000200   00000000    rw- .stack
  20006e20    20006e20    00000050   00000000    rw- .data


SECTION ALLOCATION MAP

 output                                  attributes/
section   page    origin      length       input sections
--------  ----  ----------  ----------   ----------------
.intvecs   0    00000000    00000208     
                  00000000    00000208     startup_msp432e401y_ccs.obj (.intvecs:retain)

.const     0    00000208    0000a4ac     
                  00000208    00008000     arm_cortexM4lf_math.a : arm_common_tables.o (.const:twiddleCoef_4096)
                  00008208    00000d5c     oled.obj (.const:asc2_2412)
                  00008f64    00000800     arm_cortexM4lf_math.a : arm_common_tables.o (.const:armBitRevTable)
                  00009764    000005f0     oled.obj (.const:asc2_1608)
                  00009d54    00000474     oled.obj (.const:asc2_1206)
                  0000a1c8    000001b0     msp432e4_driverlib.a : sysctl.o (.const:g_pppui32XTALtoVCO)
                  0000a378    00000158     rtsv7M4_T_le_v4SPD16_eabi.lib : k_rem_pio2.c.obj (.const:$O1$$)
                  0000a4d0    00000101                                   : ctype.c.obj (.const:.string:_ctypes_)
                  0000a5d1    00000003     --HOLE-- [fill = 0]
                  0000a5d4    00000004     uartstdio.obj (.const)
                  0000a5d8    00000030     rtsv7M4_T_le_v4SPD16_eabi.lib : e_pow.c.obj (.const:$O1$$)
                  0000a608    00000030     msp432e4_driverlib.a : sysctl.o (.const:g_sXTALtoMEMTIM)
                  0000a638    00000028                          : sysctl.o (.const:g_pui32Xtals)
                  0000a660    00000020     cmsis_msp432e4_dsp_example.obj (.const:$P$T1$1)
                  0000a680    00000012     uartstdio.obj (.const:.string)
                  0000a692    00000002     --HOLE-- [fill = 0]
                  0000a694    0000000c     uartstdio.obj (.const:g_ui32UARTBase)
                  0000a6a0    0000000c     uartstdio.obj (.const:g_ui32UARTPeriph)
                  0000a6ac    00000008     msp432e4_driverlib.a : sysctl.o (.const:g_pui32VCOFrequencies)

.text      0    0000a6b4    00007228     
                  0000a6b4    00000e24     cmsis_msp432e4_dsp_example.obj (.text:main)
                  0000b4d8    00000a4e     rtsv7M4_T_le_v4SPD16_eabi.lib : _printfi.c.obj (.text:__TI_printfi)
                  0000bf26    00000002     startup_msp432e401y_ccs.obj (.text:Default_Handler)
                  0000bf28    000009d0     rtsv7M4_T_le_v4SPD16_eabi.lib : e_pow.c.obj (.text:pow)
                  0000c8f8    00000738                                   : k_rem_pio2.c.obj (.text:__kernel_rem_pio2)
                  0000d030    00000638     arm_cortexM4lf_math.a : arm_cfft_radix4_f32.o (.text:arm_radix4_butterfly_inverse_f32)
                  0000d668    000005e0     rtsv7M4_T_le_v4SPD16_eabi.lib : s_sin.c.obj (.text:sin)
                  0000dc48    00000394     arm_cortexM4lf_math.a : arm_cfft_radix4_f32.o (.text:arm_radix4_butterfly_f32)
                  0000dfdc    0000030c     uartstdio.obj (.text:UARTvprintf)
                  0000e2e8    000002e0     msp432e4_driverlib.a : sysctl.o (.text:SysCtlClockFreqSet)
                  0000e5c8    00000270     rtsv7M4_T_le_v4SPD16_eabi.lib : _printfi.c.obj (.text:_pconv_a)
                  0000e838    0000023a     msp432e4_driverlib.a : gpio.o (.text:GPIOPadConfigSet)
                  0000ea72    000001fa     arm_cortexM4lf_math.a : arm_bitreversal.o (.text:arm_bitreversal_f32)
                  0000ec6c    000001d0     rtsv7M4_T_le_v4SPD16_eabi.lib : _printfi.c.obj (.text:_pconv_g)
                  0000ee3c    000001b6                                   : fd_add_t2.asm.obj (.text)
                  0000eff2    000001a6     oled.obj (.text:OLED_Showdecimal)
                  0000f198    00000180     cmsis_msp432e4_dsp_example.obj (.text:UART_LY)
                  0000f318    00000174     rtsv7M4_T_le_v4SPD16_eabi.lib : k_sin.c.obj (.text:__kernel_sin)
                  0000f48c    00000170                                   : k_cos.c.obj (.text:__kernel_cos)
                  0000f5fc    00000164     oled.obj (.text:OLED_ShowChar)
                  0000f760    00000158     rtsv7M4_T_le_v4SPD16_eabi.lib : e_sqrt.c.obj (.text:sqrt)
                  0000f8b8    0000013c                                   : _printfi.c.obj (.text:_pconv_e)
                  0000f9f4    00000136                                   : fd_div_t2.asm.obj (.text)
                  0000fb2a    00000002                                   : div0.asm.obj (.text)
                  0000fb2c    00000134     oled.obj (.text:OLED_Init)
                  0000fc60    00000124     rtsv7M4_T_le_v4SPD16_eabi.lib : _printfi.c.obj (.text:fcvt)
                  0000fd84    0000011c     arm_cortexM4lf_math.a : arm_cfft_radix4_init_f32.o (.text:arm_cfft_radix4_init_f32)
                  0000fea0    00000110     rtsv7M4_T_le_v4SPD16_eabi.lib : s_scalbn.c.obj (.text:scalbn)
                  0000ffb0    000000fc                                   : fd_mul_t2.asm.obj (.text)
                  000100ac    000000f8                                   : s_floor.c.obj (.text:floor)
                  000101a4    000000f4     cmsis_msp432e4_dsp_example.obj (.text:ADC0SS2_IRQHandler)
                  00010298    000000ee     msp432e4_driverlib.a : adc.o (.text:ADCSequenceStepConfigure)
                  00010386    00000002     --HOLE-- [fill = 0]
                  00010388    000000cb     oled.obj (.text:Amplitude_Display)
                  00010453    00000001     --HOLE-- [fill = 0]
                  00010454    000000b8     cmsis_msp432e4_dsp_example.obj (.text:f_char_printf)
                  0001050c    000000b1     rtsv7M4_T_le_v4SPD16_eabi.lib : _printfi.c.obj (.text:_ltostr)
                  000105bd    00000003     --HOLE-- [fill = 0]
                  000105c0    0000009c     oled.obj (.text:OLED_ClearPoint)
                  0001065c    0000009c     rtsv7M4_T_le_v4SPD16_eabi.lib : memcpy_t2.asm.obj (.text)
                  000106f8    00000096                                   : ull_div_t2.asm.obj (.text)
                  0001078e    00000002     --HOLE-- [fill = 0]
                  00010790    00000090     msp432e4_driverlib.a : sysctl.o (.text:_SysCtlFrequencyGet)
                  00010820    00000086     rtsv7M4_T_le_v4SPD16_eabi.lib : fd_cmp_t2.asm.obj (.text:__aeabi_cdcmple)
                  000108a6    00000086                                   : fd_cmp_t2.asm.obj (.text:__aeabi_cdrcmple)
                  0001092c    0000007c     oled.obj (.text:OLED_Refresh)
                  000109a8    0000007a     rtsv7M4_T_le_v4SPD16_eabi.lib : memset_t2.asm.obj (.text)
                  00010a22    00000002     --HOLE-- [fill = 0]
                  00010a24    00000078     oled.obj (.text:Send_Byte)
                  00010a9c    00000074     uartstdio.obj (.text:UARTStdioConfig)
                  00010b10    00000074     cmsis_msp432e4_dsp_example.obj (.text:uart_output)
                  00010b84    00000072     oled.obj (.text:OLED_ShowString)
                  00010bf6    0000006e     rtsv7M4_T_le_v4SPD16_eabi.lib : _printfi.c.obj (.text:_mcpy)
                  00010c64    0000006e                                   : fd_tos_t2.asm.obj (.text)
                  00010cd2    00000002     --HOLE-- [fill = 0]
                  00010cd4    00000068     cmsis_msp432e4_dsp_example.obj (.text:ConfigureUART)
                  00010d3c    00000068     rtsv7M4_T_le_v4SPD16_eabi.lib : copy_decompress_lzss.c.obj (.text:decompress:lzss:__TI_decompress_lzss)
                  00010da4    00000068     UART.obj (.text:printf)
                  00010e0c    00000066     arm_cortexM4lf_math.a : arm_cmplx_mag_f32.o (.text:arm_cmplx_mag_f32)
                  00010e72    00000002     --HOLE-- [fill = 0]
                  00010e74    00000064     rtsv7M4_T_le_v4SPD16_eabi.lib : s_frexp.c.obj (.text:frexp)
                  00010ed8    00000060     oled.obj (.text:OLED_Clear)
                  00010f38    00000060     msp432e4_driverlib.a : timer.o (.text:TimerControlTrigger)
                  00010f98    0000005c                          : gpio.o (.text:GPIODirModeSet)
                  00010ff4    0000005c     oled.obj (.text:OLED_DrawPoint)
                  00011050    0000005c     UART.obj (.text:UART7_IRQHandler)
                  000110ac    0000005c     uartstdio.obj (.text:UARTwrite)
                  00011108    00000056     rtsv7M4_T_le_v4SPD16_eabi.lib : _printfi.c.obj (.text:_pconv_f)
                  0001115e    00000056     arm_cortexM4lf_math.a : arm_cfft_radix4_f32.o (.text:arm_cfft_radix4_f32)
                  000111b4    00000054     rtsv7M4_T_le_v4SPD16_eabi.lib : _ltoa.c.obj (.text:__TI_ltoa)
                  00011208    00000052                                   : _printfi.c.obj (.text:_ecpy)
                  0001125a    00000002     --HOLE-- [fill = 0]
                  0001125c    0000004c                                   : atoi.c.obj (.text:atoi)
                  000112a8    00000048     msp432e4_driverlib.a : uart.o (.text:UART9BitAddrSend)
                  000112f0    00000048     rtsv7M4_T_le_v4SPD16_eabi.lib : fd_toi_t2.asm.obj (.text)
                  00011338    00000044     msp432e4_driverlib.a : sysctl.o (.text:SysCtlPeripheralReady)
                  0001137c    00000044                          : sysctl.o (.text:_SysCtlMemTimingGet)
                  000113c0    00000044     rtsv7M4_T_le_v4SPD16_eabi.lib : autoinit.c.obj (.text:__TI_auto_init_nobinit_nopinit:__TI_auto_init_nobinit_nopinit)
                  00011404    00000042     oled.obj (.text:OLED_WR_Byte)
                  00011446    00000002     --HOLE-- [fill = 0]
                  00011448    00000040     msp432e4_driverlib.a : sysctl.o (.text:SysCtlPeripheralEnable)
                  00011488    00000040     oled.obj (.text:Wave_Display)
                  000114c8    00000040     rtsv7M4_T_le_v4SPD16_eabi.lib : u_divt2.asm.obj (.text)
                  00011508    0000003e                                   : _printfi.c.obj (.text:_fcpy)
                  00011546    00000002     --HOLE-- [fill = 0]
                  00011548    00000038     arm_cortexM4lf_math.a : arm_cmplx_mag_f32.o (.text:arm_sqrt_f32)
                  00011580    00000038     rtsv7M4_T_le_v4SPD16_eabi.lib : fs_tod_t2.asm.obj (.text)
                  000115b8    00000036     oled.obj (.text:OLED_DisplayTurn)
                  000115ee    00000002     --HOLE-- [fill = 0]
                  000115f0    00000034     oled.obj (.text:I2C_Start)
                  00011624    00000034     rtsv7M4_T_le_v4SPD16_eabi.lib : boot_cortex_m.c.obj (.text:_c_int00_noargs:_c_int00_noargs)
                  00011658    00000030     oled.obj (.text:OLED_Pow)
                  00011688    0000002e     rtsv7M4_T_le_v4SPD16_eabi.lib : i_tofd_t2.asm.obj (.text)
                  000116b6    00000002     --HOLE-- [fill = 0]
                  000116b8    0000002c     oled.obj (.text:I2C_Stop)
                  000116e4    00000028     rtsv7M4_T_le_v4SPD16_eabi.lib : e_sqrtf.c.obj (.text:sqrtf)
                  0001170c    00000028                                   : vsprintf.c.obj (.text:vsprintf)
                  00011734    00000026     oled.obj (.text:OLED_ColorTurn)
                  0001175a    00000024     msp432e4_driverlib.a : gpio.o (.text:GPIOPinTypeGPIOOutput)
                  0001177e    00000024     uartstdio.obj (.text:UARTprintf)
                  000117a2    00000020     msp432e4_driverlib.a : gpio.o (.text:GPIOPinWrite)
                  000117c2    00000002     --HOLE-- [fill = 0]
                  000117c4    00000020     system_msp432e401y.obj (.text:SystemInit)
                  000117e4    0000001c     oled.obj (.text:I2C_WaitAck)
                  00011800    0000001c     rtsv7M4_T_le_v4SPD16_eabi.lib : memccpy.c.obj (.text:memccpy)
                  0001181c    0000001a                                   : s_copysign.c.obj (.text:copysign)
                  00011836    00000018                                   : vsprintf.c.obj (.text:_outs)
                  0001184e    00000016                                   : strchr.c.obj (.text:strchr)
                  00011864    00000014                                   : strlen.c.obj (.text:strlen)
                  00011878    00000012     msp432e4_driverlib.a : adc.o (.text:ADCIntClearEx)
                  0001188a    00000012     rtsv7M4_T_le_v4SPD16_eabi.lib : wcslen.c.obj (.text:wcslen)
                  0001189c    0000000e                                   : copy_decompress_none.c.obj (.text:decompress:none:__TI_decompress_none)
                  000118aa    0000000c     startup_msp432e401y_ccs.obj (.text:Reset_Handler)
                  000118b6    0000000c     rtsv7M4_T_le_v4SPD16_eabi.lib : copy_zero_init.c.obj (.text:decompress:ZI:__TI_zero_init)
                  000118c2    0000000a                                   : vsprintf.c.obj (.text:_outc)
                  000118cc    00000008                                   : errno.c.obj (.text:__aeabi_errno_addr)
                  000118d4    00000004                                   : pre_init.c.obj (.text:_system_pre_init)
                  000118d8    00000004                                   : exit.c.obj (.text:abort:abort)

.cinit     0    000118e0    00000040     
                  000118e0    00000015     (.cinit..data.load) [load image, compression = lzss]
                  000118f5    00000003     --HOLE-- [fill = 0]
                  000118f8    0000000c     (__TI_handler_table)
                  00011904    00000004     --HOLE-- [fill = 0]
                  00011908    00000008     (.cinit..bss.load) [load image, compression = zero_init]
                  00011910    00000010     (__TI_cinit_table)

.init_array 
*          0    00000000    00000000     UNINITIALIZED

.bss       0    20000000    00006c20     UNINITIALIZED
                  20000000    00002000     (.common:FFT_INPUT)
                  20002000    00002000     (.common:fftOutput)
                  20004000    00001000     cmsis_msp432e4_dsp_example.obj (.bss:dstBufferA)
                  20005000    00001000     (.common:INPUT)
                  20006000    00000480     (.common:OLED_GRAM)
                  20006480    00000258     (.common:USART3_TX_BUF)
                  200066d8    000000f0     (.common:Re_Appear)
                  200067c8    00000014     (.common:scfft)
                  200067dc    00000004     (.common:dcBuff)
                  200067e0    00000004     (.common:delta)
                  200067e4    00000004     (.common:dis_freq)
                  200067e8    00000004     (.common:emo)
                  200067ec    00000004     (.common:heng)
                  200067f0    00000004     (.common:heng_Fre)
                  200067f4    00000004     (.common:i)
                  200067f8    00000004     (.common:maxxxx)
                  200067fc    00000004     (.common:minnnn)
                  20006800    00000400     (.common:pui8ControlTable)
                  20006c00    00000004     (.common:num1)
                  20006c04    00000004     (.common:num2)
                  20006c08    00000004     (.common:num3)
                  20006c0c    00000004     (.common:num4)
                  20006c10    00000004     (.common:qwe)
                  20006c14    00000004     (.common:rms)
                  20006c18    00000004     (.common:rmsBuff)
                  20006c1c    00000004     (.common:sum)

.data      0    20006e20    00000050     UNINITIALIZED
                  20006e20    0000002b     cmsis_msp432e4_dsp_example.obj (.data)
                  20006e4b    00000001     --HOLE--
                  20006e4c    00000014     cmsis_msp432e4_dsp_example.obj (.data:Amp)
                  20006e60    00000005     uartstdio.obj (.data)
                  20006e65    00000003     --HOLE--
                  20006e68    00000004     rtsv7M4_T_le_v4SPD16_eabi.lib : errno.c.obj (.data)
                  20006e6c    00000004     system_msp432e401y.obj (.data)

.stack     0    20006c20    00000200     UNINITIALIZED
                  20006c20    00000004     rtsv7M4_T_le_v4SPD16_eabi.lib : boot_cortex_m.c.obj (.stack)
                  20006c24    000001fc     --HOLE--

__llvm_prf_cnts 
*          0    20000000    00000000     UNINITIALIZED

MODULE SUMMARY

       Module                           code    ro data   rw data
       ------                           ----    -------   -------
    .\
       cmsis_msp432e4_dsp_example.obj   4652    32        24963  
       oled.obj                         2385    6080      1156   
       UART.obj                         196     0         1624   
       uartstdio.obj                    1024    46        5      
       system_msp432e401y.obj           32      0         4      
    +--+--------------------------------+-------+---------+---------+
       Total:                           8289    6158      27752  
                                                                 
    .\ccs\
       startup_msp432e401y_ccs.obj      14      520       0      
    +--+--------------------------------+-------+---------+---------+
       Total:                           14      520       0      
                                                                 
    D:/Program file/ti/simplelink_msp432e4_sdk_4_20_00_12/source/third_party/CMSIS/DSP_Lib/lib/ccs/m4f/arm_cortexM4lf_math.a
       arm_common_tables.o              0       34816     0      
       arm_cfft_radix4_f32.o            2594    0         0      
       arm_bitreversal.o                506     0         0      
       arm_cfft_radix4_init_f32.o       284     0         0      
       arm_cmplx_mag_f32.o              158     0         0      
    +--+--------------------------------+-------+---------+---------+
       Total:                           3542    34816     0      
                                                                 
    D:/Program file/ti/simplelink_msp432e4_sdk_4_20_00_12/source/ti/devices/msp432e4/driverlib/lib/ccs/m4f/msp432e4_driverlib.a
       sysctl.o                         1080    528       0      
       gpio.o                           730     0         0      
       adc.o                            256     0         0      
       timer.o                          96      0         0      
       uart.o                           72      0         0      
    +--+--------------------------------+-------+---------+---------+
       Total:                           2234    528       0      
                                                                 
    D:\Program file\ti\ccs\tools\compiler\ti-cgt-arm_20.2.5.LTS\lib\rtsv7M4_T_le_v4SPD16_eabi.lib
       _printfi.c.obj                   4851    0         0      
       e_pow.c.obj                      2512    48        0      
       k_rem_pio2.c.obj                 1848    344       0      
       s_sin.c.obj                      1504    0         0      
       fd_add_t2.asm.obj                438     0         0      
       k_sin.c.obj                      372     0         0      
       k_cos.c.obj                      368     0         0      
       e_sqrt.c.obj                     344     0         0      
       fd_div_t2.asm.obj                310     0         0      
       s_scalbn.c.obj                   272     0         0      
       fd_cmp_t2.asm.obj                268     0         0      
       ctype.c.obj                      0       257       0      
       fd_mul_t2.asm.obj                252     0         0      
       s_floor.c.obj                    248     0         0      
       memcpy_t2.asm.obj                156     0         0      
       ull_div_t2.asm.obj               150     0         0      
       memset_t2.asm.obj                122     0         0      
       fd_tos_t2.asm.obj                110     0         0      
       copy_decompress_lzss.c.obj       104     0         0      
       s_frexp.c.obj                    100     0         0      
       _ltoa.c.obj                      84      0         0      
       atoi.c.obj                       76      0         0      
       vsprintf.c.obj                   74      0         0      
       fd_toi_t2.asm.obj                72      0         0      
       autoinit.c.obj                   68      0         0      
       u_divt2.asm.obj                  64      0         0      
       fs_tod_t2.asm.obj                56      0         0      
       boot_cortex_m.c.obj              52      0         0      
       i_tofd_t2.asm.obj                46      0         0      
       e_sqrtf.c.obj                    40      0         0      
       memccpy.c.obj                    28      0         0      
       s_copysign.c.obj                 26      0         0      
       strchr.c.obj                     22      0         0      
       strlen.c.obj                     20      0         0      
       wcslen.c.obj                     18      0         0      
       copy_decompress_none.c.obj       14      0         0      
       copy_zero_init.c.obj             12      0         0      
       errno.c.obj                      8       0         4      
       exit.c.obj                       4       0         0      
       pre_init.c.obj                   4       0         0      
       div0.asm.obj                     2       0         0      
    +--+--------------------------------+-------+---------+---------+
       Total:                           15119   649       4      
                                                                 
       Stack:                           0       0         512    
       Linker Generated:                0       57        0      
    +--+--------------------------------+-------+---------+---------+
       Grand Total:                     29198   42728     28268  


LINKER GENERATED COPY TABLES

__TI_cinit_table @ 00011910 records: 2, size/record: 8, table size: 16
	.data: load addr=000118e0, load size=00000015 bytes, run addr=20006e20, run size=00000050 bytes, compression=lzss
	.bss: load addr=00011908, load size=00000008 bytes, run addr=20000000, run size=00006c20 bytes, compression=zero_init


LINKER GENERATED HANDLER TABLE

__TI_handler_table @ 000118f8 records: 3, size/record: 4, table size: 12
	index: 0, handler: __TI_decompress_lzss
	index: 1, handler: __TI_decompress_none
	index: 2, handler: __TI_zero_init


GLOBAL SYMBOLS: SORTED ALPHABETICALLY BY Name 

address   name                            
-------   ----                            
0000bf27  ADC0SS0_IRQHandler              
0000bf27  ADC0SS1_IRQHandler              
000101a5  ADC0SS2_IRQHandler              
000101a5  ADC0SS2_IRQHandler              
0000bf27  ADC0SS3_IRQHandler              
0000bf27  ADC1SS0_IRQHandler              
0000bf27  ADC1SS1_IRQHandler              
0000bf27  ADC1SS2_IRQHandler              
0000bf27  ADC1SS3_IRQHandler              
00011879  ADCIntClearEx                   
00010299  ADCSequenceStepConfigure        
0000bf27  AES0_IRQHandler                 
20006e4c  Amp                             
00010389  Amplitude_Display               
0000bf27  BusFault_Handler                
000118d9  C$$EXIT                         
0000bf27  CAN0_IRQHandler                 
0000bf27  CAN1_IRQHandler                 
0000bf27  COMP0_IRQHandler                
0000bf27  COMP1_IRQHandler                
0000bf27  COMP2_IRQHandler                
00010cd5  ConfigureUART                   
0000bf27  DES0_IRQHandler                 
0000bf27  DebugMon_Handler                
0000bf27  Default_Handler                 
0000bf27  EMAC0_IRQHandler                
0000bf27  EPI0_IRQHandler                 
20000000  FFT_INPUT                       
0000bf27  FLASH_IRQHandler                
20006e46  Flag_A                          
20006e47  Fre_Flag                        
0000bf27  GPIOA_IRQHandler                
0000bf27  GPIOB_IRQHandler                
0000bf27  GPIOC_IRQHandler                
0000bf27  GPIOD_IRQHandler                
00010f99  GPIODirModeSet                  
0000bf27  GPIOE_IRQHandler                
0000bf27  GPIOF_IRQHandler                
0000bf27  GPIOG_IRQHandler                
0000bf27  GPIOH_IRQHandler                
0000bf27  GPIOJ_IRQHandler                
0000bf27  GPIOK_IRQHandler                
0000bf27  GPIOL_IRQHandler                
0000bf27  GPIOM_IRQHandler                
0000bf27  GPION_IRQHandler                
0000bf27  GPIOP0_IRQHandler               
0000bf27  GPIOP1_IRQHandler               
0000bf27  GPIOP2_IRQHandler               
0000bf27  GPIOP3_IRQHandler               
0000bf27  GPIOP4_IRQHandler               
0000bf27  GPIOP5_IRQHandler               
0000bf27  GPIOP6_IRQHandler               
0000bf27  GPIOP7_IRQHandler               
0000e839  GPIOPadConfigSet                
0001175b  GPIOPinTypeGPIOOutput           
000117a3  GPIOPinWrite                    
0000bf27  GPIOQ0_IRQHandler               
0000bf27  GPIOQ1_IRQHandler               
0000bf27  GPIOQ2_IRQHandler               
0000bf27  GPIOQ3_IRQHandler               
0000bf27  GPIOQ4_IRQHandler               
0000bf27  GPIOQ5_IRQHandler               
0000bf27  GPIOQ6_IRQHandler               
0000bf27  GPIOQ7_IRQHandler               
0000bf27  HIBERNATE_IRQHandler            
0000bf27  HardFault_Handler               
0000bf27  I2C0_IRQHandler                 
0000bf27  I2C1_IRQHandler                 
0000bf27  I2C2_IRQHandler                 
0000bf27  I2C3_IRQHandler                 
0000bf27  I2C4_IRQHandler                 
0000bf27  I2C5_IRQHandler                 
0000bf27  I2C6_IRQHandler                 
0000bf27  I2C7_IRQHandler                 
0000bf27  I2C8_IRQHandler                 
0000bf27  I2C9_IRQHandler                 
000115f1  I2C_Start                       
000116b9  I2C_Stop                        
000117e5  I2C_WaitAck                     
20005000  INPUT                           
20006e2c  MAX                             
20006e30  MAX1                            
20006e34  MAX2                            
20006e38  MAX3                            
20006e3c  MAX4                            
20006e40  MAX_Fre                         
0000bf27  MemManage_Handler               
0000bf27  NMI_Handler                     
00010ed9  OLED_Clear                      
000105c1  OLED_ClearPoint                 
00011735  OLED_ColorTurn                  
000115b9  OLED_DisplayTurn                
00010ff5  OLED_DrawPoint                  
20006000  OLED_GRAM                       
0000fb2d  OLED_Init                       
00011659  OLED_Pow                        
0001092d  OLED_Refresh                    
0000f5fd  OLED_ShowChar                   
00010b85  OLED_ShowString                 
0000eff3  OLED_Showdecimal                
00011405  OLED_WR_Byte                    
0000bf27  PWM0_0_IRQHandler               
0000bf27  PWM0_1_IRQHandler               
0000bf27  PWM0_2_IRQHandler               
0000bf27  PWM0_3_IRQHandler               
0000bf27  PWM0_FAULT_IRQHandler           
0000bf27  PendSV_Handler                  
0000bf27  QEI0_IRQHandler                 
200066d8  Re_Appear                       
000118ab  Reset_Handler                   
20006e20  SAMP_FREQ                       
0000bf27  SHA0_IRQHandler                 
0000bf27  SSI0_IRQHandler                 
0000bf27  SSI1_IRQHandler                 
0000bf27  SSI2_IRQHandler                 
0000bf27  SSI3_IRQHandler                 
0000bf27  SVC_Handler                     
0000bf27  SYSCTL_IRQHandler               
0000bf27  SYSEXC_IRQHandler               
20006e48  S_Flag                          
00010a25  Send_Byte                       
0000e2e9  SysCtlClockFreqSet              
00011449  SysCtlPeripheralEnable          
00011339  SysCtlPeripheralReady           
0000bf27  SysTick_Handler                 
20006e6c  SystemCoreClock                 
000117c5  SystemInit                      
0000bf27  TAMPER0_IRQHandler              
20006e28  THDx                            
0000bf27  TIMER0A_IRQHandler              
0000bf27  TIMER0B_IRQHandler              
0000bf27  TIMER1A_IRQHandler              
0000bf27  TIMER1B_IRQHandler              
0000bf27  TIMER2A_IRQHandler              
0000bf27  TIMER2B_IRQHandler              
0000bf27  TIMER3A_IRQHandler              
0000bf27  TIMER3B_IRQHandler              
0000bf27  TIMER4A_IRQHandler              
0000bf27  TIMER4B_IRQHandler              
0000bf27  TIMER5A_IRQHandler              
0000bf27  TIMER5B_IRQHandler              
0000bf27  TIMER6A_IRQHandler              
0000bf27  TIMER6B_IRQHandler              
0000bf27  TIMER7A_IRQHandler              
0000bf27  TIMER7B_IRQHandler              
00010f39  TimerControlTrigger             
0000bf27  UART0_IRQHandler                
0000bf27  UART1_IRQHandler                
0000bf27  UART2_IRQHandler                
0000bf27  UART3_IRQHandler                
0000bf27  UART4_IRQHandler                
0000bf27  UART5_IRQHandler                
0000bf27  UART6_IRQHandler                
00011051  UART7_IRQHandler                
00011051  UART7_IRQHandler                
000112a9  UART9BitAddrSend                
00010a9d  UARTStdioConfig                 
0000f199  UART_LY                         
0001177f  UARTprintf                      
0000dfdd  UARTvprintf                     
000110ad  UARTwrite                       
0000bf27  UDMAERR_IRQHandler              
0000bf27  UDMA_IRQHandler                 
20006480  USART3_TX_BUF                   
0000bf27  USB0_IRQHandler                 
0000bf27  UsageFault_Handler              
0000bf27  WATCHDOG_IRQHandler             
00011489  Wave_Display                    
20006e20  __STACK_END                     
00000200  __STACK_SIZE                    
20006e20  __STACK_TOP                     
00011910  __TI_CINIT_Base                 
00011920  __TI_CINIT_Limit                
000118f8  __TI_Handler_Table_Base         
00011904  __TI_Handler_Table_Limit        
000113c1  __TI_auto_init_nobinit_nopinit  
00010d3d  __TI_decompress_lzss            
0001189d  __TI_decompress_none            
000111b5  __TI_ltoa                       
ffffffff  __TI_pprof_out_hndl             
0000b4d9  __TI_printfi                    
ffffffff  __TI_prof_data_size             
ffffffff  __TI_prof_data_start            
00000000  __TI_static_base__              
000118b7  __TI_zero_init                  
00010821  __aeabi_cdcmpeq                 
00010821  __aeabi_cdcmple                 
000108a7  __aeabi_cdrcmple                
00010c65  __aeabi_d2f                     
000112f1  __aeabi_d2iz                    
0000ee47  __aeabi_dadd                    
0000f9f5  __aeabi_ddiv                    
0000ffb1  __aeabi_dmul                    
0000ee3d  __aeabi_dsub                    
000118cd  __aeabi_errno_addr              
00011581  __aeabi_f2d                     
00011689  __aeabi_i2d                     
0000fb2b  __aeabi_idiv0                   
0000fb2b  __aeabi_ldiv0                   
000109a9  __aeabi_memclr                  
000109a9  __aeabi_memclr4                 
000109a9  __aeabi_memclr8                 
0001065d  __aeabi_memcpy                  
0001065d  __aeabi_memcpy4                 
0001065d  __aeabi_memcpy8                 
000109ab  __aeabi_memset                  
000109ab  __aeabi_memset4                 
000109ab  __aeabi_memset8                 
000114c9  __aeabi_uidiv                   
000114c9  __aeabi_uidivmod                
000106f9  __aeabi_uldivmod                
ffffffff  __binit__                       
ffffffff  __c_args__                      
0000f48d  __kernel_cos                    
0000c8f9  __kernel_rem_pio2               
0000f319  __kernel_sin                    
UNDEFED   __mpu_init                      
20006c20  __stack                         
20000000  __start___llvm_prf_cnts         
20000000  __stop___llvm_prf_cnts          
00011625  _c_int00_noargs                 
0000a4d0  _ctypes_                        
UNDEFED   _system_post_cinit              
000118d5  _system_pre_init                
000118d9  abort                           
00008f64  armBitRevTable                  
0000ea73  arm_bitreversal_f32             
0001115f  arm_cfft_radix4_f32             
0000fd85  arm_cfft_radix4_init_f32        
00010e0d  arm_cmplx_mag_f32               
0000dc49  arm_radix4_butterfly_f32        
0000d031  arm_radix4_butterfly_inverse_f32
00009d54  asc2_1206                       
00009764  asc2_1608                       
00008208  asc2_2412                       
0001125d  atoi                            
ffffffff  binit                           
0001181d  copysign                        
0001181d  copysignl                       
200067dc  dcBuff                          
200067e0  delta                           
200067e4  dis_freq                        
200067e8  emo                             
20006e45  emp                             
20006e68  errno                           
00010455  f_char_printf                   
20002000  fftOutput                       
000100ad  floor                           
000100ad  floorl                          
00010e75  frexp                           
00010e75  frexpl                          
200067ec  heng                            
200067f0  heng_Fre                        
200067f4  i                               
00000000  interruptVectors                
0000fea1  ldexp                           
0000fea1  ldexpl                          
0000a6b5  main                            
200067f8  maxxxx                          
20006e24  mean                            
00011801  memccpy                         
0001065d  memcpy                          
000109b1  memset                          
200067fc  minnnn                          
20006c00  num1                            
20006c04  num2                            
20006c08  num3                            
20006c0c  num4                            
0000bf29  pow                             
0000bf29  powl                            
00010da5  printf                          
20006800  pui8ControlTable                
20006c10  qwe                             
20006c14  rms                             
20006c18  rmsBuff                         
0000fea1  scalbn                          
0000fea1  scalbnl                         
200067c8  scfft                           
20006e49  setBufAReady                    
20006e4a  setBufBReady                    
0000d669  sin                             
0000d669  sinl                            
0000f761  sqrt                            
000116e5  sqrtf                           
0000f761  sqrtl                           
0001184f  strchr                          
00011865  strlen                          
20006c1c  sum                             
20006e44  turn                            
00000208  twiddleCoef_4096                
00010b11  uart_output                     
0001170d  vsprintf                        
0001188b  wcslen                          


GLOBAL SYMBOLS: SORTED BY Symbol Address 

address   name                            
-------   ----                            
00000000  __TI_static_base__              
00000000  interruptVectors                
00000200  __STACK_SIZE                    
00000208  twiddleCoef_4096                
00008208  asc2_2412                       
00008f64  armBitRevTable                  
00009764  asc2_1608                       
00009d54  asc2_1206                       
0000a4d0  _ctypes_                        
0000a6b5  main                            
0000b4d9  __TI_printfi                    
0000bf27  ADC0SS0_IRQHandler              
0000bf27  ADC0SS1_IRQHandler              
0000bf27  ADC0SS3_IRQHandler              
0000bf27  ADC1SS0_IRQHandler              
0000bf27  ADC1SS1_IRQHandler              
0000bf27  ADC1SS2_IRQHandler              
0000bf27  ADC1SS3_IRQHandler              
0000bf27  AES0_IRQHandler                 
0000bf27  BusFault_Handler                
0000bf27  CAN0_IRQHandler                 
0000bf27  CAN1_IRQHandler                 
0000bf27  COMP0_IRQHandler                
0000bf27  COMP1_IRQHandler                
0000bf27  COMP2_IRQHandler                
0000bf27  DES0_IRQHandler                 
0000bf27  DebugMon_Handler                
0000bf27  Default_Handler                 
0000bf27  EMAC0_IRQHandler                
0000bf27  EPI0_IRQHandler                 
0000bf27  FLASH_IRQHandler                
0000bf27  GPIOA_IRQHandler                
0000bf27  GPIOB_IRQHandler                
0000bf27  GPIOC_IRQHandler                
0000bf27  GPIOD_IRQHandler                
0000bf27  GPIOE_IRQHandler                
0000bf27  GPIOF_IRQHandler                
0000bf27  GPIOG_IRQHandler                
0000bf27  GPIOH_IRQHandler                
0000bf27  GPIOJ_IRQHandler                
0000bf27  GPIOK_IRQHandler                
0000bf27  GPIOL_IRQHandler                
0000bf27  GPIOM_IRQHandler                
0000bf27  GPION_IRQHandler                
0000bf27  GPIOP0_IRQHandler               
0000bf27  GPIOP1_IRQHandler               
0000bf27  GPIOP2_IRQHandler               
0000bf27  GPIOP3_IRQHandler               
0000bf27  GPIOP4_IRQHandler               
0000bf27  GPIOP5_IRQHandler               
0000bf27  GPIOP6_IRQHandler               
0000bf27  GPIOP7_IRQHandler               
0000bf27  GPIOQ0_IRQHandler               
0000bf27  GPIOQ1_IRQHandler               
0000bf27  GPIOQ2_IRQHandler               
0000bf27  GPIOQ3_IRQHandler               
0000bf27  GPIOQ4_IRQHandler               
0000bf27  GPIOQ5_IRQHandler               
0000bf27  GPIOQ6_IRQHandler               
0000bf27  GPIOQ7_IRQHandler               
0000bf27  HIBERNATE_IRQHandler            
0000bf27  HardFault_Handler               
0000bf27  I2C0_IRQHandler                 
0000bf27  I2C1_IRQHandler                 
0000bf27  I2C2_IRQHandler                 
0000bf27  I2C3_IRQHandler                 
0000bf27  I2C4_IRQHandler                 
0000bf27  I2C5_IRQHandler                 
0000bf27  I2C6_IRQHandler                 
0000bf27  I2C7_IRQHandler                 
0000bf27  I2C8_IRQHandler                 
0000bf27  I2C9_IRQHandler                 
0000bf27  MemManage_Handler               
0000bf27  NMI_Handler                     
0000bf27  PWM0_0_IRQHandler               
0000bf27  PWM0_1_IRQHandler               
0000bf27  PWM0_2_IRQHandler               
0000bf27  PWM0_3_IRQHandler               
0000bf27  PWM0_FAULT_IRQHandler           
0000bf27  PendSV_Handler                  
0000bf27  QEI0_IRQHandler                 
0000bf27  SHA0_IRQHandler                 
0000bf27  SSI0_IRQHandler                 
0000bf27  SSI1_IRQHandler                 
0000bf27  SSI2_IRQHandler                 
0000bf27  SSI3_IRQHandler                 
0000bf27  SVC_Handler                     
0000bf27  SYSCTL_IRQHandler               
0000bf27  SYSEXC_IRQHandler               
0000bf27  SysTick_Handler                 
0000bf27  TAMPER0_IRQHandler              
0000bf27  TIMER0A_IRQHandler              
0000bf27  TIMER0B_IRQHandler              
0000bf27  TIMER1A_IRQHandler              
0000bf27  TIMER1B_IRQHandler              
0000bf27  TIMER2A_IRQHandler              
0000bf27  TIMER2B_IRQHandler              
0000bf27  TIMER3A_IRQHandler              
0000bf27  TIMER3B_IRQHandler              
0000bf27  TIMER4A_IRQHandler              
0000bf27  TIMER4B_IRQHandler              
0000bf27  TIMER5A_IRQHandler              
0000bf27  TIMER5B_IRQHandler              
0000bf27  TIMER6A_IRQHandler              
0000bf27  TIMER6B_IRQHandler              
0000bf27  TIMER7A_IRQHandler              
0000bf27  TIMER7B_IRQHandler              
0000bf27  UART0_IRQHandler                
0000bf27  UART1_IRQHandler                
0000bf27  UART2_IRQHandler                
0000bf27  UART3_IRQHandler                
0000bf27  UART4_IRQHandler                
0000bf27  UART5_IRQHandler                
0000bf27  UART6_IRQHandler                
0000bf27  UDMAERR_IRQHandler              
0000bf27  UDMA_IRQHandler                 
0000bf27  USB0_IRQHandler                 
0000bf27  UsageFault_Handler              
0000bf27  WATCHDOG_IRQHandler             
0000bf29  pow                             
0000bf29  powl                            
0000c8f9  __kernel_rem_pio2               
0000d031  arm_radix4_butterfly_inverse_f32
0000d669  sin                             
0000d669  sinl                            
0000dc49  arm_radix4_butterfly_f32        
0000dfdd  UARTvprintf                     
0000e2e9  SysCtlClockFreqSet              
0000e839  GPIOPadConfigSet                
0000ea73  arm_bitreversal_f32             
0000ee3d  __aeabi_dsub                    
0000ee47  __aeabi_dadd                    
0000eff3  OLED_Showdecimal                
0000f199  UART_LY                         
0000f319  __kernel_sin                    
0000f48d  __kernel_cos                    
0000f5fd  OLED_ShowChar                   
0000f761  sqrt                            
0000f761  sqrtl                           
0000f9f5  __aeabi_ddiv                    
0000fb2b  __aeabi_idiv0                   
0000fb2b  __aeabi_ldiv0                   
0000fb2d  OLED_Init                       
0000fd85  arm_cfft_radix4_init_f32        
0000fea1  ldexp                           
0000fea1  ldexpl                          
0000fea1  scalbn                          
0000fea1  scalbnl                         
0000ffb1  __aeabi_dmul                    
000100ad  floor                           
000100ad  floorl                          
000101a5  ADC0SS2_IRQHandler              
000101a5  ADC0SS2_IRQHandler              
00010299  ADCSequenceStepConfigure        
00010389  Amplitude_Display               
00010455  f_char_printf                   
000105c1  OLED_ClearPoint                 
0001065d  __aeabi_memcpy                  
0001065d  __aeabi_memcpy4                 
0001065d  __aeabi_memcpy8                 
0001065d  memcpy                          
000106f9  __aeabi_uldivmod                
00010821  __aeabi_cdcmpeq                 
00010821  __aeabi_cdcmple                 
000108a7  __aeabi_cdrcmple                
0001092d  OLED_Refresh                    
000109a9  __aeabi_memclr                  
000109a9  __aeabi_memclr4                 
000109a9  __aeabi_memclr8                 
000109ab  __aeabi_memset                  
000109ab  __aeabi_memset4                 
000109ab  __aeabi_memset8                 
000109b1  memset                          
00010a25  Send_Byte                       
00010a9d  UARTStdioConfig                 
00010b11  uart_output                     
00010b85  OLED_ShowString                 
00010c65  __aeabi_d2f                     
00010cd5  ConfigureUART                   
00010d3d  __TI_decompress_lzss            
00010da5  printf                          
00010e0d  arm_cmplx_mag_f32               
00010e75  frexp                           
00010e75  frexpl                          
00010ed9  OLED_Clear                      
00010f39  TimerControlTrigger             
00010f99  GPIODirModeSet                  
00010ff5  OLED_DrawPoint                  
00011051  UART7_IRQHandler                
00011051  UART7_IRQHandler                
000110ad  UARTwrite                       
0001115f  arm_cfft_radix4_f32             
000111b5  __TI_ltoa                       
0001125d  atoi                            
000112a9  UART9BitAddrSend                
000112f1  __aeabi_d2iz                    
00011339  SysCtlPeripheralReady           
000113c1  __TI_auto_init_nobinit_nopinit  
00011405  OLED_WR_Byte                    
00011449  SysCtlPeripheralEnable          
00011489  Wave_Display                    
000114c9  __aeabi_uidiv                   
000114c9  __aeabi_uidivmod                
00011581  __aeabi_f2d                     
000115b9  OLED_DisplayTurn                
000115f1  I2C_Start                       
00011625  _c_int00_noargs                 
00011659  OLED_Pow                        
00011689  __aeabi_i2d                     
000116b9  I2C_Stop                        
000116e5  sqrtf                           
0001170d  vsprintf                        
00011735  OLED_ColorTurn                  
0001175b  GPIOPinTypeGPIOOutput           
0001177f  UARTprintf                      
000117a3  GPIOPinWrite                    
000117c5  SystemInit                      
000117e5  I2C_WaitAck                     
00011801  memccpy                         
0001181d  copysign                        
0001181d  copysignl                       
0001184f  strchr                          
00011865  strlen                          
00011879  ADCIntClearEx                   
0001188b  wcslen                          
0001189d  __TI_decompress_none            
000118ab  Reset_Handler                   
000118b7  __TI_zero_init                  
000118cd  __aeabi_errno_addr              
000118d5  _system_pre_init                
000118d9  C$$EXIT                         
000118d9  abort                           
000118f8  __TI_Handler_Table_Base         
00011904  __TI_Handler_Table_Limit        
00011910  __TI_CINIT_Base                 
00011920  __TI_CINIT_Limit                
20000000  FFT_INPUT                       
20000000  __start___llvm_prf_cnts         
20000000  __stop___llvm_prf_cnts          
20002000  fftOutput                       
20005000  INPUT                           
20006000  OLED_GRAM                       
20006480  USART3_TX_BUF                   
200066d8  Re_Appear                       
200067c8  scfft                           
200067dc  dcBuff                          
200067e0  delta                           
200067e4  dis_freq                        
200067e8  emo                             
200067ec  heng                            
200067f0  heng_Fre                        
200067f4  i                               
200067f8  maxxxx                          
200067fc  minnnn                          
20006800  pui8ControlTable                
20006c00  num1                            
20006c04  num2                            
20006c08  num3                            
20006c0c  num4                            
20006c10  qwe                             
20006c14  rms                             
20006c18  rmsBuff                         
20006c1c  sum                             
20006c20  __stack                         
20006e20  SAMP_FREQ                       
20006e20  __STACK_END                     
20006e20  __STACK_TOP                     
20006e24  mean                            
20006e28  THDx                            
20006e2c  MAX                             
20006e30  MAX1                            
20006e34  MAX2                            
20006e38  MAX3                            
20006e3c  MAX4                            
20006e40  MAX_Fre                         
20006e44  turn                            
20006e45  emp                             
20006e46  Flag_A                          
20006e47  Fre_Flag                        
20006e48  S_Flag                          
20006e49  setBufAReady                    
20006e4a  setBufBReady                    
20006e4c  Amp                             
20006e68  errno                           
20006e6c  SystemCoreClock                 
ffffffff  __TI_pprof_out_hndl             
ffffffff  __TI_prof_data_size             
ffffffff  __TI_prof_data_start            
ffffffff  __binit__                       
ffffffff  __c_args__                      
ffffffff  binit                           
UNDEFED   __mpu_init                      
UNDEFED   _system_post_cinit              

[293 symbols]
